../Core/Src/main.c:102:5:main	1
../Core/Src/main.c:174:6:SystemClock_Config	4
../Core/Src/main.c:220:13:MX_ADC1_Init	4
../Core/Src/main.c:276:13:MX_I2C1_Init	2
../Core/Src/main.c:310:13:MX_TIM1_Init	7
../Core/Src/main.c:383:13:MX_TIM3_Init	6
../Core/Src/main.c:440:13:MX_DMA_Init	1
../Core/Src/main.c:461:13:MX_GPIO_Init	1
../Core/Src/main.c:496:6:Gerenciar_Genius	18
../Core/Src/main.c:589:6:UserLed	4
../Core/Src/main.c:608:6:Test_Joystick_diretions	10
../Core/Src/main.c:644:6:WriteOled	16
../Core/Src/main.c:728:14:AdicionarCorNaSequencia	9
../Core/Src/main.c:760:6:Error_Handler	1
