../Core/Src/main.c:111:5:main	1
../Core/Src/main.c:186:6:SystemClock_Config	4
../Core/Src/main.c:232:13:MX_ADC1_Init	4
../Core/Src/main.c:288:13:MX_I2C1_Init	2
../Core/Src/main.c:322:13:MX_TIM1_Init	7
../Core/Src/main.c:395:13:MX_TIM2_Init	4
../Core/Src/main.c:444:13:MX_TIM3_Init	4
../Core/Src/main.c:487:13:MX_DMA_Init	1
../Core/Src/main.c:508:13:MX_GPIO_Init	1
../Core/Src/main.c:554:6:HAL_GPIO_EXTI_Callback	2
../Core/Src/main.c:571:6:Gerenciar_Genius	40
../Core/Src/main.c:754:6:UserLed	4
../Core/Src/main.c:776:6:Joystick_diretions	10
../Core/Src/main.c:810:6:WriteOled	20
../Core/Src/main.c:894:14:AdicionarCorNaSequencia	9
../Core/Src/main.c:915:6:Error_Handler	1
