16:12:33 **** Incremental Build of configuration Debug for project MICRO_P02_Q1_ALYSSON_VICTORIA ****
make -j4 all 
arm-none-eabi-gcc "../Core/Src/main.c" -mcpu=cortex-m3 -std=gnu11 -g3 -DDEBUG -DUSE_HAL_DRIVER -DSTM32F103xB -c -I../Core/Inc -I../Drivers/STM32F1xx_HAL_Driver/Inc/Legacy -I../Drivers/STM32F1xx_HAL_Driver/Inc -I../Drivers/CMSIS/Device/ST/STM32F1xx/Include -I../Drivers/CMSIS/Include -O0 -ffunction-sections -fdata-sections -Wall -fstack-usage -fcyclomatic-complexity -MMD -MP -MF"Core/Src/main.d" -MT"Core/Src/main.o" --specs=nano.specs -mfloat-abi=soft -mthumb -o "Core/Src/main.o"
arm-none-eabi-gcc -o "MICRO_P02_Q1_ALYSSON_VICTORIA.elf" @"objects.list"   -mcpu=cortex-m3 -T"C:\Users\mvict\OneDrive\Documentos\UFPE\Microcomputadores\MICRO_P02_Q1_ALYSSON_VICTORIA\STM32F103C8TX_FLASH.ld" --specs=nosys.specs -Wl,-Map="MICRO_P02_Q1_ALYSSON_VICTORIA.map" -Wl,--gc-sections -static --specs=nano.specs -mfloat-abi=soft -mthumb -Wl,--start-group -lc -lm -Wl,--end-group
Finished building target: MICRO_P02_Q1_ALYSSON_VICTORIA.elf
 
arm-none-eabi-size  MICRO_P02_Q1_ALYSSON_VICTORIA.elf 
arm-none-eabi-objdump -h -S MICRO_P02_Q1_ALYSSON_VICTORIA.elf  > "MICRO_P02_Q1_ALYSSON_VICTORIA.list"
   text	   data	    bss	    dec	    hex	filename
   4612	     12	   1572	   6196	   1834	MICRO_P02_Q1_ALYSSON_VICTORIA.elf
Finished building: default.size.stdout
 
Finished building: MICRO_P02_Q1_ALYSSON_VICTORIA.list
 

16:12:35 Build Finished. 0 errors, 0 warnings. (took 2s.279ms)

