15:18:02 **** Clean-only build of configuration Debug for project MICRO_P05_Q1_ALYSSON_VICTORIA ****
make -j16 clean 
rm -rf ./USB_DEVICE/Target/usbd_conf.cyclo ./USB_DEVICE/Target/usbd_conf.d ./USB_DEVICE/Target/usbd_conf.o ./USB_DEVICE/Target/usbd_conf.su
rm -rf ./USB_DEVICE/App/usb_device.cyclo ./USB_DEVICE/App/usb_device.d ./USB_DEVICE/App/usb_device.o ./USB_DEVICE/App/usb_device.su ./USB_DEVICE/App/usbd_cdc_if.cyclo ./USB_DEVICE/App/usbd_cdc_if.d ./USB_DEVICE/App/usbd_cdc_if.o ./USB_DEVICE/App/usbd_cdc_if.su ./USB_DEVICE/App/usbd_desc.cyclo ./USB_DEVICE/App/usbd_desc.d ./USB_DEVICE/App/usbd_desc.o ./USB_DEVICE/App/usbd_desc.su
rm -rf ./Middlewares/ST/STM32_USB_Device_Library/Core/Src/usbd_core.cyclo ./Middlewares/ST/STM32_USB_Device_Library/Core/Src/usbd_core.d ./Middlewares/ST/STM32_USB_Device_Library/Core/Src/usbd_core.o ./Middlewares/ST/STM32_USB_Device_Library/Core/Src/usbd_core.su ./Middlewares/ST/STM32_USB_Device_Library/Core/Src/usbd_ctlreq.cyclo ./Middlewares/ST/STM32_USB_Device_Library/Core/Src/usbd_ctlreq.d ./Middlewares/ST/STM32_USB_Device_Library/Core/Src/usbd_ctlreq.o ./Middlewares/ST/STM32_USB_Device_Library/Core/Src/usbd_ctlreq.su ./Middlewares/ST/STM32_USB_Device_Library/Core/Src/usbd_ioreq.cyclo ./Middlewares/ST/STM32_USB_Device_Library/Core/Src/usbd_ioreq.d ./Middlewares/ST/STM32_USB_Device_Library/Core/Src/usbd_ioreq.o ./Middlewares/ST/STM32_USB_Device_Library/Core/Src/usbd_ioreq.su
rm -rf ./Middlewares/ST/STM32_USB_Device_Library/Class/CDC/Src/usbd_cdc.cyclo ./Middlewares/ST/STM32_USB_Device_Library/Class/CDC/Src/usbd_cdc.d ./Middlewares/ST/STM32_USB_Device_Library/Class/CDC/Src/usbd_cdc.o ./Middlewares/ST/STM32_USB_Device_Library/Class/CDC/Src/usbd_cdc.su
rm -rf ./Drivers/STM32F1xx_HAL_Driver/Src/stm32f1xx_hal.cyclo ./Drivers/STM32F1xx_HAL_Driver/Src/stm32f1xx_hal.d ./Drivers/STM32F1xx_HAL_Driver/Src/stm32f1xx_hal.o ./Drivers/STM32F1xx_HAL_Driver/Src/stm32f1xx_hal.su ./Drivers/STM32F1xx_HAL_Driver/Src/stm32f1xx_hal_adc.cyclo ./Drivers/STM32F1xx_HAL_Driver/Src/stm32f1xx_hal_adc.d ./Drivers/STM32F1xx_HAL_Driver/Src/stm32f1xx_hal_adc.o ./Drivers/STM32F1xx_HAL_Driver/Src/stm32f1xx_hal_adc.su ./Drivers/STM32F1xx_HAL_Driver/Src/stm32f1xx_hal_adc_ex.cyclo ./Drivers/STM32F1xx_HAL_Driver/Src/stm32f1xx_hal_adc_ex.d ./Drivers/STM32F1xx_HAL_Driver/Src/stm32f1xx_hal_adc_ex.o ./Drivers/STM32F1xx_HAL_Driver/Src/stm32f1xx_hal_adc_ex.su ./Drivers/STM32F1xx_HAL_Driver/Src/stm32f1xx_hal_cortex.cyclo ./Drivers/STM32F1xx_HAL_Driver/Src/stm32f1xx_hal_cortex.d ./Drivers/STM32F1xx_HAL_Driver/Src/stm32f1xx_hal_cortex.o ./Drivers/STM32F1xx_HAL_Driver/Src/stm32f1xx_hal_cortex.su ./Drivers/STM32F1xx_HAL_Driver/Src/stm32f1xx_hal_dma.cyclo ./Drivers/STM32F1xx_HAL_Driver/Src/stm32f1xx_hal_dma.d ./Drivers/STM32F1xx_HAL_Driver/Src/stm32f1xx_hal_dma.o ./Drivers/STM32F1xx_HAL_Driver/Src/stm32f1xx_hal_dma.su ./Drivers/STM32F1xx_HAL_Driver/Src/stm32f1xx_hal_exti.cyclo ./Drivers/STM32F1xx_HAL_Driver/Src/stm32f1xx_hal_exti.d ./Drivers/STM32F1xx_HAL_Driver/Src/stm32f1xx_hal_exti.o ./Drivers/STM32F1xx_HAL_Driver/Src/stm32f1xx_hal_exti.su ./Drivers/STM32F1xx_HAL_Driver/Src/stm32f1xx_hal_flash.cyclo ./Drivers/STM32F1xx_HAL_Driver/Src/stm32f1xx_hal_flash.d ./Drivers/STM32F1xx_HAL_Driver/Src/stm32f1xx_hal_flash.o ./Drivers/STM32F1xx_HAL_Driver/Src/stm32f1xx_hal_flash.su ./Drivers/STM32F1xx_HAL_Driver/Src/stm32f1xx_hal_flash_ex.cyclo ./Drivers/STM32F1xx_HAL_Driver/Src/stm32f1xx_hal_flash_ex.d ./Drivers/STM32F1xx_HAL_Driver/Src/stm32f1xx_hal_flash_ex.o ./Drivers/STM32F1xx_HAL_Driver/Src/stm32f1xx_hal_flash_ex.su ./Drivers/STM32F1xx_HAL_Driver/Src/stm32f1xx_hal_gpio.cyclo ./Drivers/STM32F1xx_HAL_Driver/Src/stm32f1xx_hal_gpio.d ./Drivers/STM32F1xx_HAL_Driver/Src/stm32f1xx_hal_gpio.o ./Drivers/STM32F1xx_HAL_Driver/Src/stm32f1xx_hal_gpio.su ./Drivers/STM32F1xx_HAL_Driver/Src/stm32f1xx_hal_gpio_ex.cyclo ./Drivers/STM32F1xx_HAL_Driver/Src/stm32f1xx_hal_gpio_ex.d ./Drivers/STM32F1xx_HAL_Driver/Src/stm32f1xx_hal_gpio_ex.o ./Drivers/STM32F1xx_HAL_Driver/Src/stm32f1xx_hal_gpio_ex.su ./Drivers/STM32F1xx_HAL_Driver/Src/stm32f1xx_hal_pcd.cyclo ./Drivers/STM32F1xx_HAL_Driver/Src/stm32f1xx_hal_pcd.d ./Drivers/STM32F1xx_HAL_Driver/Src/stm32f1xx_hal_pcd.o ./Drivers/STM32F1xx_HAL_Driver/Src/stm32f1xx_hal_pcd.su ./Drivers/STM32F1xx_HAL_Driver/Src/stm32f1xx_hal_pcd_ex.cyclo ./Drivers/STM32F1xx_HAL_Driver/Src/stm32f1xx_hal_pcd_ex.d ./Drivers/STM32F1xx_HAL_Driver/Src/stm32f1xx_hal_pcd_ex.o ./Drivers/STM32F1xx_HAL_Driver/Src/stm32f1xx_hal_pcd_ex.su ./Drivers/STM32F1xx_HAL_Driver/Src/stm32f1xx_hal_pwr.cyclo ./Drivers/STM32F1xx_HAL_Driver/Src/stm32f1xx_hal_pwr.d ./Drivers/STM32F1xx_HAL_Driver/Src/stm32f1xx_hal_pwr.o ./Drivers/STM32F1xx_HAL_Driver/Src/stm32f1xx_hal_pwr.su ./Drivers/STM32F1xx_HAL_Driver/Src/stm32f1xx_hal_rcc.cyclo ./Drivers/STM32F1xx_HAL_Driver/Src/stm32f1xx_hal_rcc.d ./Drivers/STM32F1xx_HAL_Driver/Src/stm32f1xx_hal_rcc.o ./Drivers/STM32F1xx_HAL_Driver/Src/stm32f1xx_hal_rcc.su ./Drivers/STM32F1xx_HAL_Driver/Src/stm32f1xx_hal_rcc_ex.cyclo ./Drivers/STM32F1xx_HAL_Driver/Src/stm32f1xx_hal_rcc_ex.d ./Drivers/STM32F1xx_HAL_Driver/Src/stm32f1xx_hal_rcc_ex.o ./Drivers/STM32F1xx_HAL_Driver/Src/stm32f1xx_hal_rcc_ex.su ./Drivers/STM32F1xx_HAL_Driver/Src/stm32f1xx_hal_tim.cyclo ./Drivers/STM32F1xx_HAL_Driver/Src/stm32f1xx_hal_tim.d ./Drivers/STM32F1xx_HAL_Driver/Src/stm32f1xx_hal_tim.o ./Drivers/STM32F1xx_HAL_Driver/Src/stm32f1xx_hal_tim.su ./Drivers/STM32F1xx_HAL_Driver/Src/stm32f1xx_hal_tim_ex.cyclo ./Drivers/STM32F1xx_HAL_Driver/Src/stm32f1xx_hal_tim_ex.d ./Drivers/STM32F1xx_HAL_Driver/Src/stm32f1xx_hal_tim_ex.o ./Drivers/STM32F1xx_HAL_Driver/Src/stm32f1xx_hal_tim_ex.su ./Drivers/STM32F1xx_HAL_Driver/Src/stm32f1xx_ll_usb.cyclo ./Drivers/STM32F1xx_HAL_Driver/Src/stm32f1xx_ll_usb.d ./Drivers/STM32F1xx_HAL_Driver/Src/stm32f1xx_ll_usb.o ./Drivers/STM32F1xx_HAL_Driver/Src/stm32f1xx_ll_usb.su
rm -rf ./Core/Startup/startup_stm32f103c8tx.d ./Core/Startup/startup_stm32f103c8tx.o
rm -rf ./Core/Src/main.cyclo ./Core/Src/main.d ./Core/Src/main.o ./Core/Src/main.su ./Core/Src/stm32f1xx_hal_msp.cyclo ./Core/Src/stm32f1xx_hal_msp.d ./Core/Src/stm32f1xx_hal_msp.o ./Core/Src/stm32f1xx_hal_msp.su ./Core/Src/stm32f1xx_it.cyclo ./Core/Src/stm32f1xx_it.d ./Core/Src/stm32f1xx_it.o ./Core/Src/stm32f1xx_it.su ./Core/Src/syscalls.cyclo ./Core/Src/syscalls.d ./Core/Src/syscalls.o ./Core/Src/syscalls.su ./Core/Src/sysmem.cyclo ./Core/Src/sysmem.d ./Core/Src/sysmem.o ./Core/Src/sysmem.su ./Core/Src/system_stm32f1xx.cyclo ./Core/Src/system_stm32f1xx.d ./Core/Src/system_stm32f1xx.o ./Core/Src/system_stm32f1xx.su ./Core/Src/usb_flags.cyclo ./Core/Src/usb_flags.d ./Core/Src/usb_flags.o ./Core/Src/usb_flags.su
rm -rf MICRO_P05_Q1_ALYSSON_VICTORIA.elf MICRO_P05_Q1_ALYSSON_VICTORIA.list MICRO_P05_Q1_ALYSSON_VICTORIA.map default.size.stdout
 
15:18:05 **** Build of configuration Debug for project MICRO_P05_Q1_ALYSSON_VICTORIA ****
make -j16 all 
arm-none-eabi-gcc "../USB_DEVICE/Target/usbd_conf.c" -mcpu=cortex-m3 -std=gnu11 -g3 -DDEBUG -DUSE_HAL_DRIVER -DSTM32F103xB -c -I../Core/Inc -I../Drivers/STM32F1xx_HAL_Driver/Inc -I../Drivers/STM32F1xx_HAL_Driver/Inc/Legacy -I../Drivers/CMSIS/Device/ST/STM32F1xx/Include -I../Drivers/CMSIS/Include -I../USB_DEVICE/App -I../USB_DEVICE/Target -I../Middlewares/ST/STM32_USB_Device_Library/Core/Inc -I../Middlewares/ST/STM32_USB_Device_Library/Class/CDC/Inc -O0 -ffunction-sections -fdata-sections -Wall -fstack-usage -fcyclomatic-complexity -MMD -MP -MF"USB_DEVICE/Target/usbd_conf.d" -MT"USB_DEVICE/Target/usbd_conf.o" --specs=nano.specs -mfloat-abi=soft -mthumb -o "USB_DEVICE/Target/usbd_conf.o"
arm-none-eabi-gcc "../USB_DEVICE/App/usb_device.c" -mcpu=cortex-m3 -std=gnu11 -g3 -DDEBUG -DUSE_HAL_DRIVER -DSTM32F103xB -c -I../Core/Inc -I../Drivers/STM32F1xx_HAL_Driver/Inc -I../Drivers/STM32F1xx_HAL_Driver/Inc/Legacy -I../Drivers/CMSIS/Device/ST/STM32F1xx/Include -I../Drivers/CMSIS/Include -I../USB_DEVICE/App -I../USB_DEVICE/Target -I../Middlewares/ST/STM32_USB_Device_Library/Core/Inc -I../Middlewares/ST/STM32_USB_Device_Library/Class/CDC/Inc -O0 -ffunction-sections -fdata-sections -Wall -fstack-usage -fcyclomatic-complexity -MMD -MP -MF"USB_DEVICE/App/usb_device.d" -MT"USB_DEVICE/App/usb_device.o" --specs=nano.specs -mfloat-abi=soft -mthumb -o "USB_DEVICE/App/usb_device.o"
arm-none-eabi-gcc "../USB_DEVICE/App/usbd_cdc_if.c" -mcpu=cortex-m3 -std=gnu11 -g3 -DDEBUG -DUSE_HAL_DRIVER -DSTM32F103xB -c -I../Core/Inc -I../Drivers/STM32F1xx_HAL_Driver/Inc -I../Drivers/STM32F1xx_HAL_Driver/Inc/Legacy -I../Drivers/CMSIS/Device/ST/STM32F1xx/Include -I../Drivers/CMSIS/Include -I../USB_DEVICE/App -I../USB_DEVICE/Target -I../Middlewares/ST/STM32_USB_Device_Library/Core/Inc -I../Middlewares/ST/STM32_USB_Device_Library/Class/CDC/Inc -O0 -ffunction-sections -fdata-sections -Wall -fstack-usage -fcyclomatic-complexity -MMD -MP -MF"USB_DEVICE/App/usbd_cdc_if.d" -MT"USB_DEVICE/App/usbd_cdc_if.o" --specs=nano.specs -mfloat-abi=soft -mthumb -o "USB_DEVICE/App/usbd_cdc_if.o"
arm-none-eabi-gcc "../USB_DEVICE/App/usbd_desc.c" -mcpu=cortex-m3 -std=gnu11 -g3 -DDEBUG -DUSE_HAL_DRIVER -DSTM32F103xB -c -I../Core/Inc -I../Drivers/STM32F1xx_HAL_Driver/Inc -I../Drivers/STM32F1xx_HAL_Driver/Inc/Legacy -I../Drivers/CMSIS/Device/ST/STM32F1xx/Include -I../Drivers/CMSIS/Include -I../USB_DEVICE/App -I../USB_DEVICE/Target -I../Middlewares/ST/STM32_USB_Device_Library/Core/Inc -I../Middlewares/ST/STM32_USB_Device_Library/Class/CDC/Inc -O0 -ffunction-sections -fdata-sections -Wall -fstack-usage -fcyclomatic-complexity -MMD -MP -MF"USB_DEVICE/App/usbd_desc.d" -MT"USB_DEVICE/App/usbd_desc.o" --specs=nano.specs -mfloat-abi=soft -mthumb -o "USB_DEVICE/App/usbd_desc.o"
arm-none-eabi-gcc "../Middlewares/ST/STM32_USB_Device_Library/Core/Src/usbd_core.c" -mcpu=cortex-m3 -std=gnu11 -g3 -DDEBUG -DUSE_HAL_DRIVER -DSTM32F103xB -c -I../Core/Inc -I../Drivers/STM32F1xx_HAL_Driver/Inc -I../Drivers/STM32F1xx_HAL_Driver/Inc/Legacy -I../Drivers/CMSIS/Device/ST/STM32F1xx/Include -I../Drivers/CMSIS/Include -I../USB_DEVICE/App -I../USB_DEVICE/Target -I../Middlewares/ST/STM32_USB_Device_Library/Core/Inc -I../Middlewares/ST/STM32_USB_Device_Library/Class/CDC/Inc -O0 -ffunction-sections -fdata-sections -Wall -fstack-usage -fcyclomatic-complexity -MMD -MP -MF"Middlewares/ST/STM32_USB_Device_Library/Core/Src/usbd_core.d" -MT"Middlewares/ST/STM32_USB_Device_Library/Core/Src/usbd_core.o" --specs=nano.specs -mfloat-abi=soft -mthumb -o "Middlewares/ST/STM32_USB_Device_Library/Core/Src/usbd_core.o"
arm-none-eabi-gcc "../Middlewares/ST/STM32_USB_Device_Library/Core/Src/usbd_ctlreq.c" -mcpu=cortex-m3 -std=gnu11 -g3 -DDEBUG -DUSE_HAL_DRIVER -DSTM32F103xB -c -I../Core/Inc -I../Drivers/STM32F1xx_HAL_Driver/Inc -I../Drivers/STM32F1xx_HAL_Driver/Inc/Legacy -I../Drivers/CMSIS/Device/ST/STM32F1xx/Include -I../Drivers/CMSIS/Include -I../USB_DEVICE/App -I../USB_DEVICE/Target -I../Middlewares/ST/STM32_USB_Device_Library/Core/Inc -I../Middlewares/ST/STM32_USB_Device_Library/Class/CDC/Inc -O0 -ffunction-sections -fdata-sections -Wall -fstack-usage -fcyclomatic-complexity -MMD -MP -MF"Middlewares/ST/STM32_USB_Device_Library/Core/Src/usbd_ctlreq.d" -MT"Middlewares/ST/STM32_USB_Device_Library/Core/Src/usbd_ctlreq.o" --specs=nano.specs -mfloat-abi=soft -mthumb -o "Middlewares/ST/STM32_USB_Device_Library/Core/Src/usbd_ctlreq.o"
arm-none-eabi-gcc "../Middlewares/ST/STM32_USB_Device_Library/Core/Src/usbd_ioreq.c" -mcpu=cortex-m3 -std=gnu11 -g3 -DDEBUG -DUSE_HAL_DRIVER -DSTM32F103xB -c -I../Core/Inc -I../Drivers/STM32F1xx_HAL_Driver/Inc -I../Drivers/STM32F1xx_HAL_Driver/Inc/Legacy -I../Drivers/CMSIS/Device/ST/STM32F1xx/Include -I../Drivers/CMSIS/Include -I../USB_DEVICE/App -I../USB_DEVICE/Target -I../Middlewares/ST/STM32_USB_Device_Library/Core/Inc -I../Middlewares/ST/STM32_USB_Device_Library/Class/CDC/Inc -O0 -ffunction-sections -fdata-sections -Wall -fstack-usage -fcyclomatic-complexity -MMD -MP -MF"Middlewares/ST/STM32_USB_Device_Library/Core/Src/usbd_ioreq.d" -MT"Middlewares/ST/STM32_USB_Device_Library/Core/Src/usbd_ioreq.o" --specs=nano.specs -mfloat-abi=soft -mthumb -o "Middlewares/ST/STM32_USB_Device_Library/Core/Src/usbd_ioreq.o"
arm-none-eabi-gcc "../Middlewares/ST/STM32_USB_Device_Library/Class/CDC/Src/usbd_cdc.c" -mcpu=cortex-m3 -std=gnu11 -g3 -DDEBUG -DUSE_HAL_DRIVER -DSTM32F103xB -c -I../Core/Inc -I../Drivers/STM32F1xx_HAL_Driver/Inc -I../Drivers/STM32F1xx_HAL_Driver/Inc/Legacy -I../Drivers/CMSIS/Device/ST/STM32F1xx/Include -I../Drivers/CMSIS/Include -I../USB_DEVICE/App -I../USB_DEVICE/Target -I../Middlewares/ST/STM32_USB_Device_Library/Core/Inc -I../Middlewares/ST/STM32_USB_Device_Library/Class/CDC/Inc -O0 -ffunction-sections -fdata-sections -Wall -fstack-usage -fcyclomatic-complexity -MMD -MP -MF"Middlewares/ST/STM32_USB_Device_Library/Class/CDC/Src/usbd_cdc.d" -MT"Middlewares/ST/STM32_USB_Device_Library/Class/CDC/Src/usbd_cdc.o" --specs=nano.specs -mfloat-abi=soft -mthumb -o "Middlewares/ST/STM32_USB_Device_Library/Class/CDC/Src/usbd_cdc.o"
arm-none-eabi-gcc "../Drivers/STM32F1xx_HAL_Driver/Src/stm32f1xx_hal.c" -mcpu=cortex-m3 -std=gnu11 -g3 -DDEBUG -DUSE_HAL_DRIVER -DSTM32F103xB -c -I../Core/Inc -I../Drivers/STM32F1xx_HAL_Driver/Inc -I../Drivers/STM32F1xx_HAL_Driver/Inc/Legacy -I../Drivers/CMSIS/Device/ST/STM32F1xx/Include -I../Drivers/CMSIS/Include -I../USB_DEVICE/App -I../USB_DEVICE/Target -I../Middlewares/ST/STM32_USB_Device_Library/Core/Inc -I../Middlewares/ST/STM32_USB_Device_Library/Class/CDC/Inc -O0 -ffunction-sections -fdata-sections -Wall -fstack-usage -fcyclomatic-complexity -MMD -MP -MF"Drivers/STM32F1xx_HAL_Driver/Src/stm32f1xx_hal.d" -MT"Drivers/STM32F1xx_HAL_Driver/Src/stm32f1xx_hal.o" --specs=nano.specs -mfloat-abi=soft -mthumb -o "Drivers/STM32F1xx_HAL_Driver/Src/stm32f1xx_hal.o"
arm-none-eabi-gcc "../Drivers/STM32F1xx_HAL_Driver/Src/stm32f1xx_hal_adc.c" -mcpu=cortex-m3 -std=gnu11 -g3 -DDEBUG -DUSE_HAL_DRIVER -DSTM32F103xB -c -I../Core/Inc -I../Drivers/STM32F1xx_HAL_Driver/Inc -I../Drivers/STM32F1xx_HAL_Driver/Inc/Legacy -I../Drivers/CMSIS/Device/ST/STM32F1xx/Include -I../Drivers/CMSIS/Include -I../USB_DEVICE/App -I../USB_DEVICE/Target -I../Middlewares/ST/STM32_USB_Device_Library/Core/Inc -I../Middlewares/ST/STM32_USB_Device_Library/Class/CDC/Inc -O0 -ffunction-sections -fdata-sections -Wall -fstack-usage -fcyclomatic-complexity -MMD -MP -MF"Drivers/STM32F1xx_HAL_Driver/Src/stm32f1xx_hal_adc.d" -MT"Drivers/STM32F1xx_HAL_Driver/Src/stm32f1xx_hal_adc.o" --specs=nano.specs -mfloat-abi=soft -mthumb -o "Drivers/STM32F1xx_HAL_Driver/Src/stm32f1xx_hal_adc.o"
arm-none-eabi-gcc "../Drivers/STM32F1xx_HAL_Driver/Src/stm32f1xx_hal_adc_ex.c" -mcpu=cortex-m3 -std=gnu11 -g3 -DDEBUG -DUSE_HAL_DRIVER -DSTM32F103xB -c -I../Core/Inc -I../Drivers/STM32F1xx_HAL_Driver/Inc -I../Drivers/STM32F1xx_HAL_Driver/Inc/Legacy -I../Drivers/CMSIS/Device/ST/STM32F1xx/Include -I../Drivers/CMSIS/Include -I../USB_DEVICE/App -I../USB_DEVICE/Target -I../Middlewares/ST/STM32_USB_Device_Library/Core/Inc -I../Middlewares/ST/STM32_USB_Device_Library/Class/CDC/Inc -O0 -ffunction-sections -fdata-sections -Wall -fstack-usage -fcyclomatic-complexity -MMD -MP -MF"Drivers/STM32F1xx_HAL_Driver/Src/stm32f1xx_hal_adc_ex.d" -MT"Drivers/STM32F1xx_HAL_Driver/Src/stm32f1xx_hal_adc_ex.o" --specs=nano.specs -mfloat-abi=soft -mthumb -o "Drivers/STM32F1xx_HAL_Driver/Src/stm32f1xx_hal_adc_ex.o"
arm-none-eabi-gcc "../Drivers/STM32F1xx_HAL_Driver/Src/stm32f1xx_hal_cortex.c" -mcpu=cortex-m3 -std=gnu11 -g3 -DDEBUG -DUSE_HAL_DRIVER -DSTM32F103xB -c -I../Core/Inc -I../Drivers/STM32F1xx_HAL_Driver/Inc -I../Drivers/STM32F1xx_HAL_Driver/Inc/Legacy -I../Drivers/CMSIS/Device/ST/STM32F1xx/Include -I../Drivers/CMSIS/Include -I../USB_DEVICE/App -I../USB_DEVICE/Target -I../Middlewares/ST/STM32_USB_Device_Library/Core/Inc -I../Middlewares/ST/STM32_USB_Device_Library/Class/CDC/Inc -O0 -ffunction-sections -fdata-sections -Wall -fstack-usage -fcyclomatic-complexity -MMD -MP -MF"Drivers/STM32F1xx_HAL_Driver/Src/stm32f1xx_hal_cortex.d" -MT"Drivers/STM32F1xx_HAL_Driver/Src/stm32f1xx_hal_cortex.o" --specs=nano.specs -mfloat-abi=soft -mthumb -o "Drivers/STM32F1xx_HAL_Driver/Src/stm32f1xx_hal_cortex.o"
arm-none-eabi-gcc "../Drivers/STM32F1xx_HAL_Driver/Src/stm32f1xx_hal_dma.c" -mcpu=cortex-m3 -std=gnu11 -g3 -DDEBUG -DUSE_HAL_DRIVER -DSTM32F103xB -c -I../Core/Inc -I../Drivers/STM32F1xx_HAL_Driver/Inc -I../Drivers/STM32F1xx_HAL_Driver/Inc/Legacy -I../Drivers/CMSIS/Device/ST/STM32F1xx/Include -I../Drivers/CMSIS/Include -I../USB_DEVICE/App -I../USB_DEVICE/Target -I../Middlewares/ST/STM32_USB_Device_Library/Core/Inc -I../Middlewares/ST/STM32_USB_Device_Library/Class/CDC/Inc -O0 -ffunction-sections -fdata-sections -Wall -fstack-usage -fcyclomatic-complexity -MMD -MP -MF"Drivers/STM32F1xx_HAL_Driver/Src/stm32f1xx_hal_dma.d" -MT"Drivers/STM32F1xx_HAL_Driver/Src/stm32f1xx_hal_dma.o" --specs=nano.specs -mfloat-abi=soft -mthumb -o "Drivers/STM32F1xx_HAL_Driver/Src/stm32f1xx_hal_dma.o"
arm-none-eabi-gcc "../Drivers/STM32F1xx_HAL_Driver/Src/stm32f1xx_hal_exti.c" -mcpu=cortex-m3 -std=gnu11 -g3 -DDEBUG -DUSE_HAL_DRIVER -DSTM32F103xB -c -I../Core/Inc -I../Drivers/STM32F1xx_HAL_Driver/Inc -I../Drivers/STM32F1xx_HAL_Driver/Inc/Legacy -I../Drivers/CMSIS/Device/ST/STM32F1xx/Include -I../Drivers/CMSIS/Include -I../USB_DEVICE/App -I../USB_DEVICE/Target -I../Middlewares/ST/STM32_USB_Device_Library/Core/Inc -I../Middlewares/ST/STM32_USB_Device_Library/Class/CDC/Inc -O0 -ffunction-sections -fdata-sections -Wall -fstack-usage -fcyclomatic-complexity -MMD -MP -MF"Drivers/STM32F1xx_HAL_Driver/Src/stm32f1xx_hal_exti.d" -MT"Drivers/STM32F1xx_HAL_Driver/Src/stm32f1xx_hal_exti.o" --specs=nano.specs -mfloat-abi=soft -mthumb -o "Drivers/STM32F1xx_HAL_Driver/Src/stm32f1xx_hal_exti.o"
arm-none-eabi-gcc "../Drivers/STM32F1xx_HAL_Driver/Src/stm32f1xx_hal_flash.c" -mcpu=cortex-m3 -std=gnu11 -g3 -DDEBUG -DUSE_HAL_DRIVER -DSTM32F103xB -c -I../Core/Inc -I../Drivers/STM32F1xx_HAL_Driver/Inc -I../Drivers/STM32F1xx_HAL_Driver/Inc/Legacy -I../Drivers/CMSIS/Device/ST/STM32F1xx/Include -I../Drivers/CMSIS/Include -I../USB_DEVICE/App -I../USB_DEVICE/Target -I../Middlewares/ST/STM32_USB_Device_Library/Core/Inc -I../Middlewares/ST/STM32_USB_Device_Library/Class/CDC/Inc -O0 -ffunction-sections -fdata-sections -Wall -fstack-usage -fcyclomatic-complexity -MMD -MP -MF"Drivers/STM32F1xx_HAL_Driver/Src/stm32f1xx_hal_flash.d" -MT"Drivers/STM32F1xx_HAL_Driver/Src/stm32f1xx_hal_flash.o" --specs=nano.specs -mfloat-abi=soft -mthumb -o "Drivers/STM32F1xx_HAL_Driver/Src/stm32f1xx_hal_flash.o"
arm-none-eabi-gcc "../Drivers/STM32F1xx_HAL_Driver/Src/stm32f1xx_hal_flash_ex.c" -mcpu=cortex-m3 -std=gnu11 -g3 -DDEBUG -DUSE_HAL_DRIVER -DSTM32F103xB -c -I../Core/Inc -I../Drivers/STM32F1xx_HAL_Driver/Inc -I../Drivers/STM32F1xx_HAL_Driver/Inc/Legacy -I../Drivers/CMSIS/Device/ST/STM32F1xx/Include -I../Drivers/CMSIS/Include -I../USB_DEVICE/App -I../USB_DEVICE/Target -I../Middlewares/ST/STM32_USB_Device_Library/Core/Inc -I../Middlewares/ST/STM32_USB_Device_Library/Class/CDC/Inc -O0 -ffunction-sections -fdata-sections -Wall -fstack-usage -fcyclomatic-complexity -MMD -MP -MF"Drivers/STM32F1xx_HAL_Driver/Src/stm32f1xx_hal_flash_ex.d" -MT"Drivers/STM32F1xx_HAL_Driver/Src/stm32f1xx_hal_flash_ex.o" --specs=nano.specs -mfloat-abi=soft -mthumb -o "Drivers/STM32F1xx_HAL_Driver/Src/stm32f1xx_hal_flash_ex.o"
arm-none-eabi-gcc "../Drivers/STM32F1xx_HAL_Driver/Src/stm32f1xx_hal_gpio.c" -mcpu=cortex-m3 -std=gnu11 -g3 -DDEBUG -DUSE_HAL_DRIVER -DSTM32F103xB -c -I../Core/Inc -I../Drivers/STM32F1xx_HAL_Driver/Inc -I../Drivers/STM32F1xx_HAL_Driver/Inc/Legacy -I../Drivers/CMSIS/Device/ST/STM32F1xx/Include -I../Drivers/CMSIS/Include -I../USB_DEVICE/App -I../USB_DEVICE/Target -I../Middlewares/ST/STM32_USB_Device_Library/Core/Inc -I../Middlewares/ST/STM32_USB_Device_Library/Class/CDC/Inc -O0 -ffunction-sections -fdata-sections -Wall -fstack-usage -fcyclomatic-complexity -MMD -MP -MF"Drivers/STM32F1xx_HAL_Driver/Src/stm32f1xx_hal_gpio.d" -MT"Drivers/STM32F1xx_HAL_Driver/Src/stm32f1xx_hal_gpio.o" --specs=nano.specs -mfloat-abi=soft -mthumb -o "Drivers/STM32F1xx_HAL_Driver/Src/stm32f1xx_hal_gpio.o"
arm-none-eabi-gcc "../Drivers/STM32F1xx_HAL_Driver/Src/stm32f1xx_hal_gpio_ex.c" -mcpu=cortex-m3 -std=gnu11 -g3 -DDEBUG -DUSE_HAL_DRIVER -DSTM32F103xB -c -I../Core/Inc -I../Drivers/STM32F1xx_HAL_Driver/Inc -I../Drivers/STM32F1xx_HAL_Driver/Inc/Legacy -I../Drivers/CMSIS/Device/ST/STM32F1xx/Include -I../Drivers/CMSIS/Include -I../USB_DEVICE/App -I../USB_DEVICE/Target -I../Middlewares/ST/STM32_USB_Device_Library/Core/Inc -I../Middlewares/ST/STM32_USB_Device_Library/Class/CDC/Inc -O0 -ffunction-sections -fdata-sections -Wall -fstack-usage -fcyclomatic-complexity -MMD -MP -MF"Drivers/STM32F1xx_HAL_Driver/Src/stm32f1xx_hal_gpio_ex.d" -MT"Drivers/STM32F1xx_HAL_Driver/Src/stm32f1xx_hal_gpio_ex.o" --specs=nano.specs -mfloat-abi=soft -mthumb -o "Drivers/STM32F1xx_HAL_Driver/Src/stm32f1xx_hal_gpio_ex.o"
arm-none-eabi-gcc "../Drivers/STM32F1xx_HAL_Driver/Src/stm32f1xx_hal_pcd.c" -mcpu=cortex-m3 -std=gnu11 -g3 -DDEBUG -DUSE_HAL_DRIVER -DSTM32F103xB -c -I../Core/Inc -I../Drivers/STM32F1xx_HAL_Driver/Inc -I../Drivers/STM32F1xx_HAL_Driver/Inc/Legacy -I../Drivers/CMSIS/Device/ST/STM32F1xx/Include -I../Drivers/CMSIS/Include -I../USB_DEVICE/App -I../USB_DEVICE/Target -I../Middlewares/ST/STM32_USB_Device_Library/Core/Inc -I../Middlewares/ST/STM32_USB_Device_Library/Class/CDC/Inc -O0 -ffunction-sections -fdata-sections -Wall -fstack-usage -fcyclomatic-complexity -MMD -MP -MF"Drivers/STM32F1xx_HAL_Driver/Src/stm32f1xx_hal_pcd.d" -MT"Drivers/STM32F1xx_HAL_Driver/Src/stm32f1xx_hal_pcd.o" --specs=nano.specs -mfloat-abi=soft -mthumb -o "Drivers/STM32F1xx_HAL_Driver/Src/stm32f1xx_hal_pcd.o"
arm-none-eabi-gcc "../Drivers/STM32F1xx_HAL_Driver/Src/stm32f1xx_hal_pcd_ex.c" -mcpu=cortex-m3 -std=gnu11 -g3 -DDEBUG -DUSE_HAL_DRIVER -DSTM32F103xB -c -I../Core/Inc -I../Drivers/STM32F1xx_HAL_Driver/Inc -I../Drivers/STM32F1xx_HAL_Driver/Inc/Legacy -I../Drivers/CMSIS/Device/ST/STM32F1xx/Include -I../Drivers/CMSIS/Include -I../USB_DEVICE/App -I../USB_DEVICE/Target -I../Middlewares/ST/STM32_USB_Device_Library/Core/Inc -I../Middlewares/ST/STM32_USB_Device_Library/Class/CDC/Inc -O0 -ffunction-sections -fdata-sections -Wall -fstack-usage -fcyclomatic-complexity -MMD -MP -MF"Drivers/STM32F1xx_HAL_Driver/Src/stm32f1xx_hal_pcd_ex.d" -MT"Drivers/STM32F1xx_HAL_Driver/Src/stm32f1xx_hal_pcd_ex.o" --specs=nano.specs -mfloat-abi=soft -mthumb -o "Drivers/STM32F1xx_HAL_Driver/Src/stm32f1xx_hal_pcd_ex.o"
arm-none-eabi-gcc "../Drivers/STM32F1xx_HAL_Driver/Src/stm32f1xx_hal_pwr.c" -mcpu=cortex-m3 -std=gnu11 -g3 -DDEBUG -DUSE_HAL_DRIVER -DSTM32F103xB -c -I../Core/Inc -I../Drivers/STM32F1xx_HAL_Driver/Inc -I../Drivers/STM32F1xx_HAL_Driver/Inc/Legacy -I../Drivers/CMSIS/Device/ST/STM32F1xx/Include -I../Drivers/CMSIS/Include -I../USB_DEVICE/App -I../USB_DEVICE/Target -I../Middlewares/ST/STM32_USB_Device_Library/Core/Inc -I../Middlewares/ST/STM32_USB_Device_Library/Class/CDC/Inc -O0 -ffunction-sections -fdata-sections -Wall -fstack-usage -fcyclomatic-complexity -MMD -MP -MF"Drivers/STM32F1xx_HAL_Driver/Src/stm32f1xx_hal_pwr.d" -MT"Drivers/STM32F1xx_HAL_Driver/Src/stm32f1xx_hal_pwr.o" --specs=nano.specs -mfloat-abi=soft -mthumb -o "Drivers/STM32F1xx_HAL_Driver/Src/stm32f1xx_hal_pwr.o"
arm-none-eabi-gcc "../Drivers/STM32F1xx_HAL_Driver/Src/stm32f1xx_hal_rcc.c" -mcpu=cortex-m3 -std=gnu11 -g3 -DDEBUG -DUSE_HAL_DRIVER -DSTM32F103xB -c -I../Core/Inc -I../Drivers/STM32F1xx_HAL_Driver/Inc -I../Drivers/STM32F1xx_HAL_Driver/Inc/Legacy -I../Drivers/CMSIS/Device/ST/STM32F1xx/Include -I../Drivers/CMSIS/Include -I../USB_DEVICE/App -I../USB_DEVICE/Target -I../Middlewares/ST/STM32_USB_Device_Library/Core/Inc -I../Middlewares/ST/STM32_USB_Device_Library/Class/CDC/Inc -O0 -ffunction-sections -fdata-sections -Wall -fstack-usage -fcyclomatic-complexity -MMD -MP -MF"Drivers/STM32F1xx_HAL_Driver/Src/stm32f1xx_hal_rcc.d" -MT"Drivers/STM32F1xx_HAL_Driver/Src/stm32f1xx_hal_rcc.o" --specs=nano.specs -mfloat-abi=soft -mthumb -o "Drivers/STM32F1xx_HAL_Driver/Src/stm32f1xx_hal_rcc.o"
arm-none-eabi-gcc "../Drivers/STM32F1xx_HAL_Driver/Src/stm32f1xx_hal_rcc_ex.c" -mcpu=cortex-m3 -std=gnu11 -g3 -DDEBUG -DUSE_HAL_DRIVER -DSTM32F103xB -c -I../Core/Inc -I../Drivers/STM32F1xx_HAL_Driver/Inc -I../Drivers/STM32F1xx_HAL_Driver/Inc/Legacy -I../Drivers/CMSIS/Device/ST/STM32F1xx/Include -I../Drivers/CMSIS/Include -I../USB_DEVICE/App -I../USB_DEVICE/Target -I../Middlewares/ST/STM32_USB_Device_Library/Core/Inc -I../Middlewares/ST/STM32_USB_Device_Library/Class/CDC/Inc -O0 -ffunction-sections -fdata-sections -Wall -fstack-usage -fcyclomatic-complexity -MMD -MP -MF"Drivers/STM32F1xx_HAL_Driver/Src/stm32f1xx_hal_rcc_ex.d" -MT"Drivers/STM32F1xx_HAL_Driver/Src/stm32f1xx_hal_rcc_ex.o" --specs=nano.specs -mfloat-abi=soft -mthumb -o "Drivers/STM32F1xx_HAL_Driver/Src/stm32f1xx_hal_rcc_ex.o"
arm-none-eabi-gcc "../Drivers/STM32F1xx_HAL_Driver/Src/stm32f1xx_hal_tim.c" -mcpu=cortex-m3 -std=gnu11 -g3 -DDEBUG -DUSE_HAL_DRIVER -DSTM32F103xB -c -I../Core/Inc -I../Drivers/STM32F1xx_HAL_Driver/Inc -I../Drivers/STM32F1xx_HAL_Driver/Inc/Legacy -I../Drivers/CMSIS/Device/ST/STM32F1xx/Include -I../Drivers/CMSIS/Include -I../USB_DEVICE/App -I../USB_DEVICE/Target -I../Middlewares/ST/STM32_USB_Device_Library/Core/Inc -I../Middlewares/ST/STM32_USB_Device_Library/Class/CDC/Inc -O0 -ffunction-sections -fdata-sections -Wall -fstack-usage -fcyclomatic-complexity -MMD -MP -MF"Drivers/STM32F1xx_HAL_Driver/Src/stm32f1xx_hal_tim.d" -MT"Drivers/STM32F1xx_HAL_Driver/Src/stm32f1xx_hal_tim.o" --specs=nano.specs -mfloat-abi=soft -mthumb -o "Drivers/STM32F1xx_HAL_Driver/Src/stm32f1xx_hal_tim.o"
arm-none-eabi-gcc "../Drivers/STM32F1xx_HAL_Driver/Src/stm32f1xx_hal_tim_ex.c" -mcpu=cortex-m3 -std=gnu11 -g3 -DDEBUG -DUSE_HAL_DRIVER -DSTM32F103xB -c -I../Core/Inc -I../Drivers/STM32F1xx_HAL_Driver/Inc -I../Drivers/STM32F1xx_HAL_Driver/Inc/Legacy -I../Drivers/CMSIS/Device/ST/STM32F1xx/Include -I../Drivers/CMSIS/Include -I../USB_DEVICE/App -I../USB_DEVICE/Target -I../Middlewares/ST/STM32_USB_Device_Library/Core/Inc -I../Middlewares/ST/STM32_USB_Device_Library/Class/CDC/Inc -O0 -ffunction-sections -fdata-sections -Wall -fstack-usage -fcyclomatic-complexity -MMD -MP -MF"Drivers/STM32F1xx_HAL_Driver/Src/stm32f1xx_hal_tim_ex.d" -MT"Drivers/STM32F1xx_HAL_Driver/Src/stm32f1xx_hal_tim_ex.o" --specs=nano.specs -mfloat-abi=soft -mthumb -o "Drivers/STM32F1xx_HAL_Driver/Src/stm32f1xx_hal_tim_ex.o"
arm-none-eabi-gcc "../Drivers/STM32F1xx_HAL_Driver/Src/stm32f1xx_ll_usb.c" -mcpu=cortex-m3 -std=gnu11 -g3 -DDEBUG -DUSE_HAL_DRIVER -DSTM32F103xB -c -I../Core/Inc -I../Drivers/STM32F1xx_HAL_Driver/Inc -I../Drivers/STM32F1xx_HAL_Driver/Inc/Legacy -I../Drivers/CMSIS/Device/ST/STM32F1xx/Include -I../Drivers/CMSIS/Include -I../USB_DEVICE/App -I../USB_DEVICE/Target -I../Middlewares/ST/STM32_USB_Device_Library/Core/Inc -I../Middlewares/ST/STM32_USB_Device_Library/Class/CDC/Inc -O0 -ffunction-sections -fdata-sections -Wall -fstack-usage -fcyclomatic-complexity -MMD -MP -MF"Drivers/STM32F1xx_HAL_Driver/Src/stm32f1xx_ll_usb.d" -MT"Drivers/STM32F1xx_HAL_Driver/Src/stm32f1xx_ll_usb.o" --specs=nano.specs -mfloat-abi=soft -mthumb -o "Drivers/STM32F1xx_HAL_Driver/Src/stm32f1xx_ll_usb.o"
arm-none-eabi-gcc -mcpu=cortex-m3 -g3 -DDEBUG -c -x assembler-with-cpp -MMD -MP -MF"Core/Startup/startup_stm32f103c8tx.d" -MT"Core/Startup/startup_stm32f103c8tx.o" --specs=nano.specs -mfloat-abi=soft -mthumb -o "Core/Startup/startup_stm32f103c8tx.o" "../Core/Startup/startup_stm32f103c8tx.s"
arm-none-eabi-gcc "../Core/Src/main.c" -mcpu=cortex-m3 -std=gnu11 -g3 -DDEBUG -DUSE_HAL_DRIVER -DSTM32F103xB -c -I../Core/Inc -I../Drivers/STM32F1xx_HAL_Driver/Inc -I../Drivers/STM32F1xx_HAL_Driver/Inc/Legacy -I../Drivers/CMSIS/Device/ST/STM32F1xx/Include -I../Drivers/CMSIS/Include -I../USB_DEVICE/App -I../USB_DEVICE/Target -I../Middlewares/ST/STM32_USB_Device_Library/Core/Inc -I../Middlewares/ST/STM32_USB_Device_Library/Class/CDC/Inc -O0 -ffunction-sections -fdata-sections -Wall -fstack-usage -fcyclomatic-complexity -MMD -MP -MF"Core/Src/main.d" -MT"Core/Src/main.o" --specs=nano.specs -mfloat-abi=soft -mthumb -o "Core/Src/main.o"
arm-none-eabi-gcc "../Core/Src/stm32f1xx_hal_msp.c" -mcpu=cortex-m3 -std=gnu11 -g3 -DDEBUG -DUSE_HAL_DRIVER -DSTM32F103xB -c -I../Core/Inc -I../Drivers/STM32F1xx_HAL_Driver/Inc -I../Drivers/STM32F1xx_HAL_Driver/Inc/Legacy -I../Drivers/CMSIS/Device/ST/STM32F1xx/Include -I../Drivers/CMSIS/Include -I../USB_DEVICE/App -I../USB_DEVICE/Target -I../Middlewares/ST/STM32_USB_Device_Library/Core/Inc -I../Middlewares/ST/STM32_USB_Device_Library/Class/CDC/Inc -O0 -ffunction-sections -fdata-sections -Wall -fstack-usage -fcyclomatic-complexity -MMD -MP -MF"Core/Src/stm32f1xx_hal_msp.d" -MT"Core/Src/stm32f1xx_hal_msp.o" --specs=nano.specs -mfloat-abi=soft -mthumb -o "Core/Src/stm32f1xx_hal_msp.o"
arm-none-eabi-gcc "../Core/Src/stm32f1xx_it.c" -mcpu=cortex-m3 -std=gnu11 -g3 -DDEBUG -DUSE_HAL_DRIVER -DSTM32F103xB -c -I../Core/Inc -I../Drivers/STM32F1xx_HAL_Driver/Inc -I../Drivers/STM32F1xx_HAL_Driver/Inc/Legacy -I../Drivers/CMSIS/Device/ST/STM32F1xx/Include -I../Drivers/CMSIS/Include -I../USB_DEVICE/App -I../USB_DEVICE/Target -I../Middlewares/ST/STM32_USB_Device_Library/Core/Inc -I../Middlewares/ST/STM32_USB_Device_Library/Class/CDC/Inc -O0 -ffunction-sections -fdata-sections -Wall -fstack-usage -fcyclomatic-complexity -MMD -MP -MF"Core/Src/stm32f1xx_it.d" -MT"Core/Src/stm32f1xx_it.o" --specs=nano.specs -mfloat-abi=soft -mthumb -o "Core/Src/stm32f1xx_it.o"
arm-none-eabi-gcc "../Core/Src/syscalls.c" -mcpu=cortex-m3 -std=gnu11 -g3 -DDEBUG -DUSE_HAL_DRIVER -DSTM32F103xB -c -I../Core/Inc -I../Drivers/STM32F1xx_HAL_Driver/Inc -I../Drivers/STM32F1xx_HAL_Driver/Inc/Legacy -I../Drivers/CMSIS/Device/ST/STM32F1xx/Include -I../Drivers/CMSIS/Include -I../USB_DEVICE/App -I../USB_DEVICE/Target -I../Middlewares/ST/STM32_USB_Device_Library/Core/Inc -I../Middlewares/ST/STM32_USB_Device_Library/Class/CDC/Inc -O0 -ffunction-sections -fdata-sections -Wall -fstack-usage -fcyclomatic-complexity -MMD -MP -MF"Core/Src/syscalls.d" -MT"Core/Src/syscalls.o" --specs=nano.specs -mfloat-abi=soft -mthumb -o "Core/Src/syscalls.o"
arm-none-eabi-gcc "../Core/Src/sysmem.c" -mcpu=cortex-m3 -std=gnu11 -g3 -DDEBUG -DUSE_HAL_DRIVER -DSTM32F103xB -c -I../Core/Inc -I../Drivers/STM32F1xx_HAL_Driver/Inc -I../Drivers/STM32F1xx_HAL_Driver/Inc/Legacy -I../Drivers/CMSIS/Device/ST/STM32F1xx/Include -I../Drivers/CMSIS/Include -I../USB_DEVICE/App -I../USB_DEVICE/Target -I../Middlewares/ST/STM32_USB_Device_Library/Core/Inc -I../Middlewares/ST/STM32_USB_Device_Library/Class/CDC/Inc -O0 -ffunction-sections -fdata-sections -Wall -fstack-usage -fcyclomatic-complexity -MMD -MP -MF"Core/Src/sysmem.d" -MT"Core/Src/sysmem.o" --specs=nano.specs -mfloat-abi=soft -mthumb -o "Core/Src/sysmem.o"
arm-none-eabi-gcc "../Core/Src/system_stm32f1xx.c" -mcpu=cortex-m3 -std=gnu11 -g3 -DDEBUG -DUSE_HAL_DRIVER -DSTM32F103xB -c -I../Core/Inc -I../Drivers/STM32F1xx_HAL_Driver/Inc -I../Drivers/STM32F1xx_HAL_Driver/Inc/Legacy -I../Drivers/CMSIS/Device/ST/STM32F1xx/Include -I../Drivers/CMSIS/Include -I../USB_DEVICE/App -I../USB_DEVICE/Target -I../Middlewares/ST/STM32_USB_Device_Library/Core/Inc -I../Middlewares/ST/STM32_USB_Device_Library/Class/CDC/Inc -O0 -ffunction-sections -fdata-sections -Wall -fstack-usage -fcyclomatic-complexity -MMD -MP -MF"Core/Src/system_stm32f1xx.d" -MT"Core/Src/system_stm32f1xx.o" --specs=nano.specs -mfloat-abi=soft -mthumb -o "Core/Src/system_stm32f1xx.o"
arm-none-eabi-gcc "../Core/Src/usb_flags.c" -mcpu=cortex-m3 -std=gnu11 -g3 -DDEBUG -DUSE_HAL_DRIVER -DSTM32F103xB -c -I../Core/Inc -I../Drivers/STM32F1xx_HAL_Driver/Inc -I../Drivers/STM32F1xx_HAL_Driver/Inc/Legacy -I../Drivers/CMSIS/Device/ST/STM32F1xx/Include -I../Drivers/CMSIS/Include -I../USB_DEVICE/App -I../USB_DEVICE/Target -I../Middlewares/ST/STM32_USB_Device_Library/Core/Inc -I../Middlewares/ST/STM32_USB_Device_Library/Class/CDC/Inc -O0 -ffunction-sections -fdata-sections -Wall -fstack-usage -fcyclomatic-complexity -MMD -MP -MF"Core/Src/usb_flags.d" -MT"Core/Src/usb_flags.o" --specs=nano.specs -mfloat-abi=soft -mthumb -o "Core/Src/usb_flags.o"
arm-none-eabi-gcc -o "MICRO_P05_Q1_ALYSSON_VICTORIA.elf" @"objects.list"   -mcpu=cortex-m3 -T"C:\Users\lucas\Desktop\Disciplinas\2026.1 (atual)\microcontroladores\Microcontroladores\MICRO_P05_Alysson_Lucas_e_Maria_Victoria\MICRO_P05_Q1_ALYSSON_VICTORIA\STM32F103C8TX_FLASH.ld" --specs=nosys.specs -Wl,-Map="MICRO_P05_Q1_ALYSSON_VICTORIA.map" -Wl,--gc-sections -static --specs=nano.specs -mfloat-abi=soft -mthumb -Wl,--start-group -lc -lm -Wl,--end-group
Finished building target: MICRO_P05_Q1_ALYSSON_VICTORIA.elf
 
arm-none-eabi-size  MICRO_P05_Q1_ALYSSON_VICTORIA.elf 
arm-none-eabi-objdump -h -S MICRO_P05_Q1_ALYSSON_VICTORIA.elf  > "MICRO_P05_Q1_ALYSSON_VICTORIA.list"
   text	   data	    bss	    dec	    hex	filename
  42260	    464	   6880	  49604	   c1c4	MICRO_P05_Q1_ALYSSON_VICTORIA.elf
Finished building: default.size.stdout
 
Finished building: MICRO_P05_Q1_ALYSSON_VICTORIA.list
 
15:22:55 **** Clean-only build of configuration Debug for project MICRO_P04_Q1_ALYSSON_VICTORIA ****
make -j16 clean 
rm -rf ./Drivers/STM32F1xx_HAL_Driver/Src/stm32f1xx_hal.cyclo ./Drivers/STM32F1xx_HAL_Driver/Src/stm32f1xx_hal.d ./Drivers/STM32F1xx_HAL_Driver/Src/stm32f1xx_hal.o ./Drivers/STM32F1xx_HAL_Driver/Src/stm32f1xx_hal.su ./Drivers/STM32F1xx_HAL_Driver/Src/stm32f1xx_hal_adc.cyclo ./Drivers/STM32F1xx_HAL_Driver/Src/stm32f1xx_hal_adc.d ./Drivers/STM32F1xx_HAL_Driver/Src/stm32f1xx_hal_adc.o ./Drivers/STM32F1xx_HAL_Driver/Src/stm32f1xx_hal_adc.su ./Drivers/STM32F1xx_HAL_Driver/Src/stm32f1xx_hal_adc_ex.cyclo ./Drivers/STM32F1xx_HAL_Driver/Src/stm32f1xx_hal_adc_ex.d ./Drivers/STM32F1xx_HAL_Driver/Src/stm32f1xx_hal_adc_ex.o ./Drivers/STM32F1xx_HAL_Driver/Src/stm32f1xx_hal_adc_ex.su ./Drivers/STM32F1xx_HAL_Driver/Src/stm32f1xx_hal_cortex.cyclo ./Drivers/STM32F1xx_HAL_Driver/Src/stm32f1xx_hal_cortex.d ./Drivers/STM32F1xx_HAL_Driver/Src/stm32f1xx_hal_cortex.o ./Drivers/STM32F1xx_HAL_Driver/Src/stm32f1xx_hal_cortex.su ./Drivers/STM32F1xx_HAL_Driver/Src/stm32f1xx_hal_dma.cyclo ./Drivers/STM32F1xx_HAL_Driver/Src/stm32f1xx_hal_dma.d ./Drivers/STM32F1xx_HAL_Driver/Src/stm32f1xx_hal_dma.o ./Drivers/STM32F1xx_HAL_Driver/Src/stm32f1xx_hal_dma.su ./Drivers/STM32F1xx_HAL_Driver/Src/stm32f1xx_hal_exti.cyclo ./Drivers/STM32F1xx_HAL_Driver/Src/stm32f1xx_hal_exti.d ./Drivers/STM32F1xx_HAL_Driver/Src/stm32f1xx_hal_exti.o ./Drivers/STM32F1xx_HAL_Driver/Src/stm32f1xx_hal_exti.su ./Drivers/STM32F1xx_HAL_Driver/Src/stm32f1xx_hal_flash.cyclo ./Drivers/STM32F1xx_HAL_Driver/Src/stm32f1xx_hal_flash.d ./Drivers/STM32F1xx_HAL_Driver/Src/stm32f1xx_hal_flash.o ./Drivers/STM32F1xx_HAL_Driver/Src/stm32f1xx_hal_flash.su ./Drivers/STM32F1xx_HAL_Driver/Src/stm32f1xx_hal_flash_ex.cyclo ./Drivers/STM32F1xx_HAL_Driver/Src/stm32f1xx_hal_flash_ex.d ./Drivers/STM32F1xx_HAL_Driver/Src/stm32f1xx_hal_flash_ex.o ./Drivers/STM32F1xx_HAL_Driver/Src/stm32f1xx_hal_flash_ex.su ./Drivers/STM32F1xx_HAL_Driver/Src/stm32f1xx_hal_gpio.cyclo ./Drivers/STM32F1xx_HAL_Driver/Src/stm32f1xx_hal_gpio.d ./Drivers/STM32F1xx_HAL_Driver/Src/stm32f1xx_hal_gpio.o ./Drivers/STM32F1xx_HAL_Driver/Src/stm32f1xx_hal_gpio.su ./Drivers/STM32F1xx_HAL_Driver/Src/stm32f1xx_hal_gpio_ex.cyclo ./Drivers/STM32F1xx_HAL_Driver/Src/stm32f1xx_hal_gpio_ex.d ./Drivers/STM32F1xx_HAL_Driver/Src/stm32f1xx_hal_gpio_ex.o ./Drivers/STM32F1xx_HAL_Driver/Src/stm32f1xx_hal_gpio_ex.su ./Drivers/STM32F1xx_HAL_Driver/Src/stm32f1xx_hal_pwr.cyclo ./Drivers/STM32F1xx_HAL_Driver/Src/stm32f1xx_hal_pwr.d ./Drivers/STM32F1xx_HAL_Driver/Src/stm32f1xx_hal_pwr.o ./Drivers/STM32F1xx_HAL_Driver/Src/stm32f1xx_hal_pwr.su ./Drivers/STM32F1xx_HAL_Driver/Src/stm32f1xx_hal_rcc.cyclo ./Drivers/STM32F1xx_HAL_Driver/Src/stm32f1xx_hal_rcc.d ./Drivers/STM32F1xx_HAL_Driver/Src/stm32f1xx_hal_rcc.o ./Drivers/STM32F1xx_HAL_Driver/Src/stm32f1xx_hal_rcc.su ./Drivers/STM32F1xx_HAL_Driver/Src/stm32f1xx_hal_rcc_ex.cyclo ./Drivers/STM32F1xx_HAL_Driver/Src/stm32f1xx_hal_rcc_ex.d ./Drivers/STM32F1xx_HAL_Driver/Src/stm32f1xx_hal_rcc_ex.o ./Drivers/STM32F1xx_HAL_Driver/Src/stm32f1xx_hal_rcc_ex.su
rm -rf ./Core/Startup/startup_stm32f103c8tx.d ./Core/Startup/startup_stm32f103c8tx.o
rm -rf ./Core/Src/main.cyclo ./Core/Src/main.d ./Core/Src/main.o ./Core/Src/main.su ./Core/Src/stm32f1xx_hal_msp.cyclo ./Core/Src/stm32f1xx_hal_msp.d ./Core/Src/stm32f1xx_hal_msp.o ./Core/Src/stm32f1xx_hal_msp.su ./Core/Src/stm32f1xx_it.cyclo ./Core/Src/stm32f1xx_it.d ./Core/Src/stm32f1xx_it.o ./Core/Src/stm32f1xx_it.su ./Core/Src/syscalls.cyclo ./Core/Src/syscalls.d ./Core/Src/syscalls.o ./Core/Src/syscalls.su ./Core/Src/sysmem.cyclo ./Core/Src/sysmem.d ./Core/Src/sysmem.o ./Core/Src/sysmem.su ./Core/Src/system_stm32f1xx.cyclo ./Core/Src/system_stm32f1xx.d ./Core/Src/system_stm32f1xx.o ./Core/Src/system_stm32f1xx.su
rm -rf MICRO_P04_Q1_ALYSSON_VICTORIA.elf MICRO_P04_Q1_ALYSSON_VICTORIA.list MICRO_P04_Q1_ALYSSON_VICTORIA.map default.size.stdout
 
15:22:56 **** Build of configuration Debug for project MICRO_P04_Q1_ALYSSON_VICTORIA ****
make -j16 all 
arm-none-eabi-gcc "../Drivers/STM32F1xx_HAL_Driver/Src/stm32f1xx_hal.c" -mcpu=cortex-m3 -std=gnu11 -g3 -DDEBUG -DUSE_HAL_DRIVER -DSTM32F103xB -c -I../Core/Inc -I../Drivers/STM32F1xx_HAL_Driver/Inc/Legacy -I../Drivers/STM32F1xx_HAL_Driver/Inc -I../Drivers/CMSIS/Device/ST/STM32F1xx/Include -I../Drivers/CMSIS/Include -O0 -ffunction-sections -fdata-sections -Wall -fstack-usage -fcyclomatic-complexity -MMD -MP -MF"Drivers/STM32F1xx_HAL_Driver/Src/stm32f1xx_hal.d" -MT"Drivers/STM32F1xx_HAL_Driver/Src/stm32f1xx_hal.o" --specs=nano.specs -mfloat-abi=soft -mthumb -o "Drivers/STM32F1xx_HAL_Driver/Src/stm32f1xx_hal.o"
arm-none-eabi-gcc "../Drivers/STM32F1xx_HAL_Driver/Src/stm32f1xx_hal_adc.c" -mcpu=cortex-m3 -std=gnu11 -g3 -DDEBUG -DUSE_HAL_DRIVER -DSTM32F103xB -c -I../Core/Inc -I../Drivers/STM32F1xx_HAL_Driver/Inc/Legacy -I../Drivers/STM32F1xx_HAL_Driver/Inc -I../Drivers/CMSIS/Device/ST/STM32F1xx/Include -I../Drivers/CMSIS/Include -O0 -ffunction-sections -fdata-sections -Wall -fstack-usage -fcyclomatic-complexity -MMD -MP -MF"Drivers/STM32F1xx_HAL_Driver/Src/stm32f1xx_hal_adc.d" -MT"Drivers/STM32F1xx_HAL_Driver/Src/stm32f1xx_hal_adc.o" --specs=nano.specs -mfloat-abi=soft -mthumb -o "Drivers/STM32F1xx_HAL_Driver/Src/stm32f1xx_hal_adc.o"
arm-none-eabi-gcc "../Drivers/STM32F1xx_HAL_Driver/Src/stm32f1xx_hal_adc_ex.c" -mcpu=cortex-m3 -std=gnu11 -g3 -DDEBUG -DUSE_HAL_DRIVER -DSTM32F103xB -c -I../Core/Inc -I../Drivers/STM32F1xx_HAL_Driver/Inc/Legacy -I../Drivers/STM32F1xx_HAL_Driver/Inc -I../Drivers/CMSIS/Device/ST/STM32F1xx/Include -I../Drivers/CMSIS/Include -O0 -ffunction-sections -fdata-sections -Wall -fstack-usage -fcyclomatic-complexity -MMD -MP -MF"Drivers/STM32F1xx_HAL_Driver/Src/stm32f1xx_hal_adc_ex.d" -MT"Drivers/STM32F1xx_HAL_Driver/Src/stm32f1xx_hal_adc_ex.o" --specs=nano.specs -mfloat-abi=soft -mthumb -o "Drivers/STM32F1xx_HAL_Driver/Src/stm32f1xx_hal_adc_ex.o"
arm-none-eabi-gcc "../Drivers/STM32F1xx_HAL_Driver/Src/stm32f1xx_hal_cortex.c" -mcpu=cortex-m3 -std=gnu11 -g3 -DDEBUG -DUSE_HAL_DRIVER -DSTM32F103xB -c -I../Core/Inc -I../Drivers/STM32F1xx_HAL_Driver/Inc/Legacy -I../Drivers/STM32F1xx_HAL_Driver/Inc -I../Drivers/CMSIS/Device/ST/STM32F1xx/Include -I../Drivers/CMSIS/Include -O0 -ffunction-sections -fdata-sections -Wall -fstack-usage -fcyclomatic-complexity -MMD -MP -MF"Drivers/STM32F1xx_HAL_Driver/Src/stm32f1xx_hal_cortex.d" -MT"Drivers/STM32F1xx_HAL_Driver/Src/stm32f1xx_hal_cortex.o" --specs=nano.specs -mfloat-abi=soft -mthumb -o "Drivers/STM32F1xx_HAL_Driver/Src/stm32f1xx_hal_cortex.o"
arm-none-eabi-gcc "../Drivers/STM32F1xx_HAL_Driver/Src/stm32f1xx_hal_dma.c" -mcpu=cortex-m3 -std=gnu11 -g3 -DDEBUG -DUSE_HAL_DRIVER -DSTM32F103xB -c -I../Core/Inc -I../Drivers/STM32F1xx_HAL_Driver/Inc/Legacy -I../Drivers/STM32F1xx_HAL_Driver/Inc -I../Drivers/CMSIS/Device/ST/STM32F1xx/Include -I../Drivers/CMSIS/Include -O0 -ffunction-sections -fdata-sections -Wall -fstack-usage -fcyclomatic-complexity -MMD -MP -MF"Drivers/STM32F1xx_HAL_Driver/Src/stm32f1xx_hal_dma.d" -MT"Drivers/STM32F1xx_HAL_Driver/Src/stm32f1xx_hal_dma.o" --specs=nano.specs -mfloat-abi=soft -mthumb -o "Drivers/STM32F1xx_HAL_Driver/Src/stm32f1xx_hal_dma.o"
arm-none-eabi-gcc "../Drivers/STM32F1xx_HAL_Driver/Src/stm32f1xx_hal_exti.c" -mcpu=cortex-m3 -std=gnu11 -g3 -DDEBUG -DUSE_HAL_DRIVER -DSTM32F103xB -c -I../Core/Inc -I../Drivers/STM32F1xx_HAL_Driver/Inc/Legacy -I../Drivers/STM32F1xx_HAL_Driver/Inc -I../Drivers/CMSIS/Device/ST/STM32F1xx/Include -I../Drivers/CMSIS/Include -O0 -ffunction-sections -fdata-sections -Wall -fstack-usage -fcyclomatic-complexity -MMD -MP -MF"Drivers/STM32F1xx_HAL_Driver/Src/stm32f1xx_hal_exti.d" -MT"Drivers/STM32F1xx_HAL_Driver/Src/stm32f1xx_hal_exti.o" --specs=nano.specs -mfloat-abi=soft -mthumb -o "Drivers/STM32F1xx_HAL_Driver/Src/stm32f1xx_hal_exti.o"
arm-none-eabi-gcc "../Drivers/STM32F1xx_HAL_Driver/Src/stm32f1xx_hal_flash.c" -mcpu=cortex-m3 -std=gnu11 -g3 -DDEBUG -DUSE_HAL_DRIVER -DSTM32F103xB -c -I../Core/Inc -I../Drivers/STM32F1xx_HAL_Driver/Inc/Legacy -I../Drivers/STM32F1xx_HAL_Driver/Inc -I../Drivers/CMSIS/Device/ST/STM32F1xx/Include -I../Drivers/CMSIS/Include -O0 -ffunction-sections -fdata-sections -Wall -fstack-usage -fcyclomatic-complexity -MMD -MP -MF"Drivers/STM32F1xx_HAL_Driver/Src/stm32f1xx_hal_flash.d" -MT"Drivers/STM32F1xx_HAL_Driver/Src/stm32f1xx_hal_flash.o" --specs=nano.specs -mfloat-abi=soft -mthumb -o "Drivers/STM32F1xx_HAL_Driver/Src/stm32f1xx_hal_flash.o"
arm-none-eabi-gcc "../Drivers/STM32F1xx_HAL_Driver/Src/stm32f1xx_hal_flash_ex.c" -mcpu=cortex-m3 -std=gnu11 -g3 -DDEBUG -DUSE_HAL_DRIVER -DSTM32F103xB -c -I../Core/Inc -I../Drivers/STM32F1xx_HAL_Driver/Inc/Legacy -I../Drivers/STM32F1xx_HAL_Driver/Inc -I../Drivers/CMSIS/Device/ST/STM32F1xx/Include -I../Drivers/CMSIS/Include -O0 -ffunction-sections -fdata-sections -Wall -fstack-usage -fcyclomatic-complexity -MMD -MP -MF"Drivers/STM32F1xx_HAL_Driver/Src/stm32f1xx_hal_flash_ex.d" -MT"Drivers/STM32F1xx_HAL_Driver/Src/stm32f1xx_hal_flash_ex.o" --specs=nano.specs -mfloat-abi=soft -mthumb -o "Drivers/STM32F1xx_HAL_Driver/Src/stm32f1xx_hal_flash_ex.o"
arm-none-eabi-gcc "../Drivers/STM32F1xx_HAL_Driver/Src/stm32f1xx_hal_gpio.c" -mcpu=cortex-m3 -std=gnu11 -g3 -DDEBUG -DUSE_HAL_DRIVER -DSTM32F103xB -c -I../Core/Inc -I../Drivers/STM32F1xx_HAL_Driver/Inc/Legacy -I../Drivers/STM32F1xx_HAL_Driver/Inc -I../Drivers/CMSIS/Device/ST/STM32F1xx/Include -I../Drivers/CMSIS/Include -O0 -ffunction-sections -fdata-sections -Wall -fstack-usage -fcyclomatic-complexity -MMD -MP -MF"Drivers/STM32F1xx_HAL_Driver/Src/stm32f1xx_hal_gpio.d" -MT"Drivers/STM32F1xx_HAL_Driver/Src/stm32f1xx_hal_gpio.o" --specs=nano.specs -mfloat-abi=soft -mthumb -o "Drivers/STM32F1xx_HAL_Driver/Src/stm32f1xx_hal_gpio.o"
arm-none-eabi-gcc "../Drivers/STM32F1xx_HAL_Driver/Src/stm32f1xx_hal_gpio_ex.c" -mcpu=cortex-m3 -std=gnu11 -g3 -DDEBUG -DUSE_HAL_DRIVER -DSTM32F103xB -c -I../Core/Inc -I../Drivers/STM32F1xx_HAL_Driver/Inc/Legacy -I../Drivers/STM32F1xx_HAL_Driver/Inc -I../Drivers/CMSIS/Device/ST/STM32F1xx/Include -I../Drivers/CMSIS/Include -O0 -ffunction-sections -fdata-sections -Wall -fstack-usage -fcyclomatic-complexity -MMD -MP -MF"Drivers/STM32F1xx_HAL_Driver/Src/stm32f1xx_hal_gpio_ex.d" -MT"Drivers/STM32F1xx_HAL_Driver/Src/stm32f1xx_hal_gpio_ex.o" --specs=nano.specs -mfloat-abi=soft -mthumb -o "Drivers/STM32F1xx_HAL_Driver/Src/stm32f1xx_hal_gpio_ex.o"
arm-none-eabi-gcc "../Drivers/STM32F1xx_HAL_Driver/Src/stm32f1xx_hal_pwr.c" -mcpu=cortex-m3 -std=gnu11 -g3 -DDEBUG -DUSE_HAL_DRIVER -DSTM32F103xB -c -I../Core/Inc -I../Drivers/STM32F1xx_HAL_Driver/Inc/Legacy -I../Drivers/STM32F1xx_HAL_Driver/Inc -I../Drivers/CMSIS/Device/ST/STM32F1xx/Include -I../Drivers/CMSIS/Include -O0 -ffunction-sections -fdata-sections -Wall -fstack-usage -fcyclomatic-complexity -MMD -MP -MF"Drivers/STM32F1xx_HAL_Driver/Src/stm32f1xx_hal_pwr.d" -MT"Drivers/STM32F1xx_HAL_Driver/Src/stm32f1xx_hal_pwr.o" --specs=nano.specs -mfloat-abi=soft -mthumb -o "Drivers/STM32F1xx_HAL_Driver/Src/stm32f1xx_hal_pwr.o"
arm-none-eabi-gcc "../Drivers/STM32F1xx_HAL_Driver/Src/stm32f1xx_hal_rcc.c" -mcpu=cortex-m3 -std=gnu11 -g3 -DDEBUG -DUSE_HAL_DRIVER -DSTM32F103xB -c -I../Core/Inc -I../Drivers/STM32F1xx_HAL_Driver/Inc/Legacy -I../Drivers/STM32F1xx_HAL_Driver/Inc -I../Drivers/CMSIS/Device/ST/STM32F1xx/Include -I../Drivers/CMSIS/Include -O0 -ffunction-sections -fdata-sections -Wall -fstack-usage -fcyclomatic-complexity -MMD -MP -MF"Drivers/STM32F1xx_HAL_Driver/Src/stm32f1xx_hal_rcc.d" -MT"Drivers/STM32F1xx_HAL_Driver/Src/stm32f1xx_hal_rcc.o" --specs=nano.specs -mfloat-abi=soft -mthumb -o "Drivers/STM32F1xx_HAL_Driver/Src/stm32f1xx_hal_rcc.o"
arm-none-eabi-gcc "../Drivers/STM32F1xx_HAL_Driver/Src/stm32f1xx_hal_rcc_ex.c" -mcpu=cortex-m3 -std=gnu11 -g3 -DDEBUG -DUSE_HAL_DRIVER -DSTM32F103xB -c -I../Core/Inc -I../Drivers/STM32F1xx_HAL_Driver/Inc/Legacy -I../Drivers/STM32F1xx_HAL_Driver/Inc -I../Drivers/CMSIS/Device/ST/STM32F1xx/Include -I../Drivers/CMSIS/Include -O0 -ffunction-sections -fdata-sections -Wall -fstack-usage -fcyclomatic-complexity -MMD -MP -MF"Drivers/STM32F1xx_HAL_Driver/Src/stm32f1xx_hal_rcc_ex.d" -MT"Drivers/STM32F1xx_HAL_Driver/Src/stm32f1xx_hal_rcc_ex.o" --specs=nano.specs -mfloat-abi=soft -mthumb -o "Drivers/STM32F1xx_HAL_Driver/Src/stm32f1xx_hal_rcc_ex.o"
arm-none-eabi-gcc -mcpu=cortex-m3 -g3 -DDEBUG -c -x assembler-with-cpp -MMD -MP -MF"Core/Startup/startup_stm32f103c8tx.d" -MT"Core/Startup/startup_stm32f103c8tx.o" --specs=nano.specs -mfloat-abi=soft -mthumb -o "Core/Startup/startup_stm32f103c8tx.o" "../Core/Startup/startup_stm32f103c8tx.s"
arm-none-eabi-gcc "../Core/Src/main.c" -mcpu=cortex-m3 -std=gnu11 -g3 -DDEBUG -DUSE_HAL_DRIVER -DSTM32F103xB -c -I../Core/Inc -I../Drivers/STM32F1xx_HAL_Driver/Inc/Legacy -I../Drivers/STM32F1xx_HAL_Driver/Inc -I../Drivers/CMSIS/Device/ST/STM32F1xx/Include -I../Drivers/CMSIS/Include -O0 -ffunction-sections -fdata-sections -Wall -fstack-usage -fcyclomatic-complexity -MMD -MP -MF"Core/Src/main.d" -MT"Core/Src/main.o" --specs=nano.specs -mfloat-abi=soft -mthumb -o "Core/Src/main.o"
arm-none-eabi-gcc "../Core/Src/stm32f1xx_hal_msp.c" -mcpu=cortex-m3 -std=gnu11 -g3 -DDEBUG -DUSE_HAL_DRIVER -DSTM32F103xB -c -I../Core/Inc -I../Drivers/STM32F1xx_HAL_Driver/Inc/Legacy -I../Drivers/STM32F1xx_HAL_Driver/Inc -I../Drivers/CMSIS/Device/ST/STM32F1xx/Include -I../Drivers/CMSIS/Include -O0 -ffunction-sections -fdata-sections -Wall -fstack-usage -fcyclomatic-complexity -MMD -MP -MF"Core/Src/stm32f1xx_hal_msp.d" -MT"Core/Src/stm32f1xx_hal_msp.o" --specs=nano.specs -mfloat-abi=soft -mthumb -o "Core/Src/stm32f1xx_hal_msp.o"
arm-none-eabi-gcc "../Core/Src/stm32f1xx_it.c" -mcpu=cortex-m3 -std=gnu11 -g3 -DDEBUG -DUSE_HAL_DRIVER -DSTM32F103xB -c -I../Core/Inc -I../Drivers/STM32F1xx_HAL_Driver/Inc/Legacy -I../Drivers/STM32F1xx_HAL_Driver/Inc -I../Drivers/CMSIS/Device/ST/STM32F1xx/Include -I../Drivers/CMSIS/Include -O0 -ffunction-sections -fdata-sections -Wall -fstack-usage -fcyclomatic-complexity -MMD -MP -MF"Core/Src/stm32f1xx_it.d" -MT"Core/Src/stm32f1xx_it.o" --specs=nano.specs -mfloat-abi=soft -mthumb -o "Core/Src/stm32f1xx_it.o"
arm-none-eabi-gcc "../Core/Src/syscalls.c" -mcpu=cortex-m3 -std=gnu11 -g3 -DDEBUG -DUSE_HAL_DRIVER -DSTM32F103xB -c -I../Core/Inc -I../Drivers/STM32F1xx_HAL_Driver/Inc/Legacy -I../Drivers/STM32F1xx_HAL_Driver/Inc -I../Drivers/CMSIS/Device/ST/STM32F1xx/Include -I../Drivers/CMSIS/Include -O0 -ffunction-sections -fdata-sections -Wall -fstack-usage -fcyclomatic-complexity -MMD -MP -MF"Core/Src/syscalls.d" -MT"Core/Src/syscalls.o" --specs=nano.specs -mfloat-abi=soft -mthumb -o "Core/Src/syscalls.o"
arm-none-eabi-gcc "../Core/Src/sysmem.c" -mcpu=cortex-m3 -std=gnu11 -g3 -DDEBUG -DUSE_HAL_DRIVER -DSTM32F103xB -c -I../Core/Inc -I../Drivers/STM32F1xx_HAL_Driver/Inc/Legacy -I../Drivers/STM32F1xx_HAL_Driver/Inc -I../Drivers/CMSIS/Device/ST/STM32F1xx/Include -I../Drivers/CMSIS/Include -O0 -ffunction-sections -fdata-sections -Wall -fstack-usage -fcyclomatic-complexity -MMD -MP -MF"Core/Src/sysmem.d" -MT"Core/Src/sysmem.o" --specs=nano.specs -mfloat-abi=soft -mthumb -o "Core/Src/sysmem.o"
arm-none-eabi-gcc "../Core/Src/system_stm32f1xx.c" -mcpu=cortex-m3 -std=gnu11 -g3 -DDEBUG -DUSE_HAL_DRIVER -DSTM32F103xB -c -I../Core/Inc -I../Drivers/STM32F1xx_HAL_Driver/Inc/Legacy -I../Drivers/STM32F1xx_HAL_Driver/Inc -I../Drivers/CMSIS/Device/ST/STM32F1xx/Include -I../Drivers/CMSIS/Include -O0 -ffunction-sections -fdata-sections -Wall -fstack-usage -fcyclomatic-complexity -MMD -MP -MF"Core/Src/system_stm32f1xx.d" -MT"Core/Src/system_stm32f1xx.o" --specs=nano.specs -mfloat-abi=soft -mthumb -o "Core/Src/system_stm32f1xx.o"
arm-none-eabi-gcc -o "MICRO_P04_Q1_ALYSSON_VICTORIA.elf" @"objects.list"   -mcpu=cortex-m3 -T"C:\Users\lucas\Desktop\Disciplinas\2026.1 (atual)\microcontroladores\Microcontroladores\MICRO_P04_Alysson_Lucas_e_Maria_Victoria\MICRO_P04_Q1_ALYSSON_VICTORIA\STM32F103C8TX_FLASH.ld" --specs=nosys.specs -Wl,-Map="MICRO_P04_Q1_ALYSSON_VICTORIA.map" -Wl,--gc-sections -static --specs=nano.specs -mfloat-abi=soft -mthumb -Wl,--start-group -lc -lm -Wl,--end-group
Finished building target: MICRO_P04_Q1_ALYSSON_VICTORIA.elf
 
arm-none-eabi-size  MICRO_P04_Q1_ALYSSON_VICTORIA.elf 
arm-none-eabi-objdump -h -S MICRO_P04_Q1_ALYSSON_VICTORIA.elf  > "MICRO_P04_Q1_ALYSSON_VICTORIA.list"
   text	   data	    bss	    dec	    hex	filename
   8488	     12	   1620	  10120	   2788	MICRO_P04_Q1_ALYSSON_VICTORIA.elf
Finished building: default.size.stdout
 
Finished building: MICRO_P04_Q1_ALYSSON_VICTORIA.list
 
15:26:06 **** Incremental Build of configuration Debug for project MICRO_P04_Q1_ALYSSON_VICTORIA ****
make -j16 all 
arm-none-eabi-size  MICRO_P04_Q1_ALYSSON_VICTORIA.elf 
   text	   data	    bss	    dec	    hex	filename
   8488	     12	   1620	  10120	   2788	MICRO_P04_Q1_ALYSSON_VICTORIA.elf
Finished building: default.size.stdout
 
15:29:00 **** Incremental Build of configuration Debug for project MICRO_P04_Q1_ALYSSON_VICTORIA ****
make -j16 all 
arm-none-eabi-size  MICRO_P04_Q1_ALYSSON_VICTORIA.elf 
   text	   data	    bss	    dec	    hex	filename
   8488	     12	   1620	  10120	   2788	MICRO_P04_Q1_ALYSSON_VICTORIA.elf
Finished building: default.size.stdout
 
15:30:23 **** Incremental Build of configuration Debug for project MICRO_P04_Q1_ALYSSON_VICTORIA ****
make -j16 all 
arm-none-eabi-size  MICRO_P04_Q1_ALYSSON_VICTORIA.elf 
   text	   data	    bss	    dec	    hex	filename
   8488	     12	   1620	  10120	   2788	MICRO_P04_Q1_ALYSSON_VICTORIA.elf
Finished building: default.size.stdout
 
15:33:54 **** Incremental Build of configuration Debug for project MICRO_P04_Q1_ALYSSON_VICTORIA ****
make -j16 all 
arm-none-eabi-size  MICRO_P04_Q1_ALYSSON_VICTORIA.elf 
   text	   data	    bss	    dec	    hex	filename
   8488	     12	   1620	  10120	   2788	MICRO_P04_Q1_ALYSSON_VICTORIA.elf
Finished building: default.size.stdout
 
15:35:16 **** Incremental Build of configuration Debug for project MICRO_P04_Q1_ALYSSON_VICTORIA ****
make -j16 all 
arm-none-eabi-size  MICRO_P04_Q1_ALYSSON_VICTORIA.elf 
   text	   data	    bss	    dec	    hex	filename
   8488	     12	   1620	  10120	   2788	MICRO_P04_Q1_ALYSSON_VICTORIA.elf
Finished building: default.size.stdout
 
15:35:44 **** Incremental Build of configuration Debug for project MICRO_P05_Q1_ALYSSON_VICTORIA ****
make -j16 all 
arm-none-eabi-size  MICRO_P05_Q1_ALYSSON_VICTORIA.elf 
   text	   data	    bss	    dec	    hex	filename
  42260	    464	   6880	  49604	   c1c4	MICRO_P05_Q1_ALYSSON_VICTORIA.elf
Finished building: default.size.stdout
 
15:41:47 **** Incremental Build of configuration Debug for project MICRO_P05_Q1_ALYSSON_VICTORIA ****
make -j16 all 
arm-none-eabi-size  MICRO_P05_Q1_ALYSSON_VICTORIA.elf 
   text	   data	    bss	    dec	    hex	filename
  42260	    464	   6880	  49604	   c1c4	MICRO_P05_Q1_ALYSSON_VICTORIA.elf
Finished building: default.size.stdout
 
15:57:00 **** Incremental Build of configuration Debug for project MICRO_P05_Q1_ALYSSON_VICTORIA ****
make -j16 all 
arm-none-eabi-size  MICRO_P05_Q1_ALYSSON_VICTORIA.elf 
   text	   data	    bss	    dec	    hex	filename
  42260	    464	   6880	  49604	   c1c4	MICRO_P05_Q1_ALYSSON_VICTORIA.elf
Finished building: default.size.stdout
 
09:46:15 **** Clean-only build of configuration Debug for project MICRO_PROJETO_ALYSSON_VICTORIA ****
make -j16 clean 
rm -rf ./Drivers/STM32F1xx_HAL_Driver/Src/stm32f1xx_hal.cyclo ./Drivers/STM32F1xx_HAL_Driver/Src/stm32f1xx_hal.d ./Drivers/STM32F1xx_HAL_Driver/Src/stm32f1xx_hal.o ./Drivers/STM32F1xx_HAL_Driver/Src/stm32f1xx_hal.su ./Drivers/STM32F1xx_HAL_Driver/Src/stm32f1xx_hal_adc.cyclo ./Drivers/STM32F1xx_HAL_Driver/Src/stm32f1xx_hal_adc.d ./Drivers/STM32F1xx_HAL_Driver/Src/stm32f1xx_hal_adc.o ./Drivers/STM32F1xx_HAL_Driver/Src/stm32f1xx_hal_adc.su ./Drivers/STM32F1xx_HAL_Driver/Src/stm32f1xx_hal_adc_ex.cyclo ./Drivers/STM32F1xx_HAL_Driver/Src/stm32f1xx_hal_adc_ex.d ./Drivers/STM32F1xx_HAL_Driver/Src/stm32f1xx_hal_adc_ex.o ./Drivers/STM32F1xx_HAL_Driver/Src/stm32f1xx_hal_adc_ex.su ./Drivers/STM32F1xx_HAL_Driver/Src/stm32f1xx_hal_cortex.cyclo ./Drivers/STM32F1xx_HAL_Driver/Src/stm32f1xx_hal_cortex.d ./Drivers/STM32F1xx_HAL_Driver/Src/stm32f1xx_hal_cortex.o ./Drivers/STM32F1xx_HAL_Driver/Src/stm32f1xx_hal_cortex.su ./Drivers/STM32F1xx_HAL_Driver/Src/stm32f1xx_hal_dma.cyclo ./Drivers/STM32F1xx_HAL_Driver/Src/stm32f1xx_hal_dma.d ./Drivers/STM32F1xx_HAL_Driver/Src/stm32f1xx_hal_dma.o ./Drivers/STM32F1xx_HAL_Driver/Src/stm32f1xx_hal_dma.su ./Drivers/STM32F1xx_HAL_Driver/Src/stm32f1xx_hal_exti.cyclo ./Drivers/STM32F1xx_HAL_Driver/Src/stm32f1xx_hal_exti.d ./Drivers/STM32F1xx_HAL_Driver/Src/stm32f1xx_hal_exti.o ./Drivers/STM32F1xx_HAL_Driver/Src/stm32f1xx_hal_exti.su ./Drivers/STM32F1xx_HAL_Driver/Src/stm32f1xx_hal_flash.cyclo ./Drivers/STM32F1xx_HAL_Driver/Src/stm32f1xx_hal_flash.d ./Drivers/STM32F1xx_HAL_Driver/Src/stm32f1xx_hal_flash.o ./Drivers/STM32F1xx_HAL_Driver/Src/stm32f1xx_hal_flash.su ./Drivers/STM32F1xx_HAL_Driver/Src/stm32f1xx_hal_flash_ex.cyclo ./Drivers/STM32F1xx_HAL_Driver/Src/stm32f1xx_hal_flash_ex.d ./Drivers/STM32F1xx_HAL_Driver/Src/stm32f1xx_hal_flash_ex.o ./Drivers/STM32F1xx_HAL_Driver/Src/stm32f1xx_hal_flash_ex.su ./Drivers/STM32F1xx_HAL_Driver/Src/stm32f1xx_hal_gpio.cyclo ./Drivers/STM32F1xx_HAL_Driver/Src/stm32f1xx_hal_gpio.d ./Drivers/STM32F1xx_HAL_Driver/Src/stm32f1xx_hal_gpio.o ./Drivers/STM32F1xx_HAL_Driver/Src/stm32f1xx_hal_gpio.su ./Drivers/STM32F1xx_HAL_Driver/Src/stm32f1xx_hal_gpio_ex.cyclo ./Drivers/STM32F1xx_HAL_Driver/Src/stm32f1xx_hal_gpio_ex.d ./Drivers/STM32F1xx_HAL_Driver/Src/stm32f1xx_hal_gpio_ex.o ./Drivers/STM32F1xx_HAL_Driver/Src/stm32f1xx_hal_gpio_ex.su ./Drivers/STM32F1xx_HAL_Driver/Src/stm32f1xx_hal_i2c.cyclo ./Drivers/STM32F1xx_HAL_Driver/Src/stm32f1xx_hal_i2c.d ./Drivers/STM32F1xx_HAL_Driver/Src/stm32f1xx_hal_i2c.o ./Drivers/STM32F1xx_HAL_Driver/Src/stm32f1xx_hal_i2c.su ./Drivers/STM32F1xx_HAL_Driver/Src/stm32f1xx_hal_pwr.cyclo ./Drivers/STM32F1xx_HAL_Driver/Src/stm32f1xx_hal_pwr.d ./Drivers/STM32F1xx_HAL_Driver/Src/stm32f1xx_hal_pwr.o ./Drivers/STM32F1xx_HAL_Driver/Src/stm32f1xx_hal_pwr.su ./Drivers/STM32F1xx_HAL_Driver/Src/stm32f1xx_hal_rcc.cyclo ./Drivers/STM32F1xx_HAL_Driver/Src/stm32f1xx_hal_rcc.d ./Drivers/STM32F1xx_HAL_Driver/Src/stm32f1xx_hal_rcc.o ./Drivers/STM32F1xx_HAL_Driver/Src/stm32f1xx_hal_rcc.su ./Drivers/STM32F1xx_HAL_Driver/Src/stm32f1xx_hal_rcc_ex.cyclo ./Drivers/STM32F1xx_HAL_Driver/Src/stm32f1xx_hal_rcc_ex.d ./Drivers/STM32F1xx_HAL_Driver/Src/stm32f1xx_hal_rcc_ex.o ./Drivers/STM32F1xx_HAL_Driver/Src/stm32f1xx_hal_rcc_ex.su ./Drivers/STM32F1xx_HAL_Driver/Src/stm32f1xx_hal_tim.cyclo ./Drivers/STM32F1xx_HAL_Driver/Src/stm32f1xx_hal_tim.d ./Drivers/STM32F1xx_HAL_Driver/Src/stm32f1xx_hal_tim.o ./Drivers/STM32F1xx_HAL_Driver/Src/stm32f1xx_hal_tim.su ./Drivers/STM32F1xx_HAL_Driver/Src/stm32f1xx_hal_tim_ex.cyclo ./Drivers/STM32F1xx_HAL_Driver/Src/stm32f1xx_hal_tim_ex.d ./Drivers/STM32F1xx_HAL_Driver/Src/stm32f1xx_hal_tim_ex.o ./Drivers/STM32F1xx_HAL_Driver/Src/stm32f1xx_hal_tim_ex.su
rm -rf ./Core/Startup/startup_stm32f103c8tx.d ./Core/Startup/startup_stm32f103c8tx.o
rm -rf ./Core/Src/buzzer.cyclo ./Core/Src/buzzer.d ./Core/Src/buzzer.o ./Core/Src/buzzer.su ./Core/Src/display_oled.cyclo ./Core/Src/display_oled.d ./Core/Src/display_oled.o ./Core/Src/display_oled.su ./Core/Src/fonts.cyclo ./Core/Src/fonts.d ./Core/Src/fonts.o ./Core/Src/fonts.su ./Core/Src/joystick.cyclo ./Core/Src/joystick.d ./Core/Src/joystick.o ./Core/Src/joystick.su ./Core/Src/main.cyclo ./Core/Src/main.d ./Core/Src/main.o ./Core/Src/main.su ./Core/Src/rgb_led.cyclo ./Core/Src/rgb_led.d ./Core/Src/rgb_led.o ./Core/Src/rgb_led.su ./Core/Src/stm32f1xx_hal_msp.cyclo ./Core/Src/stm32f1xx_hal_msp.d ./Core/Src/stm32f1xx_hal_msp.o ./Core/Src/stm32f1xx_hal_msp.su ./Core/Src/stm32f1xx_it.cyclo ./Core/Src/stm32f1xx_it.d ./Core/Src/stm32f1xx_it.o ./Core/Src/stm32f1xx_it.su ./Core/Src/syscalls.cyclo ./Core/Src/syscalls.d ./Core/Src/syscalls.o ./Core/Src/syscalls.su ./Core/Src/sysmem.cyclo ./Core/Src/sysmem.d ./Core/Src/sysmem.o ./Core/Src/sysmem.su ./Core/Src/system_stm32f1xx.cyclo ./Core/Src/system_stm32f1xx.d ./Core/Src/system_stm32f1xx.o ./Core/Src/system_stm32f1xx.su
rm -rf MICRO_PROJETO_ALYSSON_VICTORIA.elf MICRO_PROJETO_ALYSSON_VICTORIA.list MICRO_PROJETO_ALYSSON_VICTORIA.map default.size.stdout
 
09:46:18 **** Build of configuration Debug for project MICRO_PROJETO_ALYSSON_VICTORIA ****
make -j16 all 
arm-none-eabi-gcc "../Drivers/STM32F1xx_HAL_Driver/Src/stm32f1xx_hal.c" -mcpu=cortex-m3 -std=gnu11 -g3 -DDEBUG -DUSE_HAL_DRIVER -DSTM32F103xB -c -I../Core/Inc -I../Drivers/STM32F1xx_HAL_Driver/Inc -I../Drivers/STM32F1xx_HAL_Driver/Inc/Legacy -I../Drivers/CMSIS/Device/ST/STM32F1xx/Include -I../Drivers/CMSIS/Include -O0 -ffunction-sections -fdata-sections -Wall -fstack-usage -fcyclomatic-complexity -MMD -MP -MF"Drivers/STM32F1xx_HAL_Driver/Src/stm32f1xx_hal.d" -MT"Drivers/STM32F1xx_HAL_Driver/Src/stm32f1xx_hal.o" --specs=nano.specs -mfloat-abi=soft -mthumb -o "Drivers/STM32F1xx_HAL_Driver/Src/stm32f1xx_hal.o"
arm-none-eabi-gcc "../Drivers/STM32F1xx_HAL_Driver/Src/stm32f1xx_hal_adc.c" -mcpu=cortex-m3 -std=gnu11 -g3 -DDEBUG -DUSE_HAL_DRIVER -DSTM32F103xB -c -I../Core/Inc -I../Drivers/STM32F1xx_HAL_Driver/Inc -I../Drivers/STM32F1xx_HAL_Driver/Inc/Legacy -I../Drivers/CMSIS/Device/ST/STM32F1xx/Include -I../Drivers/CMSIS/Include -O0 -ffunction-sections -fdata-sections -Wall -fstack-usage -fcyclomatic-complexity -MMD -MP -MF"Drivers/STM32F1xx_HAL_Driver/Src/stm32f1xx_hal_adc.d" -MT"Drivers/STM32F1xx_HAL_Driver/Src/stm32f1xx_hal_adc.o" --specs=nano.specs -mfloat-abi=soft -mthumb -o "Drivers/STM32F1xx_HAL_Driver/Src/stm32f1xx_hal_adc.o"
arm-none-eabi-gcc "../Drivers/STM32F1xx_HAL_Driver/Src/stm32f1xx_hal_adc_ex.c" -mcpu=cortex-m3 -std=gnu11 -g3 -DDEBUG -DUSE_HAL_DRIVER -DSTM32F103xB -c -I../Core/Inc -I../Drivers/STM32F1xx_HAL_Driver/Inc -I../Drivers/STM32F1xx_HAL_Driver/Inc/Legacy -I../Drivers/CMSIS/Device/ST/STM32F1xx/Include -I../Drivers/CMSIS/Include -O0 -ffunction-sections -fdata-sections -Wall -fstack-usage -fcyclomatic-complexity -MMD -MP -MF"Drivers/STM32F1xx_HAL_Driver/Src/stm32f1xx_hal_adc_ex.d" -MT"Drivers/STM32F1xx_HAL_Driver/Src/stm32f1xx_hal_adc_ex.o" --specs=nano.specs -mfloat-abi=soft -mthumb -o "Drivers/STM32F1xx_HAL_Driver/Src/stm32f1xx_hal_adc_ex.o"
arm-none-eabi-gcc "../Drivers/STM32F1xx_HAL_Driver/Src/stm32f1xx_hal_cortex.c" -mcpu=cortex-m3 -std=gnu11 -g3 -DDEBUG -DUSE_HAL_DRIVER -DSTM32F103xB -c -I../Core/Inc -I../Drivers/STM32F1xx_HAL_Driver/Inc -I../Drivers/STM32F1xx_HAL_Driver/Inc/Legacy -I../Drivers/CMSIS/Device/ST/STM32F1xx/Include -I../Drivers/CMSIS/Include -O0 -ffunction-sections -fdata-sections -Wall -fstack-usage -fcyclomatic-complexity -MMD -MP -MF"Drivers/STM32F1xx_HAL_Driver/Src/stm32f1xx_hal_cortex.d" -MT"Drivers/STM32F1xx_HAL_Driver/Src/stm32f1xx_hal_cortex.o" --specs=nano.specs -mfloat-abi=soft -mthumb -o "Drivers/STM32F1xx_HAL_Driver/Src/stm32f1xx_hal_cortex.o"
arm-none-eabi-gcc "../Drivers/STM32F1xx_HAL_Driver/Src/stm32f1xx_hal_dma.c" -mcpu=cortex-m3 -std=gnu11 -g3 -DDEBUG -DUSE_HAL_DRIVER -DSTM32F103xB -c -I../Core/Inc -I../Drivers/STM32F1xx_HAL_Driver/Inc -I../Drivers/STM32F1xx_HAL_Driver/Inc/Legacy -I../Drivers/CMSIS/Device/ST/STM32F1xx/Include -I../Drivers/CMSIS/Include -O0 -ffunction-sections -fdata-sections -Wall -fstack-usage -fcyclomatic-complexity -MMD -MP -MF"Drivers/STM32F1xx_HAL_Driver/Src/stm32f1xx_hal_dma.d" -MT"Drivers/STM32F1xx_HAL_Driver/Src/stm32f1xx_hal_dma.o" --specs=nano.specs -mfloat-abi=soft -mthumb -o "Drivers/STM32F1xx_HAL_Driver/Src/stm32f1xx_hal_dma.o"
arm-none-eabi-gcc "../Drivers/STM32F1xx_HAL_Driver/Src/stm32f1xx_hal_exti.c" -mcpu=cortex-m3 -std=gnu11 -g3 -DDEBUG -DUSE_HAL_DRIVER -DSTM32F103xB -c -I../Core/Inc -I../Drivers/STM32F1xx_HAL_Driver/Inc -I../Drivers/STM32F1xx_HAL_Driver/Inc/Legacy -I../Drivers/CMSIS/Device/ST/STM32F1xx/Include -I../Drivers/CMSIS/Include -O0 -ffunction-sections -fdata-sections -Wall -fstack-usage -fcyclomatic-complexity -MMD -MP -MF"Drivers/STM32F1xx_HAL_Driver/Src/stm32f1xx_hal_exti.d" -MT"Drivers/STM32F1xx_HAL_Driver/Src/stm32f1xx_hal_exti.o" --specs=nano.specs -mfloat-abi=soft -mthumb -o "Drivers/STM32F1xx_HAL_Driver/Src/stm32f1xx_hal_exti.o"
arm-none-eabi-gcc "../Drivers/STM32F1xx_HAL_Driver/Src/stm32f1xx_hal_flash.c" -mcpu=cortex-m3 -std=gnu11 -g3 -DDEBUG -DUSE_HAL_DRIVER -DSTM32F103xB -c -I../Core/Inc -I../Drivers/STM32F1xx_HAL_Driver/Inc -I../Drivers/STM32F1xx_HAL_Driver/Inc/Legacy -I../Drivers/CMSIS/Device/ST/STM32F1xx/Include -I../Drivers/CMSIS/Include -O0 -ffunction-sections -fdata-sections -Wall -fstack-usage -fcyclomatic-complexity -MMD -MP -MF"Drivers/STM32F1xx_HAL_Driver/Src/stm32f1xx_hal_flash.d" -MT"Drivers/STM32F1xx_HAL_Driver/Src/stm32f1xx_hal_flash.o" --specs=nano.specs -mfloat-abi=soft -mthumb -o "Drivers/STM32F1xx_HAL_Driver/Src/stm32f1xx_hal_flash.o"
arm-none-eabi-gcc "../Drivers/STM32F1xx_HAL_Driver/Src/stm32f1xx_hal_flash_ex.c" -mcpu=cortex-m3 -std=gnu11 -g3 -DDEBUG -DUSE_HAL_DRIVER -DSTM32F103xB -c -I../Core/Inc -I../Drivers/STM32F1xx_HAL_Driver/Inc -I../Drivers/STM32F1xx_HAL_Driver/Inc/Legacy -I../Drivers/CMSIS/Device/ST/STM32F1xx/Include -I../Drivers/CMSIS/Include -O0 -ffunction-sections -fdata-sections -Wall -fstack-usage -fcyclomatic-complexity -MMD -MP -MF"Drivers/STM32F1xx_HAL_Driver/Src/stm32f1xx_hal_flash_ex.d" -MT"Drivers/STM32F1xx_HAL_Driver/Src/stm32f1xx_hal_flash_ex.o" --specs=nano.specs -mfloat-abi=soft -mthumb -o "Drivers/STM32F1xx_HAL_Driver/Src/stm32f1xx_hal_flash_ex.o"
arm-none-eabi-gcc "../Drivers/STM32F1xx_HAL_Driver/Src/stm32f1xx_hal_gpio.c" -mcpu=cortex-m3 -std=gnu11 -g3 -DDEBUG -DUSE_HAL_DRIVER -DSTM32F103xB -c -I../Core/Inc -I../Drivers/STM32F1xx_HAL_Driver/Inc -I../Drivers/STM32F1xx_HAL_Driver/Inc/Legacy -I../Drivers/CMSIS/Device/ST/STM32F1xx/Include -I../Drivers/CMSIS/Include -O0 -ffunction-sections -fdata-sections -Wall -fstack-usage -fcyclomatic-complexity -MMD -MP -MF"Drivers/STM32F1xx_HAL_Driver/Src/stm32f1xx_hal_gpio.d" -MT"Drivers/STM32F1xx_HAL_Driver/Src/stm32f1xx_hal_gpio.o" --specs=nano.specs -mfloat-abi=soft -mthumb -o "Drivers/STM32F1xx_HAL_Driver/Src/stm32f1xx_hal_gpio.o"
arm-none-eabi-gcc "../Drivers/STM32F1xx_HAL_Driver/Src/stm32f1xx_hal_gpio_ex.c" -mcpu=cortex-m3 -std=gnu11 -g3 -DDEBUG -DUSE_HAL_DRIVER -DSTM32F103xB -c -I../Core/Inc -I../Drivers/STM32F1xx_HAL_Driver/Inc -I../Drivers/STM32F1xx_HAL_Driver/Inc/Legacy -I../Drivers/CMSIS/Device/ST/STM32F1xx/Include -I../Drivers/CMSIS/Include -O0 -ffunction-sections -fdata-sections -Wall -fstack-usage -fcyclomatic-complexity -MMD -MP -MF"Drivers/STM32F1xx_HAL_Driver/Src/stm32f1xx_hal_gpio_ex.d" -MT"Drivers/STM32F1xx_HAL_Driver/Src/stm32f1xx_hal_gpio_ex.o" --specs=nano.specs -mfloat-abi=soft -mthumb -o "Drivers/STM32F1xx_HAL_Driver/Src/stm32f1xx_hal_gpio_ex.o"
arm-none-eabi-gcc "../Drivers/STM32F1xx_HAL_Driver/Src/stm32f1xx_hal_i2c.c" -mcpu=cortex-m3 -std=gnu11 -g3 -DDEBUG -DUSE_HAL_DRIVER -DSTM32F103xB -c -I../Core/Inc -I../Drivers/STM32F1xx_HAL_Driver/Inc -I../Drivers/STM32F1xx_HAL_Driver/Inc/Legacy -I../Drivers/CMSIS/Device/ST/STM32F1xx/Include -I../Drivers/CMSIS/Include -O0 -ffunction-sections -fdata-sections -Wall -fstack-usage -fcyclomatic-complexity -MMD -MP -MF"Drivers/STM32F1xx_HAL_Driver/Src/stm32f1xx_hal_i2c.d" -MT"Drivers/STM32F1xx_HAL_Driver/Src/stm32f1xx_hal_i2c.o" --specs=nano.specs -mfloat-abi=soft -mthumb -o "Drivers/STM32F1xx_HAL_Driver/Src/stm32f1xx_hal_i2c.o"
arm-none-eabi-gcc "../Drivers/STM32F1xx_HAL_Driver/Src/stm32f1xx_hal_pwr.c" -mcpu=cortex-m3 -std=gnu11 -g3 -DDEBUG -DUSE_HAL_DRIVER -DSTM32F103xB -c -I../Core/Inc -I../Drivers/STM32F1xx_HAL_Driver/Inc -I../Drivers/STM32F1xx_HAL_Driver/Inc/Legacy -I../Drivers/CMSIS/Device/ST/STM32F1xx/Include -I../Drivers/CMSIS/Include -O0 -ffunction-sections -fdata-sections -Wall -fstack-usage -fcyclomatic-complexity -MMD -MP -MF"Drivers/STM32F1xx_HAL_Driver/Src/stm32f1xx_hal_pwr.d" -MT"Drivers/STM32F1xx_HAL_Driver/Src/stm32f1xx_hal_pwr.o" --specs=nano.specs -mfloat-abi=soft -mthumb -o "Drivers/STM32F1xx_HAL_Driver/Src/stm32f1xx_hal_pwr.o"
arm-none-eabi-gcc "../Drivers/STM32F1xx_HAL_Driver/Src/stm32f1xx_hal_rcc.c" -mcpu=cortex-m3 -std=gnu11 -g3 -DDEBUG -DUSE_HAL_DRIVER -DSTM32F103xB -c -I../Core/Inc -I../Drivers/STM32F1xx_HAL_Driver/Inc -I../Drivers/STM32F1xx_HAL_Driver/Inc/Legacy -I../Drivers/CMSIS/Device/ST/STM32F1xx/Include -I../Drivers/CMSIS/Include -O0 -ffunction-sections -fdata-sections -Wall -fstack-usage -fcyclomatic-complexity -MMD -MP -MF"Drivers/STM32F1xx_HAL_Driver/Src/stm32f1xx_hal_rcc.d" -MT"Drivers/STM32F1xx_HAL_Driver/Src/stm32f1xx_hal_rcc.o" --specs=nano.specs -mfloat-abi=soft -mthumb -o "Drivers/STM32F1xx_HAL_Driver/Src/stm32f1xx_hal_rcc.o"
arm-none-eabi-gcc "../Drivers/STM32F1xx_HAL_Driver/Src/stm32f1xx_hal_rcc_ex.c" -mcpu=cortex-m3 -std=gnu11 -g3 -DDEBUG -DUSE_HAL_DRIVER -DSTM32F103xB -c -I../Core/Inc -I../Drivers/STM32F1xx_HAL_Driver/Inc -I../Drivers/STM32F1xx_HAL_Driver/Inc/Legacy -I../Drivers/CMSIS/Device/ST/STM32F1xx/Include -I../Drivers/CMSIS/Include -O0 -ffunction-sections -fdata-sections -Wall -fstack-usage -fcyclomatic-complexity -MMD -MP -MF"Drivers/STM32F1xx_HAL_Driver/Src/stm32f1xx_hal_rcc_ex.d" -MT"Drivers/STM32F1xx_HAL_Driver/Src/stm32f1xx_hal_rcc_ex.o" --specs=nano.specs -mfloat-abi=soft -mthumb -o "Drivers/STM32F1xx_HAL_Driver/Src/stm32f1xx_hal_rcc_ex.o"
arm-none-eabi-gcc "../Drivers/STM32F1xx_HAL_Driver/Src/stm32f1xx_hal_tim.c" -mcpu=cortex-m3 -std=gnu11 -g3 -DDEBUG -DUSE_HAL_DRIVER -DSTM32F103xB -c -I../Core/Inc -I../Drivers/STM32F1xx_HAL_Driver/Inc -I../Drivers/STM32F1xx_HAL_Driver/Inc/Legacy -I../Drivers/CMSIS/Device/ST/STM32F1xx/Include -I../Drivers/CMSIS/Include -O0 -ffunction-sections -fdata-sections -Wall -fstack-usage -fcyclomatic-complexity -MMD -MP -MF"Drivers/STM32F1xx_HAL_Driver/Src/stm32f1xx_hal_tim.d" -MT"Drivers/STM32F1xx_HAL_Driver/Src/stm32f1xx_hal_tim.o" --specs=nano.specs -mfloat-abi=soft -mthumb -o "Drivers/STM32F1xx_HAL_Driver/Src/stm32f1xx_hal_tim.o"
arm-none-eabi-gcc "../Drivers/STM32F1xx_HAL_Driver/Src/stm32f1xx_hal_tim_ex.c" -mcpu=cortex-m3 -std=gnu11 -g3 -DDEBUG -DUSE_HAL_DRIVER -DSTM32F103xB -c -I../Core/Inc -I../Drivers/STM32F1xx_HAL_Driver/Inc -I../Drivers/STM32F1xx_HAL_Driver/Inc/Legacy -I../Drivers/CMSIS/Device/ST/STM32F1xx/Include -I../Drivers/CMSIS/Include -O0 -ffunction-sections -fdata-sections -Wall -fstack-usage -fcyclomatic-complexity -MMD -MP -MF"Drivers/STM32F1xx_HAL_Driver/Src/stm32f1xx_hal_tim_ex.d" -MT"Drivers/STM32F1xx_HAL_Driver/Src/stm32f1xx_hal_tim_ex.o" --specs=nano.specs -mfloat-abi=soft -mthumb -o "Drivers/STM32F1xx_HAL_Driver/Src/stm32f1xx_hal_tim_ex.o"
arm-none-eabi-gcc -mcpu=cortex-m3 -g3 -DDEBUG -c -x assembler-with-cpp -MMD -MP -MF"Core/Startup/startup_stm32f103c8tx.d" -MT"Core/Startup/startup_stm32f103c8tx.o" --specs=nano.specs -mfloat-abi=soft -mthumb -o "Core/Startup/startup_stm32f103c8tx.o" "../Core/Startup/startup_stm32f103c8tx.s"
arm-none-eabi-gcc "../Core/Src/buzzer.c" -mcpu=cortex-m3 -std=gnu11 -g3 -DDEBUG -DUSE_HAL_DRIVER -DSTM32F103xB -c -I../Core/Inc -I../Drivers/STM32F1xx_HAL_Driver/Inc -I../Drivers/STM32F1xx_HAL_Driver/Inc/Legacy -I../Drivers/CMSIS/Device/ST/STM32F1xx/Include -I../Drivers/CMSIS/Include -O0 -ffunction-sections -fdata-sections -Wall -fstack-usage -fcyclomatic-complexity -MMD -MP -MF"Core/Src/buzzer.d" -MT"Core/Src/buzzer.o" --specs=nano.specs -mfloat-abi=soft -mthumb -o "Core/Src/buzzer.o"
arm-none-eabi-gcc "../Core/Src/display_oled.c" -mcpu=cortex-m3 -std=gnu11 -g3 -DDEBUG -DUSE_HAL_DRIVER -DSTM32F103xB -c -I../Core/Inc -I../Drivers/STM32F1xx_HAL_Driver/Inc -I../Drivers/STM32F1xx_HAL_Driver/Inc/Legacy -I../Drivers/CMSIS/Device/ST/STM32F1xx/Include -I../Drivers/CMSIS/Include -O0 -ffunction-sections -fdata-sections -Wall -fstack-usage -fcyclomatic-complexity -MMD -MP -MF"Core/Src/display_oled.d" -MT"Core/Src/display_oled.o" --specs=nano.specs -mfloat-abi=soft -mthumb -o "Core/Src/display_oled.o"
arm-none-eabi-gcc "../Core/Src/fonts.c" -mcpu=cortex-m3 -std=gnu11 -g3 -DDEBUG -DUSE_HAL_DRIVER -DSTM32F103xB -c -I../Core/Inc -I../Drivers/STM32F1xx_HAL_Driver/Inc -I../Drivers/STM32F1xx_HAL_Driver/Inc/Legacy -I../Drivers/CMSIS/Device/ST/STM32F1xx/Include -I../Drivers/CMSIS/Include -O0 -ffunction-sections -fdata-sections -Wall -fstack-usage -fcyclomatic-complexity -MMD -MP -MF"Core/Src/fonts.d" -MT"Core/Src/fonts.o" --specs=nano.specs -mfloat-abi=soft -mthumb -o "Core/Src/fonts.o"
arm-none-eabi-gcc "../Core/Src/joystick.c" -mcpu=cortex-m3 -std=gnu11 -g3 -DDEBUG -DUSE_HAL_DRIVER -DSTM32F103xB -c -I../Core/Inc -I../Drivers/STM32F1xx_HAL_Driver/Inc -I../Drivers/STM32F1xx_HAL_Driver/Inc/Legacy -I../Drivers/CMSIS/Device/ST/STM32F1xx/Include -I../Drivers/CMSIS/Include -O0 -ffunction-sections -fdata-sections -Wall -fstack-usage -fcyclomatic-complexity -MMD -MP -MF"Core/Src/joystick.d" -MT"Core/Src/joystick.o" --specs=nano.specs -mfloat-abi=soft -mthumb -o "Core/Src/joystick.o"
arm-none-eabi-gcc "../Core/Src/main.c" -mcpu=cortex-m3 -std=gnu11 -g3 -DDEBUG -DUSE_HAL_DRIVER -DSTM32F103xB -c -I../Core/Inc -I../Drivers/STM32F1xx_HAL_Driver/Inc -I../Drivers/STM32F1xx_HAL_Driver/Inc/Legacy -I../Drivers/CMSIS/Device/ST/STM32F1xx/Include -I../Drivers/CMSIS/Include -O0 -ffunction-sections -fdata-sections -Wall -fstack-usage -fcyclomatic-complexity -MMD -MP -MF"Core/Src/main.d" -MT"Core/Src/main.o" --specs=nano.specs -mfloat-abi=soft -mthumb -o "Core/Src/main.o"
arm-none-eabi-gcc "../Core/Src/rgb_led.c" -mcpu=cortex-m3 -std=gnu11 -g3 -DDEBUG -DUSE_HAL_DRIVER -DSTM32F103xB -c -I../Core/Inc -I../Drivers/STM32F1xx_HAL_Driver/Inc -I../Drivers/STM32F1xx_HAL_Driver/Inc/Legacy -I../Drivers/CMSIS/Device/ST/STM32F1xx/Include -I../Drivers/CMSIS/Include -O0 -ffunction-sections -fdata-sections -Wall -fstack-usage -fcyclomatic-complexity -MMD -MP -MF"Core/Src/rgb_led.d" -MT"Core/Src/rgb_led.o" --specs=nano.specs -mfloat-abi=soft -mthumb -o "Core/Src/rgb_led.o"
arm-none-eabi-gcc "../Core/Src/stm32f1xx_hal_msp.c" -mcpu=cortex-m3 -std=gnu11 -g3 -DDEBUG -DUSE_HAL_DRIVER -DSTM32F103xB -c -I../Core/Inc -I../Drivers/STM32F1xx_HAL_Driver/Inc -I../Drivers/STM32F1xx_HAL_Driver/Inc/Legacy -I../Drivers/CMSIS/Device/ST/STM32F1xx/Include -I../Drivers/CMSIS/Include -O0 -ffunction-sections -fdata-sections -Wall -fstack-usage -fcyclomatic-complexity -MMD -MP -MF"Core/Src/stm32f1xx_hal_msp.d" -MT"Core/Src/stm32f1xx_hal_msp.o" --specs=nano.specs -mfloat-abi=soft -mthumb -o "Core/Src/stm32f1xx_hal_msp.o"
arm-none-eabi-gcc "../Core/Src/stm32f1xx_it.c" -mcpu=cortex-m3 -std=gnu11 -g3 -DDEBUG -DUSE_HAL_DRIVER -DSTM32F103xB -c -I../Core/Inc -I../Drivers/STM32F1xx_HAL_Driver/Inc -I../Drivers/STM32F1xx_HAL_Driver/Inc/Legacy -I../Drivers/CMSIS/Device/ST/STM32F1xx/Include -I../Drivers/CMSIS/Include -O0 -ffunction-sections -fdata-sections -Wall -fstack-usage -fcyclomatic-complexity -MMD -MP -MF"Core/Src/stm32f1xx_it.d" -MT"Core/Src/stm32f1xx_it.o" --specs=nano.specs -mfloat-abi=soft -mthumb -o "Core/Src/stm32f1xx_it.o"
arm-none-eabi-gcc "../Core/Src/syscalls.c" -mcpu=cortex-m3 -std=gnu11 -g3 -DDEBUG -DUSE_HAL_DRIVER -DSTM32F103xB -c -I../Core/Inc -I../Drivers/STM32F1xx_HAL_Driver/Inc -I../Drivers/STM32F1xx_HAL_Driver/Inc/Legacy -I../Drivers/CMSIS/Device/ST/STM32F1xx/Include -I../Drivers/CMSIS/Include -O0 -ffunction-sections -fdata-sections -Wall -fstack-usage -fcyclomatic-complexity -MMD -MP -MF"Core/Src/syscalls.d" -MT"Core/Src/syscalls.o" --specs=nano.specs -mfloat-abi=soft -mthumb -o "Core/Src/syscalls.o"
arm-none-eabi-gcc "../Core/Src/sysmem.c" -mcpu=cortex-m3 -std=gnu11 -g3 -DDEBUG -DUSE_HAL_DRIVER -DSTM32F103xB -c -I../Core/Inc -I../Drivers/STM32F1xx_HAL_Driver/Inc -I../Drivers/STM32F1xx_HAL_Driver/Inc/Legacy -I../Drivers/CMSIS/Device/ST/STM32F1xx/Include -I../Drivers/CMSIS/Include -O0 -ffunction-sections -fdata-sections -Wall -fstack-usage -fcyclomatic-complexity -MMD -MP -MF"Core/Src/sysmem.d" -MT"Core/Src/sysmem.o" --specs=nano.specs -mfloat-abi=soft -mthumb -o "Core/Src/sysmem.o"
arm-none-eabi-gcc "../Core/Src/system_stm32f1xx.c" -mcpu=cortex-m3 -std=gnu11 -g3 -DDEBUG -DUSE_HAL_DRIVER -DSTM32F103xB -c -I../Core/Inc -I../Drivers/STM32F1xx_HAL_Driver/Inc -I../Drivers/STM32F1xx_HAL_Driver/Inc/Legacy -I../Drivers/CMSIS/Device/ST/STM32F1xx/Include -I../Drivers/CMSIS/Include -O0 -ffunction-sections -fdata-sections -Wall -fstack-usage -fcyclomatic-complexity -MMD -MP -MF"Core/Src/system_stm32f1xx.d" -MT"Core/Src/system_stm32f1xx.o" --specs=nano.specs -mfloat-abi=soft -mthumb -o "Core/Src/system_stm32f1xx.o"
../Core/Src/main.c: In function 'Gerenciar_Genius':
../Core/Src/main.c:548:21: error: 'GeniusGame' has no member named 'jogada_avaliada'
  548 |                 jogo->jogada_avaliada = 0; // Prepara para nova jogada
      |                     ^~
../Core/Src/main.c:555:25: error: 'GeniusGame' has no member named 'jogada_avaliada'
  555 |                 if (jogo->jogada_avaliada == 0) {
      |                         ^~
../Core/Src/main.c:575:25: error: 'GeniusGame' has no member named 'jogada_avaliada'
  575 |                     jogo->jogada_avaliada = 1; // Trava para não reavaliar no próximo loop
      |                         ^~
make: *** [Core/Src/subdir.mk:49: Core/Src/main.o] Error 1
make: *** Waiting for unfinished jobs....
"make -j16 all" terminated with exit code 2. Build might be incomplete.
09:48:24 **** Incremental Build of configuration Debug for project MICRO_PROJETO_ALYSSON_VICTORIA ****
make -j16 all 
arm-none-eabi-gcc "../Core/Src/main.c" -mcpu=cortex-m3 -std=gnu11 -g3 -DDEBUG -DUSE_HAL_DRIVER -DSTM32F103xB -c -I../Core/Inc -I../Drivers/STM32F1xx_HAL_Driver/Inc -I../Drivers/STM32F1xx_HAL_Driver/Inc/Legacy -I../Drivers/CMSIS/Device/ST/STM32F1xx/Include -I../Drivers/CMSIS/Include -O0 -ffunction-sections -fdata-sections -Wall -fstack-usage -fcyclomatic-complexity -MMD -MP -MF"Core/Src/main.d" -MT"Core/Src/main.o" --specs=nano.specs -mfloat-abi=soft -mthumb -o "Core/Src/main.o"
arm-none-eabi-gcc -o "MICRO_PROJETO_ALYSSON_VICTORIA.elf" @"objects.list"   -mcpu=cortex-m3 -T"C:\Users\lucas\Desktop\Disciplinas\2026.1 (atual)\microcontroladores\Microcontroladores\MICRO_PROJETO_Alysson_Lucas_e_Maria_Victoria\MICRO_PROJETO_ALYSSON_VICTORIA\STM32F103C8TX_FLASH.ld" --specs=nosys.specs -Wl,-Map="MICRO_PROJETO_ALYSSON_VICTORIA.map" -Wl,--gc-sections -static --specs=nano.specs -mfloat-abi=soft -mthumb -Wl,--start-group -lc -lm -Wl,--end-group
Finished building target: MICRO_PROJETO_ALYSSON_VICTORIA.elf
 
arm-none-eabi-size  MICRO_PROJETO_ALYSSON_VICTORIA.elf 
arm-none-eabi-objdump -h -S MICRO_PROJETO_ALYSSON_VICTORIA.elf  > "MICRO_PROJETO_ALYSSON_VICTORIA.list"
   text	   data	    bss	    dec	    hex	filename
  32436	    104	   3360	  35900	   8c3c	MICRO_PROJETO_ALYSSON_VICTORIA.elf
Finished building: default.size.stdout
 
Finished building: MICRO_PROJETO_ALYSSON_VICTORIA.list
 
09:49:13 **** Incremental Build of configuration Debug for project MICRO_PROJETO_ALYSSON_VICTORIA ****
make -j16 all 
arm-none-eabi-gcc "../Core/Src/main.c" -mcpu=cortex-m3 -std=gnu11 -g3 -DDEBUG -DUSE_HAL_DRIVER -DSTM32F103xB -c -I../Core/Inc -I../Drivers/STM32F1xx_HAL_Driver/Inc -I../Drivers/STM32F1xx_HAL_Driver/Inc/Legacy -I../Drivers/CMSIS/Device/ST/STM32F1xx/Include -I../Drivers/CMSIS/Include -O0 -ffunction-sections -fdata-sections -Wall -fstack-usage -fcyclomatic-complexity -MMD -MP -MF"Core/Src/main.d" -MT"Core/Src/main.o" --specs=nano.specs -mfloat-abi=soft -mthumb -o "Core/Src/main.o"
arm-none-eabi-gcc -o "MICRO_PROJETO_ALYSSON_VICTORIA.elf" @"objects.list"   -mcpu=cortex-m3 -T"C:\Users\lucas\Desktop\Disciplinas\2026.1 (atual)\microcontroladores\Microcontroladores\MICRO_PROJETO_Alysson_Lucas_e_Maria_Victoria\MICRO_PROJETO_ALYSSON_VICTORIA\STM32F103C8TX_FLASH.ld" --specs=nosys.specs -Wl,-Map="MICRO_PROJETO_ALYSSON_VICTORIA.map" -Wl,--gc-sections -static --specs=nano.specs -mfloat-abi=soft -mthumb -Wl,--start-group -lc -lm -Wl,--end-group
Finished building target: MICRO_PROJETO_ALYSSON_VICTORIA.elf
 
arm-none-eabi-size  MICRO_PROJETO_ALYSSON_VICTORIA.elf 
arm-none-eabi-objdump -h -S MICRO_PROJETO_ALYSSON_VICTORIA.elf  > "MICRO_PROJETO_ALYSSON_VICTORIA.list"
   text	   data	    bss	    dec	    hex	filename
  32436	    104	   3360	  35900	   8c3c	MICRO_PROJETO_ALYSSON_VICTORIA.elf
Finished building: default.size.stdout
 
Finished building: MICRO_PROJETO_ALYSSON_VICTORIA.list
 
09:50:34 **** Incremental Build of configuration Debug for project MICRO_PROJETO_ALYSSON_VICTORIA ****
make -j16 all 
arm-none-eabi-gcc "../Core/Src/main.c" -mcpu=cortex-m3 -std=gnu11 -g3 -DDEBUG -DUSE_HAL_DRIVER -DSTM32F103xB -c -I../Core/Inc -I../Drivers/STM32F1xx_HAL_Driver/Inc -I../Drivers/STM32F1xx_HAL_Driver/Inc/Legacy -I../Drivers/CMSIS/Device/ST/STM32F1xx/Include -I../Drivers/CMSIS/Include -O0 -ffunction-sections -fdata-sections -Wall -fstack-usage -fcyclomatic-complexity -MMD -MP -MF"Core/Src/main.d" -MT"Core/Src/main.o" --specs=nano.specs -mfloat-abi=soft -mthumb -o "Core/Src/main.o"
../Core/Src/main.c: In function 'Gerenciar_Genius':
../Core/Src/main.c:548:21: error: 'GeniusGame' has no member named 'jogada_avaliada'
  548 |                 jogo->jogada_avaliada = 0; // Prepara para nova jogada
      |                     ^~
../Core/Src/main.c:555:25: error: 'GeniusGame' has no member named 'jogada_avaliada'
  555 |                 if (jogo->jogada_avaliada == 0) {
      |                         ^~
../Core/Src/main.c:575:25: error: 'GeniusGame' has no member named 'jogada_avaliada'
  575 |                     jogo->jogada_avaliada = 1; // Trava para não reavaliar no próximo loop
      |                         ^~
make: *** [Core/Src/subdir.mk:49: Core/Src/main.o] Error 1
"make -j16 all" terminated with exit code 2. Build might be incomplete.
09:52:44 **** Incremental Build of configuration Debug for project MICRO_PROJETO_ALYSSON_VICTORIA ****
make -j16 all 
arm-none-eabi-gcc "../Core/Src/main.c" -mcpu=cortex-m3 -std=gnu11 -g3 -DDEBUG -DUSE_HAL_DRIVER -DSTM32F103xB -c -I../Core/Inc -I../Drivers/STM32F1xx_HAL_Driver/Inc -I../Drivers/STM32F1xx_HAL_Driver/Inc/Legacy -I../Drivers/CMSIS/Device/ST/STM32F1xx/Include -I../Drivers/CMSIS/Include -O0 -ffunction-sections -fdata-sections -Wall -fstack-usage -fcyclomatic-complexity -MMD -MP -MF"Core/Src/main.d" -MT"Core/Src/main.o" --specs=nano.specs -mfloat-abi=soft -mthumb -o "Core/Src/main.o"
arm-none-eabi-gcc -o "MICRO_PROJETO_ALYSSON_VICTORIA.elf" @"objects.list"   -mcpu=cortex-m3 -T"C:\Users\lucas\Desktop\Disciplinas\2026.1 (atual)\microcontroladores\Microcontroladores\MICRO_PROJETO_Alysson_Lucas_e_Maria_Victoria\MICRO_PROJETO_ALYSSON_VICTORIA\STM32F103C8TX_FLASH.ld" --specs=nosys.specs -Wl,-Map="MICRO_PROJETO_ALYSSON_VICTORIA.map" -Wl,--gc-sections -static --specs=nano.specs -mfloat-abi=soft -mthumb -Wl,--start-group -lc -lm -Wl,--end-group
Finished building target: MICRO_PROJETO_ALYSSON_VICTORIA.elf
 
arm-none-eabi-size  MICRO_PROJETO_ALYSSON_VICTORIA.elf 
[...]
arm-none-eabi-gcc -o "MICRO_PROJETO_ALYSSON_VICTORIA.elf" @"objects.list"   -mcpu=cortex-m3 -T"C:\Users\lucas\Desktop\Disciplinas\2026.1 (atual)\microcontroladores\Microcontroladores\MICRO_PROJETO_Alysson_Lucas_e_Maria_Victoria\MICRO_PROJETO_ALYSSON_VICTORIA\STM32F103C8TX_FLASH.ld" --specs=nosys.specs -Wl,-Map="MICRO_PROJETO_ALYSSON_VICTORIA.map" -Wl,--gc-sections -static --specs=nano.specs -mfloat-abi=soft -mthumb -Wl,--start-group -lc -lm -Wl,--end-group
Finished building target: MICRO_PROJETO_ALYSSON_VICTORIA.elf
 
arm-none-eabi-size  MICRO_PROJETO_ALYSSON_VICTORIA.elf 
arm-none-eabi-objdump -h -S MICRO_PROJETO_ALYSSON_VICTORIA.elf  > "MICRO_PROJETO_ALYSSON_VICTORIA.list"
   text	   data	    bss	    dec	    hex	filename
  24872	     16	   3096	  27984	   6d50	MICRO_PROJETO_ALYSSON_VICTORIA.elf
Finished building: default.size.stdout
 
Finished building: MICRO_PROJETO_ALYSSON_VICTORIA.list
 
12:57:03 **** Incremental Build of configuration Debug for project MICRO_PROJETO_ALYSSON_VICTORIA ****
make -j16 all 
arm-none-eabi-gcc "../Core/Src/main.c" -mcpu=cortex-m3 -std=gnu11 -g3 -DDEBUG -DUSE_HAL_DRIVER -DSTM32F103xB -c -I../Core/Inc -I../Drivers/STM32F1xx_HAL_Driver/Inc -I../Drivers/STM32F1xx_HAL_Driver/Inc/Legacy -I../Drivers/CMSIS/Device/ST/STM32F1xx/Include -I../Drivers/CMSIS/Include -O0 -ffunction-sections -fdata-sections -Wall -fstack-usage -fcyclomatic-complexity -MMD -MP -MF"Core/Src/main.d" -MT"Core/Src/main.o" --specs=nano.specs -mfloat-abi=soft -mthumb -o "Core/Src/main.o"
arm-none-eabi-gcc -o "MICRO_PROJETO_ALYSSON_VICTORIA.elf" @"objects.list"   -mcpu=cortex-m3 -T"C:\Users\lucas\Desktop\Disciplinas\2026.1 (atual)\microcontroladores\Microcontroladores\MICRO_PROJETO_Alysson_Lucas_e_Maria_Victoria\MICRO_PROJETO_ALYSSON_VICTORIA\STM32F103C8TX_FLASH.ld" --specs=nosys.specs -Wl,-Map="MICRO_PROJETO_ALYSSON_VICTORIA.map" -Wl,--gc-sections -static --specs=nano.specs -mfloat-abi=soft -mthumb -Wl,--start-group -lc -lm -Wl,--end-group
Finished building target: MICRO_PROJETO_ALYSSON_VICTORIA.elf
 
arm-none-eabi-size  MICRO_PROJETO_ALYSSON_VICTORIA.elf 
arm-none-eabi-objdump -h -S MICRO_PROJETO_ALYSSON_VICTORIA.elf  > "MICRO_PROJETO_ALYSSON_VICTORIA.list"
   text	   data	    bss	    dec	    hex	filename
  33468	    108	   3436	  37012	   9094	MICRO_PROJETO_ALYSSON_VICTORIA.elf
Finished building: default.size.stdout
 
Finished building: MICRO_PROJETO_ALYSSON_VICTORIA.list
 
15:22:20 **** Incremental Build of configuration Debug for project MICRO_PROJETO_ALYSSON_VICTORIA ****
make -j16 all 
arm-none-eabi-gcc "../Core/Src/main.c" -mcpu=cortex-m3 -std=gnu11 -g3 -DDEBUG -DUSE_HAL_DRIVER -DSTM32F103xB -c -I../Core/Inc -I../Drivers/STM32F1xx_HAL_Driver/Inc -I../Drivers/STM32F1xx_HAL_Driver/Inc/Legacy -I../Drivers/CMSIS/Device/ST/STM32F1xx/Include -I../Drivers/CMSIS/Include -O0 -ffunction-sections -fdata-sections -Wall -fstack-usage -fcyclomatic-complexity -MMD -MP -MF"Core/Src/main.d" -MT"Core/Src/main.o" --specs=nano.specs -mfloat-abi=soft -mthumb -o "Core/Src/main.o"
arm-none-eabi-gcc -o "MICRO_PROJETO_ALYSSON_VICTORIA.elf" @"objects.list"   -mcpu=cortex-m3 -T"C:\Users\lucas\Desktop\Disciplinas\2026.1 (atual)\microcontroladores\Microcontroladores\MICRO_PROJETO_Alysson_Lucas_e_Maria_Victoria\MICRO_PROJETO_ALYSSON_VICTORIA\STM32F103C8TX_FLASH.ld" --specs=nosys.specs -Wl,-Map="MICRO_PROJETO_ALYSSON_VICTORIA.map" -Wl,--gc-sections -static --specs=nano.specs -mfloat-abi=soft -mthumb -Wl,--start-group -lc -lm -Wl,--end-group
Finished building target: MICRO_PROJETO_ALYSSON_VICTORIA.elf
 
arm-none-eabi-size  MICRO_PROJETO_ALYSSON_VICTORIA.elf 
arm-none-eabi-objdump -h -S MICRO_PROJETO_ALYSSON_VICTORIA.elf  > "MICRO_PROJETO_ALYSSON_VICTORIA.list"
   text	   data	    bss	    dec	    hex	filename
  33544	    108	   3436	  37088	   90e0	MICRO_PROJETO_ALYSSON_VICTORIA.elf
Finished building: default.size.stdout
 
Finished building: MICRO_PROJETO_ALYSSON_VICTORIA.list
 
15:23:44 **** Incremental Build of configuration Debug for project MICRO_PROJETO_ALYSSON_VICTORIA ****
make -j16 all 
arm-none-eabi-gcc "../Core/Src/main.c" -mcpu=cortex-m3 -std=gnu11 -g3 -DDEBUG -DUSE_HAL_DRIVER -DSTM32F103xB -c -I../Core/Inc -I../Drivers/STM32F1xx_HAL_Driver/Inc -I../Drivers/STM32F1xx_HAL_Driver/Inc/Legacy -I../Drivers/CMSIS/Device/ST/STM32F1xx/Include -I../Drivers/CMSIS/Include -O0 -ffunction-sections -fdata-sections -Wall -fstack-usage -fcyclomatic-complexity -MMD -MP -MF"Core/Src/main.d" -MT"Core/Src/main.o" --specs=nano.specs -mfloat-abi=soft -mthumb -o "Core/Src/main.o"
arm-none-eabi-gcc -o "MICRO_PROJETO_ALYSSON_VICTORIA.elf" @"objects.list"   -mcpu=cortex-m3 -T"C:\Users\lucas\Desktop\Disciplinas\2026.1 (atual)\microcontroladores\Microcontroladores\MICRO_PROJETO_Alysson_Lucas_e_Maria_Victoria\MICRO_PROJETO_ALYSSON_VICTORIA\STM32F103C8TX_FLASH.ld" --specs=nosys.specs -Wl,-Map="MICRO_PROJETO_ALYSSON_VICTORIA.map" -Wl,--gc-sections -static --specs=nano.specs -mfloat-abi=soft -mthumb -Wl,--start-group -lc -lm -Wl,--end-group
Finished building target: MICRO_PROJETO_ALYSSON_VICTORIA.elf
 
arm-none-eabi-size  MICRO_PROJETO_ALYSSON_VICTORIA.elf 
arm-none-eabi-objdump -h -S MICRO_PROJETO_ALYSSON_VICTORIA.elf  > "MICRO_PROJETO_ALYSSON_VICTORIA.list"
   text	   data	    bss	    dec	    hex	filename
  33544	    108	   3436	  37088	   90e0	MICRO_PROJETO_ALYSSON_VICTORIA.elf
Finished building: default.size.stdout
 
Finished building: MICRO_PROJETO_ALYSSON_VICTORIA.list
 
15:24:19 **** Incremental Build of configuration Debug for project MICRO_PROJETO_ALYSSON_VICTORIA ****
make -j16 all 
arm-none-eabi-gcc "../Core/Src/main.c" -mcpu=cortex-m3 -std=gnu11 -g3 -DDEBUG -DUSE_HAL_DRIVER -DSTM32F103xB -c -I../Core/Inc -I../Drivers/STM32F1xx_HAL_Driver/Inc -I../Drivers/STM32F1xx_HAL_Driver/Inc/Legacy -I../Drivers/CMSIS/Device/ST/STM32F1xx/Include -I../Drivers/CMSIS/Include -O0 -ffunction-sections -fdata-sections -Wall -fstack-usage -fcyclomatic-complexity -MMD -MP -MF"Core/Src/main.d" -MT"Core/Src/main.o" --specs=nano.specs -mfloat-abi=soft -mthumb -o "Core/Src/main.o"
arm-none-eabi-gcc -o "MICRO_PROJETO_ALYSSON_VICTORIA.elf" @"objects.list"   -mcpu=cortex-m3 -T"C:\Users\lucas\Desktop\Disciplinas\2026.1 (atual)\microcontroladores\Microcontroladores\MICRO_PROJETO_Alysson_Lucas_e_Maria_Victoria\MICRO_PROJETO_ALYSSON_VICTORIA\STM32F103C8TX_FLASH.ld" --specs=nosys.specs -Wl,-Map="MICRO_PROJETO_ALYSSON_VICTORIA.map" -Wl,--gc-sections -static --specs=nano.specs -mfloat-abi=soft -mthumb -Wl,--start-group -lc -lm -Wl,--end-group
Finished building target: MICRO_PROJETO_ALYSSON_VICTORIA.elf
 
arm-none-eabi-size  MICRO_PROJETO_ALYSSON_VICTORIA.elf 
arm-none-eabi-objdump -h -S MICRO_PROJETO_ALYSSON_VICTORIA.elf  > "MICRO_PROJETO_ALYSSON_VICTORIA.list"
   text	   data	    bss	    dec	    hex	filename
  33544	    108	   3436	  37088	   90e0	MICRO_PROJETO_ALYSSON_VICTORIA.elf
Finished building: default.size.stdout
 
Finished building: MICRO_PROJETO_ALYSSON_VICTORIA.list
 
15:26:26 **** Incremental Build of configuration Debug for project MICRO_PROJETO_ALYSSON_VICTORIA ****
make -j16 all 
arm-none-eabi-gcc "../Core/Src/main.c" -mcpu=cortex-m3 -std=gnu11 -g3 -DDEBUG -DUSE_HAL_DRIVER -DSTM32F103xB -c -I../Core/Inc -I../Drivers/STM32F1xx_HAL_Driver/Inc -I../Drivers/STM32F1xx_HAL_Driver/Inc/Legacy -I../Drivers/CMSIS/Device/ST/STM32F1xx/Include -I../Drivers/CMSIS/Include -O0 -ffunction-sections -fdata-sections -Wall -fstack-usage -fcyclomatic-complexity -MMD -MP -MF"Core/Src/main.d" -MT"Core/Src/main.o" --specs=nano.specs -mfloat-abi=soft -mthumb -o "Core/Src/main.o"
arm-none-eabi-gcc -o "MICRO_PROJETO_ALYSSON_VICTORIA.elf" @"objects.list"   -mcpu=cortex-m3 -T"C:\Users\lucas\Desktop\Disciplinas\2026.1 (atual)\microcontroladores\Microcontroladores\MICRO_PROJETO_Alysson_Lucas_e_Maria_Victoria\MICRO_PROJETO_ALYSSON_VICTORIA\STM32F103C8TX_FLASH.ld" --specs=nosys.specs -Wl,-Map="MICRO_PROJETO_ALYSSON_VICTORIA.map" -Wl,--gc-sections -static --specs=nano.specs -mfloat-abi=soft -mthumb -Wl,--start-group -lc -lm -Wl,--end-group
Finished building target: MICRO_PROJETO_ALYSSON_VICTORIA.elf
 
arm-none-eabi-size  MICRO_PROJETO_ALYSSON_VICTORIA.elf 
arm-none-eabi-objdump -h -S MICRO_PROJETO_ALYSSON_VICTORIA.elf  > "MICRO_PROJETO_ALYSSON_VICTORIA.list"
   text	   data	    bss	    dec	    hex	filename
  33548	    108	   3436	  37092	   90e4	MICRO_PROJETO_ALYSSON_VICTORIA.elf
Finished building: default.size.stdout
 
Finished building: MICRO_PROJETO_ALYSSON_VICTORIA.list
 
15:28:21 **** Incremental Build of configuration Debug for project MICRO_PROJETO_ALYSSON_VICTORIA ****
make -j16 all 
arm-none-eabi-gcc "../Core/Src/main.c" -mcpu=cortex-m3 -std=gnu11 -g3 -DDEBUG -DUSE_HAL_DRIVER -DSTM32F103xB -c -I../Core/Inc -I../Drivers/STM32F1xx_HAL_Driver/Inc -I../Drivers/STM32F1xx_HAL_Driver/Inc/Legacy -I../Drivers/CMSIS/Device/ST/STM32F1xx/Include -I../Drivers/CMSIS/Include -O0 -ffunction-sections -fdata-sections -Wall -fstack-usage -fcyclomatic-complexity -MMD -MP -MF"Core/Src/main.d" -MT"Core/Src/main.o" --specs=nano.specs -mfloat-abi=soft -mthumb -o "Core/Src/main.o"
arm-none-eabi-gcc -o "MICRO_PROJETO_ALYSSON_VICTORIA.elf" @"objects.list"   -mcpu=cortex-m3 -T"C:\Users\lucas\Desktop\Disciplinas\2026.1 (atual)\microcontroladores\Microcontroladores\MICRO_PROJETO_Alysson_Lucas_e_Maria_Victoria\MICRO_PROJETO_ALYSSON_VICTORIA\STM32F103C8TX_FLASH.ld" --specs=nosys.specs -Wl,-Map="MICRO_PROJETO_ALYSSON_VICTORIA.map" -Wl,--gc-sections -static --specs=nano.specs -mfloat-abi=soft -mthumb -Wl,--start-group -lc -lm -Wl,--end-group
Finished building target: MICRO_PROJETO_ALYSSON_VICTORIA.elf
 
arm-none-eabi-size  MICRO_PROJETO_ALYSSON_VICTORIA.elf 
arm-none-eabi-objdump -h -S MICRO_PROJETO_ALYSSON_VICTORIA.elf  > "MICRO_PROJETO_ALYSSON_VICTORIA.list"
   text	   data	    bss	    dec	    hex	filename
  33568	    108	   3436	  37112	   90f8	MICRO_PROJETO_ALYSSON_VICTORIA.elf
Finished building: default.size.stdout
 
Finished building: MICRO_PROJETO_ALYSSON_VICTORIA.list
 
15:29:12 **** Incremental Build of configuration Debug for project MICRO_PROJETO_ALYSSON_VICTORIA ****
make -j16 all 
arm-none-eabi-gcc "../Core/Src/main.c" -mcpu=cortex-m3 -std=gnu11 -g3 -DDEBUG -DUSE_HAL_DRIVER -DSTM32F103xB -c -I../Core/Inc -I../Drivers/STM32F1xx_HAL_Driver/Inc -I../Drivers/STM32F1xx_HAL_Driver/Inc/Legacy -I../Drivers/CMSIS/Device/ST/STM32F1xx/Include -I../Drivers/CMSIS/Include -O0 -ffunction-sections -fdata-sections -Wall -fstack-usage -fcyclomatic-complexity -MMD -MP -MF"Core/Src/main.d" -MT"Core/Src/main.o" --specs=nano.specs -mfloat-abi=soft -mthumb -o "Core/Src/main.o"
arm-none-eabi-gcc -o "MICRO_PROJETO_ALYSSON_VICTORIA.elf" @"objects.list"   -mcpu=cortex-m3 -T"C:\Users\lucas\Desktop\Disciplinas\2026.1 (atual)\microcontroladores\Microcontroladores\MICRO_PROJETO_Alysson_Lucas_e_Maria_Victoria\MICRO_PROJETO_ALYSSON_VICTORIA\STM32F103C8TX_FLASH.ld" --specs=nosys.specs -Wl,-Map="MICRO_PROJETO_ALYSSON_VICTORIA.map" -Wl,--gc-sections -static --specs=nano.specs -mfloat-abi=soft -mthumb -Wl,--start-group -lc -lm -Wl,--end-group
Finished building target: MICRO_PROJETO_ALYSSON_VICTORIA.elf
 
arm-none-eabi-size  MICRO_PROJETO_ALYSSON_VICTORIA.elf 
arm-none-eabi-objdump -h -S MICRO_PROJETO_ALYSSON_VICTORIA.elf  > "MICRO_PROJETO_ALYSSON_VICTORIA.list"
   text	   data	    bss	    dec	    hex	filename
  33568	    108	   3436	  37112	   90f8	MICRO_PROJETO_ALYSSON_VICTORIA.elf
Finished building: default.size.stdout
 
Finished building: MICRO_PROJETO_ALYSSON_VICTORIA.list
 
15:32:32 **** Incremental Build of configuration Debug for project MICRO_PROJETO_ALYSSON_VICTORIA ****
make -j16 all 
arm-none-eabi-gcc "../Core/Src/main.c" -mcpu=cortex-m3 -std=gnu11 -g3 -DDEBUG -DUSE_HAL_DRIVER -DSTM32F103xB -c -I../Core/Inc -I../Drivers/STM32F1xx_HAL_Driver/Inc -I../Drivers/STM32F1xx_HAL_Driver/Inc/Legacy -I../Drivers/CMSIS/Device/ST/STM32F1xx/Include -I../Drivers/CMSIS/Include -O0 -ffunction-sections -fdata-sections -Wall -fstack-usage -fcyclomatic-complexity -MMD -MP -MF"Core/Src/main.d" -MT"Core/Src/main.o" --specs=nano.specs -mfloat-abi=soft -mthumb -o "Core/Src/main.o"
../Core/Src/main.c: In function 'Gerenciar_Genius':
../Core/Src/main.c:693:60: error: lvalue required as left operand of assignment
  693 |                                 if (time_now - jogo->tempo = 500){
      |                                                            ^
make: *** [Core/Src/subdir.mk:52: Core/Src/main.o] Error 1
"make -j16 all" terminated with exit code 2. Build might be incomplete.
15:33:35 **** Incremental Build of configuration Debug for project MICRO_PROJETO_ALYSSON_VICTORIA ****
make -j16 all 
arm-none-eabi-gcc "../Core/Src/main.c" -mcpu=cortex-m3 -std=gnu11 -g3 -DDEBUG -DUSE_HAL_DRIVER -DSTM32F103xB -c -I../Core/Inc -I../Drivers/STM32F1xx_HAL_Driver/Inc -I../Drivers/STM32F1xx_HAL_Driver/Inc/Legacy -I../Drivers/CMSIS/Device/ST/STM32F1xx/Include -I../Drivers/CMSIS/Include -O0 -ffunction-sections -fdata-sections -Wall -fstack-usage -fcyclomatic-complexity -MMD -MP -MF"Core/Src/main.d" -MT"Core/Src/main.o" --specs=nano.specs -mfloat-abi=soft -mthumb -o "Core/Src/main.o"
arm-none-eabi-gcc -o "MICRO_PROJETO_ALYSSON_VICTORIA.elf" @"objects.list"   -mcpu=cortex-m3 -T"C:\Users\lucas\Desktop\Disciplinas\2026.1 (atual)\microcontroladores\Microcontroladores\MICRO_PROJETO_Alysson_Lucas_e_Maria_Victoria\MICRO_PROJETO_ALYSSON_VICTORIA\STM32F103C8TX_FLASH.ld" --specs=nosys.specs -Wl,-Map="MICRO_PROJETO_ALYSSON_VICTORIA.map" -Wl,--gc-sections -static --specs=nano.specs -mfloat-abi=soft -mthumb -Wl,--start-group -lc -lm -Wl,--end-group
Finished building target: MICRO_PROJETO_ALYSSON_VICTORIA.elf
 
arm-none-eabi-size  MICRO_PROJETO_ALYSSON_VICTORIA.elf 
arm-none-eabi-objdump -h -S MICRO_PROJETO_ALYSSON_VICTORIA.elf  > "MICRO_PROJETO_ALYSSON_VICTORIA.list"
   text	   data	    bss	    dec	    hex	filename
  33492	    108	   3436	  37036	   90ac	MICRO_PROJETO_ALYSSON_VICTORIA.elf
Finished building: default.size.stdout
 
Finished building: MICRO_PROJETO_ALYSSON_VICTORIA.list
 
15:34:34 **** Incremental Build of configuration Debug for project MICRO_PROJETO_ALYSSON_VICTORIA ****
make -j16 all 
arm-none-eabi-gcc "../Core/Src/main.c" -mcpu=cortex-m3 -std=gnu11 -g3 -DDEBUG -DUSE_HAL_DRIVER -DSTM32F103xB -c -I../Core/Inc -I../Drivers/STM32F1xx_HAL_Driver/Inc -I../Drivers/STM32F1xx_HAL_Driver/Inc/Legacy -I../Drivers/CMSIS/Device/ST/STM32F1xx/Include -I../Drivers/CMSIS/Include -O0 -ffunction-sections -fdata-sections -Wall -fstack-usage -fcyclomatic-complexity -MMD -MP -MF"Core/Src/main.d" -MT"Core/Src/main.o" --specs=nano.specs -mfloat-abi=soft -mthumb -o "Core/Src/main.o"
arm-none-eabi-gcc -o "MICRO_PROJETO_ALYSSON_VICTORIA.elf" @"objects.list"   -mcpu=cortex-m3 -T"C:\Users\lucas\Desktop\Disciplinas\2026.1 (atual)\microcontroladores\Microcontroladores\MICRO_PROJETO_Alysson_Lucas_e_Maria_Victoria\MICRO_PROJETO_ALYSSON_VICTORIA\STM32F103C8TX_FLASH.ld" --specs=nosys.specs -Wl,-Map="MICRO_PROJETO_ALYSSON_VICTORIA.map" -Wl,--gc-sections -static --specs=nano.specs -mfloat-abi=soft -mthumb -Wl,--start-group -lc -lm -Wl,--end-group
Finished building target: MICRO_PROJETO_ALYSSON_VICTORIA.elf
 
arm-none-eabi-size  MICRO_PROJETO_ALYSSON_VICTORIA.elf 
arm-none-eabi-objdump -h -S MICRO_PROJETO_ALYSSON_VICTORIA.elf  > "MICRO_PROJETO_ALYSSON_VICTORIA.list"
   text	   data	    bss	    dec	    hex	filename
  33492	    108	   3436	  37036	   90ac	MICRO_PROJETO_ALYSSON_VICTORIA.elf
Finished building: default.size.stdout
 
Finished building: MICRO_PROJETO_ALYSSON_VICTORIA.list
 
15:38:44 **** Incremental Build of configuration Debug for project MICRO_PROJETO_ALYSSON_VICTORIA ****
make -j16 all 
arm-none-eabi-gcc "../Core/Src/main.c" -mcpu=cortex-m3 -std=gnu11 -g3 -DDEBUG -DUSE_HAL_DRIVER -DSTM32F103xB -c -I../Core/Inc -I../Drivers/STM32F1xx_HAL_Driver/Inc -I../Drivers/STM32F1xx_HAL_Driver/Inc/Legacy -I../Drivers/CMSIS/Device/ST/STM32F1xx/Include -I../Drivers/CMSIS/Include -O0 -ffunction-sections -fdata-sections -Wall -fstack-usage -fcyclomatic-complexity -MMD -MP -MF"Core/Src/main.d" -MT"Core/Src/main.o" --specs=nano.specs -mfloat-abi=soft -mthumb -o "Core/Src/main.o"
arm-none-eabi-gcc -o "MICRO_PROJETO_ALYSSON_VICTORIA.elf" @"objects.list"   -mcpu=cortex-m3 -T"C:\Users\lucas\Desktop\Disciplinas\2026.1 (atual)\microcontroladores\Microcontroladores\MICRO_PROJETO_Alysson_Lucas_e_Maria_Victoria\MICRO_PROJETO_ALYSSON_VICTORIA\STM32F103C8TX_FLASH.ld" --specs=nosys.specs -Wl,-Map="MICRO_PROJETO_ALYSSON_VICTORIA.map" -Wl,--gc-sections -static --specs=nano.specs -mfloat-abi=soft -mthumb -Wl,--start-group -lc -lm -Wl,--end-group
Finished building target: MICRO_PROJETO_ALYSSON_VICTORIA.elf
 
arm-none-eabi-size  MICRO_PROJETO_ALYSSON_VICTORIA.elf 
arm-none-eabi-objdump -h -S MICRO_PROJETO_ALYSSON_VICTORIA.elf  > "MICRO_PROJETO_ALYSSON_VICTORIA.list"
   text	   data	    bss	    dec	    hex	filename
  33512	    108	   3436	  37056	   90c0	MICRO_PROJETO_ALYSSON_VICTORIA.elf
Finished building: default.size.stdout
 
Finished building: MICRO_PROJETO_ALYSSON_VICTORIA.list
 
15:40:21 **** Incremental Build of configuration Debug for project MICRO_PROJETO_ALYSSON_VICTORIA ****
make -j16 all 
arm-none-eabi-gcc "../Core/Src/main.c" -mcpu=cortex-m3 -std=gnu11 -g3 -DDEBUG -DUSE_HAL_DRIVER -DSTM32F103xB -c -I../Core/Inc -I../Drivers/STM32F1xx_HAL_Driver/Inc -I../Drivers/STM32F1xx_HAL_Driver/Inc/Legacy -I../Drivers/CMSIS/Device/ST/STM32F1xx/Include -I../Drivers/CMSIS/Include -O0 -ffunction-sections -fdata-sections -Wall -fstack-usage -fcyclomatic-complexity -MMD -MP -MF"Core/Src/main.d" -MT"Core/Src/main.o" --specs=nano.specs -mfloat-abi=soft -mthumb -o "Core/Src/main.o"
arm-none-eabi-gcc -o "MICRO_PROJETO_ALYSSON_VICTORIA.elf" @"objects.list"   -mcpu=cortex-m3 -T"C:\Users\lucas\Desktop\Disciplinas\2026.1 (atual)\microcontroladores\Microcontroladores\MICRO_PROJETO_Alysson_Lucas_e_Maria_Victoria\MICRO_PROJETO_ALYSSON_VICTORIA\STM32F103C8TX_FLASH.ld" --specs=nosys.specs -Wl,-Map="MICRO_PROJETO_ALYSSON_VICTORIA.map" -Wl,--gc-sections -static --specs=nano.specs -mfloat-abi=soft -mthumb -Wl,--start-group -lc -lm -Wl,--end-group
Finished building target: MICRO_PROJETO_ALYSSON_VICTORIA.elf
 
arm-none-eabi-size  MICRO_PROJETO_ALYSSON_VICTORIA.elf 
arm-none-eabi-objdump -h -S MICRO_PROJETO_ALYSSON_VICTORIA.elf  > "MICRO_PROJETO_ALYSSON_VICTORIA.list"
   text	   data	    bss	    dec	    hex	filename
  33516	    108	   3436	  37060	   90c4	MICRO_PROJETO_ALYSSON_VICTORIA.elf
Finished building: default.size.stdout
 
Finished building: MICRO_PROJETO_ALYSSON_VICTORIA.list
 
15:43:16 **** Incremental Build of configuration Debug for project MICRO_PROJETO_ALYSSON_VICTORIA ****
make -j16 all 
arm-none-eabi-gcc "../Core/Src/main.c" -mcpu=cortex-m3 -std=gnu11 -g3 -DDEBUG -DUSE_HAL_DRIVER -DSTM32F103xB -c -I../Core/Inc -I../Drivers/STM32F1xx_HAL_Driver/Inc -I../Drivers/STM32F1xx_HAL_Driver/Inc/Legacy -I../Drivers/CMSIS/Device/ST/STM32F1xx/Include -I../Drivers/CMSIS/Include -O0 -ffunction-sections -fdata-sections -Wall -fstack-usage -fcyclomatic-complexity -MMD -MP -MF"Core/Src/main.d" -MT"Core/Src/main.o" --specs=nano.specs -mfloat-abi=soft -mthumb -o "Core/Src/main.o"
arm-none-eabi-gcc -o "MICRO_PROJETO_ALYSSON_VICTORIA.elf" @"objects.list"   -mcpu=cortex-m3 -T"C:\Users\lucas\Desktop\Disciplinas\2026.1 (atual)\microcontroladores\Microcontroladores\MICRO_PROJETO_Alysson_Lucas_e_Maria_Victoria\MICRO_PROJETO_ALYSSON_VICTORIA\STM32F103C8TX_FLASH.ld" --specs=nosys.specs -Wl,-Map="MICRO_PROJETO_ALYSSON_VICTORIA.map" -Wl,--gc-sections -static --specs=nano.specs -mfloat-abi=soft -mthumb -Wl,--start-group -lc -lm -Wl,--end-group
Finished building target: MICRO_PROJETO_ALYSSON_VICTORIA.elf
 
arm-none-eabi-size  MICRO_PROJETO_ALYSSON_VICTORIA.elf 
arm-none-eabi-objdump -h -S MICRO_PROJETO_ALYSSON_VICTORIA.elf  > "MICRO_PROJETO_ALYSSON_VICTORIA.list"
   text	   data	    bss	    dec	    hex	filename
  33532	    108	   3436	  37076	   90d4	MICRO_PROJETO_ALYSSON_VICTORIA.elf
Finished building: default.size.stdout
 
Finished building: MICRO_PROJETO_ALYSSON_VICTORIA.list
 
