2026-04-06 13:53:43,087 [INFO] Activator:176 - 


2026-04-06 13:53:43,098 [INFO] Activator:177 - !SESSION log4j initialized
2026-04-06 13:53:51,924 [INFO] LogOutputStream:77 - [STDOUT_REDIRECT] 
2026-04-06 13:53:58,059 [INFO] ApplicationProperties:184 - Using Application install path: C:\ST\STM32CubeIDE_1.19.0\STM32CubeIDE\plugins\com.st.stm32cube.common.mx_6.15.0.202507011659
2026-04-06 13:53:58,112 [INFO] DbMcusXml:78 - Set database path to: C:\ST\STM32CubeIDE_1.19.0\STM32CubeIDE\plugins\com.st.stm32cube.common.mx_6.15.0.202507011659\\db\/mcu/
2026-04-06 13:53:58,112 [INFO] ApiDb:274 - Set plugin database path to: C:\ST\STM32CubeIDE_1.19.0\STM32CubeIDE\plugins\com.st.stm32cube.common.mx_6.15.0.202507011659\\db\/plugins/boardmanager/
2026-04-06 13:53:58,113 [WARN] ApiDb:259 - Overriding images path with different value:  => C:\ST\STM32CubeIDE_1.19.0\STM32CubeIDE\plugins\com.st.stm32cube.common.mx_6.15.0.202507011659\\db\/plugins/mcufinder/images/
2026-04-06 13:53:58,132 [INFO] ApiDb:250 - Set database path to: C:\Users\mvict\.stmcufinder\plugins\mcufinder//mcu/
2026-04-06 13:53:58,134 [INFO] DbMcusAds:125 - Set database path to: C:\Users\mvict\.stmcufinder\plugins\mcufinder//mcu/
2026-04-06 13:53:58,142 [INFO] CrossReferenceDbSqlite:203 - Set database path to: C:\Users\mvict\.stmcufinder\plugins\mcufinder//mcu/cs/
2026-04-06 13:53:58,416 [INFO] RulesReader:64 - Compatibility file has been processed (317 Rules)
2026-04-06 13:53:58,675 [INFO] DbMcusXml:78 - Set database path to: C:\ST\STM32CubeIDE_1.19.0\STM32CubeIDE\plugins\com.st.stm32cube.common.mx_6.15.0.202507011659\\db\/mcu/
2026-04-06 13:53:58,675 [INFO] ApiDb:274 - Set plugin database path to: C:\ST\STM32CubeIDE_1.19.0\STM32CubeIDE\plugins\com.st.stm32cube.common.mx_6.15.0.202507011659\\db\/plugins/boardmanager/
2026-04-06 13:53:58,675 [INFO] ApiDb:261 - Set plugin images path to: C:\ST\STM32CubeIDE_1.19.0\STM32CubeIDE\plugins\com.st.stm32cube.common.mx_6.15.0.202507011659\\db\/plugins/mcufinder/images/
2026-04-06 13:53:58,675 [WARN] DbFile:41 - Overriding database path with different value: C:\Users\mvict\.stmcufinder\plugins\mcufinder/ => C:\Users\mvict\.stmcufinder\plugins\mcufinder
2026-04-06 13:53:58,675 [INFO] ApiDb:250 - Set database path to: C:\Users\mvict\.stmcufinder\plugins\mcufinder//mcu/
2026-04-06 13:53:58,676 [WARN] DbFile:41 - Overriding database path with different value: C:\Users\mvict\.stmcufinder\plugins\mcufinder/ => C:\Users\mvict\.stmcufinder\plugins\mcufinder
2026-04-06 13:53:58,676 [INFO] DbMcusAds:125 - Set database path to: C:\Users\mvict\.stmcufinder\plugins\mcufinder//mcu/
2026-04-06 13:53:58,676 [WARN] DbFile:41 - Overriding database path with different value: C:\Users\mvict\.stmcufinder\plugins\mcufinder/ => C:\Users\mvict\.stmcufinder\plugins\mcufinder
2026-04-06 13:53:58,676 [WARN] DbFile:41 - Overriding database path with different value: C:\Users\mvict\.stmcufinder\plugins\mcufinder/ => C:\Users\mvict\.stmcufinder\plugins\mcufinder
2026-04-06 13:53:58,676 [INFO] CrossReferenceDbSqlite:203 - Set database path to: C:\Users\mvict\.stmcufinder\plugins\mcufinder//mcu/cs/
2026-04-06 13:53:58,849 [INFO] MainPanel:274 - HeapMemory: 268435456
2026-04-06 13:53:59,209 [INFO] DbMcusXml:78 - Set database path to: C:\ST\STM32CubeIDE_1.19.0\STM32CubeIDE\plugins\com.st.stm32cube.common.mx_6.15.0.202507011659\\db\/mcu/
2026-04-06 13:53:59,210 [INFO] ApiDb:274 - Set plugin database path to: C:\ST\STM32CubeIDE_1.19.0\STM32CubeIDE\plugins\com.st.stm32cube.common.mx_6.15.0.202507011659\\db\/plugins/boardmanager/
2026-04-06 13:53:59,210 [INFO] ApiDb:261 - Set plugin images path to: C:\ST\STM32CubeIDE_1.19.0\STM32CubeIDE\plugins\com.st.stm32cube.common.mx_6.15.0.202507011659\\db\/plugins/mcufinder/images/
2026-04-06 13:53:59,210 [WARN] DbFile:41 - Overriding database path with different value: C:\Users\mvict\.stmcufinder\plugins\mcufinder/ => C:\Users\mvict\.stmcufinder\plugins\mcufinder
2026-04-06 13:53:59,210 [INFO] ApiDb:250 - Set database path to: C:\Users\mvict\.stmcufinder\plugins\mcufinder//mcu/
2026-04-06 13:53:59,210 [WARN] DbFile:41 - Overriding database path with different value: C:\Users\mvict\.stmcufinder\plugins\mcufinder/ => C:\Users\mvict\.stmcufinder\plugins\mcufinder
2026-04-06 13:53:59,211 [INFO] DbMcusAds:125 - Set database path to: C:\Users\mvict\.stmcufinder\plugins\mcufinder//mcu/
2026-04-06 13:53:59,211 [WARN] DbFile:41 - Overriding database path with different value: C:\Users\mvict\.stmcufinder\plugins\mcufinder/ => C:\Users\mvict\.stmcufinder\plugins\mcufinder
2026-04-06 13:53:59,211 [WARN] DbFile:41 - Overriding database path with different value: C:\Users\mvict\.stmcufinder\plugins\mcufinder/ => C:\Users\mvict\.stmcufinder\plugins\mcufinder
2026-04-06 13:53:59,211 [INFO] CrossReferenceDbSqlite:203 - Set database path to: C:\Users\mvict\.stmcufinder\plugins\mcufinder//mcu/cs/
2026-04-06 13:53:59,256 [INFO] ApplicationProperties:184 - Using Application install path: C:\ST\STM32CubeIDE_1.19.0\STM32CubeIDE\plugins\com.st.stm32cube.common.mx_6.15.0.202507011659
2026-04-06 13:53:59,258 [INFO] PluginManage:196 - Search for loadable plugins [exclusion list=, ]
2026-04-06 13:53:59,261 [INFO] PluginManage:310 - Check plugin analytics
2026-04-06 13:53:59,735 [INFO] AnalyticsPlugin:253 - Accepted Software Licenses: 
2026-04-06 13:53:59,736 [INFO] AnalyticsPlugin:255 - Accepted CMSIS Pack Licenses: 
2026-04-06 13:53:59,737 [INFO] AnalyticsPlugin:257 - Accepted Firmware Licenses: 
2026-04-06 13:53:59,741 [INFO] PluginManage:359 - Loaded plugin analytics (category:tool,tabindex:-1)
2026-04-06 13:53:59,742 [INFO] PluginManage:310 - Check plugin cadmodel
2026-04-06 13:53:59,759 [INFO] CADModel:105 - Init CAD model plugin
2026-04-06 13:53:59,759 [INFO] PluginManage:359 - Loaded plugin cadmodel (category:power,tabindex:5)
2026-04-06 13:53:59,759 [INFO] PluginManage:310 - Check plugin clock
2026-04-06 13:53:59,789 [INFO] PluginManage:359 - Loaded plugin clock (category:base,tabindex:2)
2026-04-06 13:53:59,789 [INFO] PluginManage:310 - Check plugin ddr
2026-04-06 13:53:59,795 [INFO] PluginManage:359 - Loaded plugin ddr (category:tool,tabindex:6)
2026-04-06 13:53:59,796 [INFO] PluginManage:310 - Check plugin filemanager
2026-04-06 13:54:00,188 [INFO] PluginManage:359 - Loaded plugin filemanager (category:base,tabindex:10)
2026-04-06 13:54:00,188 [INFO] PluginManage:310 - Check plugin ipmanager
2026-04-06 13:54:00,199 [INFO] PluginManage:359 - Loaded plugin ipmanager (category:base,tabindex:5)
2026-04-06 13:54:00,199 [INFO] PluginManage:310 - Check plugin lpbam
2026-04-06 13:54:00,219 [INFO] PluginManage:359 - Loaded plugin lpbam (category:base,tabindex:0)
2026-04-06 13:54:00,219 [INFO] PluginManage:310 - Check plugin memorymap
2026-04-06 13:54:00,257 [INFO] PluginManage:359 - Loaded plugin memorymap (category:base,tabindex:4)
2026-04-06 13:54:00,257 [INFO] PluginManage:310 - Check plugin pinoutandconfiguration
2026-04-06 13:54:00,274 [INFO] PluginManage:359 - Loaded plugin pinoutandconfiguration (category:base,tabindex:1)
2026-04-06 13:54:00,274 [INFO] PluginManage:310 - Check plugin pinoutconfig
2026-04-06 13:54:00,473 [WARN] SupportedApi:132 - Cannot load RTOS API schema: s4s-elt-must-match.1: The content of 'definitions' must match (annotation?, (simpleType | complexType)?, (unique | key | keyref)*)). A problem was found starting at: attribute.
2026-04-06 13:54:00,983 [INFO] PluginManage:359 - Loaded plugin pinoutconfig (category:base,tabindex:0)
2026-04-06 13:54:00,983 [INFO] PluginManage:310 - Check plugin power
2026-04-06 13:54:01,000 [INFO] PluginManage:359 - Loaded plugin power (category:power,tabindex:4)
2026-04-06 13:54:01,000 [INFO] PluginManage:310 - Check plugin projectmanager
2026-04-06 13:54:01,029 [INFO] PluginManage:359 - Loaded plugin projectmanager (category:projectmanager,tabindex:4)
2026-04-06 13:54:01,030 [INFO] PluginManage:310 - Check plugin rif
2026-04-06 13:54:01,050 [INFO] PluginManage:359 - Loaded plugin rif (category:base,tabindex:3)
2026-04-06 13:54:01,050 [INFO] PluginManage:310 - Check plugin thirdparty
2026-04-06 13:54:01,344 [INFO] PluginManage:359 - Loaded plugin thirdparty (category:base,tabindex:-1)
2026-04-06 13:54:01,344 [INFO] PluginManage:310 - Check plugin tools
2026-04-06 13:54:01,345 [WARN] IntegrityCheckThread:84 - waiting for thirdparty lock release [integrity check]
2026-04-06 13:54:01,348 [INFO] PluginManage:359 - Loaded plugin tools (category:base,tabindex:7)
2026-04-06 13:54:01,348 [INFO] PluginManage:310 - Check plugin tutovideos
2026-04-06 13:54:01,345 [INFO] IntegrityCheckThread:86 - entering critical section [integrity check]
2026-04-06 13:54:01,350 [INFO] ThirdPartyUpdaterWithRetryManager:70 - Updater plugin not ready yet. [1/15]
2026-04-06 13:54:01,829 [INFO] PluginManage:359 - Loaded plugin tutovideos (category:base,tabindex:-1)
2026-04-06 13:54:01,829 [INFO] PluginManage:310 - Check plugin updater
2026-04-06 13:54:01,945 [INFO] PluginManage:359 - Loaded plugin updater (category:base,tabindex:12)
2026-04-06 13:54:01,945 [INFO] PluginManage:310 - Check plugin userauth
2026-04-06 13:54:02,012 [INFO] UserAuth:118 - Init User Auth plugin
2026-04-06 13:54:02,014 [INFO] PluginManage:359 - Loaded plugin userauth (category:base,tabindex:14)
2026-04-06 13:54:02,014 [INFO] PluginManage:283 - PluginManage : Loaded plugins [18]
2026-04-06 13:54:02,455 [INFO] PinOutPanel:1589 - setPackage(No Configuration,No Configuration)
2026-04-06 13:54:02,606 [INFO] CADModel:165 - CPN selected for project level
2026-04-06 13:54:02,606 [INFO] CADModel:114 - Register for checkConnection events
2026-04-06 13:54:02,643 [INFO] IPUIPlugin:80 - create IPUIPlugin
2026-04-06 13:54:02,643 [INFO] PluginManager:220 - loadIPPluginJar : add adc
2026-04-06 13:54:02,650 [INFO] IPUIPlugin:80 - create IPUIPlugin
2026-04-06 13:54:02,650 [INFO] PluginManager:220 - loadIPPluginJar : add aes
2026-04-06 13:54:02,656 [INFO] IPUIPlugin:80 - create IPUIPlugin
2026-04-06 13:54:02,656 [INFO] PluginManager:220 - loadIPPluginJar : add can
2026-04-06 13:54:02,659 [INFO] IPUIPlugin:80 - create IPUIPlugin
2026-04-06 13:54:02,660 [INFO] PluginManager:220 - loadIPPluginJar : add comp
2026-04-06 13:54:02,667 [INFO] IPUIPlugin:80 - create IPUIPlugin
2026-04-06 13:54:02,667 [INFO] PluginManager:220 - loadIPPluginJar : add cryp
2026-04-06 13:54:02,674 [INFO] IPUIPlugin:80 - create IPUIPlugin
2026-04-06 13:54:02,674 [INFO] PluginManager:220 - loadIPPluginJar : add ddr_ctrl_phy
2026-04-06 13:54:02,679 [INFO] IPUIPlugin:80 - create IPUIPlugin
2026-04-06 13:54:02,679 [INFO] PluginManager:220 - loadIPPluginJar : add dfsdm
2026-04-06 13:54:02,690 [INFO] IPUIPlugin:80 - create IPUIPlugin
2026-04-06 13:54:02,692 [INFO] PluginManager:220 - loadIPPluginJar : add dma
2026-04-06 13:54:02,698 [INFO] IPUIPlugin:80 - create IPUIPlugin
2026-04-06 13:54:02,698 [INFO] PluginManager:220 - loadIPPluginJar : add dma3
2026-04-06 13:54:02,704 [INFO] IPUIPlugin:80 - create IPUIPlugin
2026-04-06 13:54:02,704 [INFO] PluginManager:220 - loadIPPluginJar : add extmemmanager
2026-04-06 13:54:02,708 [INFO] IPUIPlugin:80 - create IPUIPlugin
2026-04-06 13:54:02,708 [INFO] PluginManager:220 - loadIPPluginJar : add fatfs
2026-04-06 13:54:02,718 [INFO] IPUIPlugin:80 - create IPUIPlugin
2026-04-06 13:54:02,718 [INFO] PluginManager:220 - loadIPPluginJar : add fmc
2026-04-06 13:54:02,730 [INFO] IPUIPlugin:80 - create IPUIPlugin
2026-04-06 13:54:02,730 [INFO] PluginManager:220 - loadIPPluginJar : add freertos
2026-04-06 13:54:02,732 [INFO] IPUIPlugin:80 - create IPUIPlugin
2026-04-06 13:54:02,732 [INFO] PluginManager:220 - loadIPPluginJar : add genericplugin
2026-04-06 13:54:02,737 [INFO] IPUIPlugin:80 - create IPUIPlugin
2026-04-06 13:54:02,737 [INFO] PluginManager:220 - loadIPPluginJar : add gfxmmu
2026-04-06 13:54:02,745 [INFO] IPUIPlugin:80 - create IPUIPlugin
2026-04-06 13:54:02,745 [INFO] PluginManager:220 - loadIPPluginJar : add gic
2026-04-06 13:54:02,752 [INFO] IPUIPlugin:80 - create IPUIPlugin
2026-04-06 13:54:02,752 [INFO] PluginManager:220 - loadIPPluginJar : add gpio
2026-04-06 13:54:02,757 [INFO] IPUIPlugin:80 - create IPUIPlugin
2026-04-06 13:54:02,758 [INFO] PluginManager:220 - loadIPPluginJar : add gtzc
2026-04-06 13:54:02,762 [INFO] IPUIPlugin:80 - create IPUIPlugin
2026-04-06 13:54:02,762 [INFO] PluginManager:220 - loadIPPluginJar : add hash
2026-04-06 13:54:02,766 [INFO] IPUIPlugin:80 - create IPUIPlugin
2026-04-06 13:54:02,767 [INFO] PluginManager:220 - loadIPPluginJar : add i2c
2026-04-06 13:54:02,771 [INFO] IPUIPlugin:80 - create IPUIPlugin
2026-04-06 13:54:02,771 [INFO] PluginManager:220 - loadIPPluginJar : add i2s
2026-04-06 13:54:02,775 [INFO] IPUIPlugin:80 - create IPUIPlugin
2026-04-06 13:54:02,776 [INFO] PluginManager:220 - loadIPPluginJar : add i3c
2026-04-06 13:54:02,781 [INFO] IPUIPlugin:80 - create IPUIPlugin
2026-04-06 13:54:02,782 [INFO] PluginManager:220 - loadIPPluginJar : add ipddr
2026-04-06 13:54:02,793 [INFO] IPUIPlugin:80 - create IPUIPlugin
2026-04-06 13:54:02,794 [INFO] PluginManager:220 - loadIPPluginJar : add linkedlist
2026-04-06 13:54:02,798 [INFO] IPUIPlugin:80 - create IPUIPlugin
2026-04-06 13:54:02,798 [INFO] PluginManager:220 - loadIPPluginJar : add lorawan
2026-04-06 13:54:02,801 [INFO] IPUIPlugin:80 - create IPUIPlugin
2026-04-06 13:54:02,801 [INFO] PluginManager:220 - loadIPPluginJar : add ltdc
2026-04-06 13:54:02,811 [INFO] IPUIPlugin:80 - create IPUIPlugin
2026-04-06 13:54:02,811 [INFO] PluginManager:220 - loadIPPluginJar : add mdma
2026-04-06 13:54:02,817 [INFO] IPUIPlugin:80 - create IPUIPlugin
2026-04-06 13:54:02,817 [INFO] PluginManager:220 - loadIPPluginJar : add nvic
2026-04-06 13:54:02,823 [INFO] IPUIPlugin:80 - create IPUIPlugin
2026-04-06 13:54:02,823 [INFO] PluginManager:220 - loadIPPluginJar : add opamp
2026-04-06 13:54:02,829 [INFO] IPUIPlugin:80 - create IPUIPlugin
2026-04-06 13:54:02,829 [INFO] PluginManager:220 - loadIPPluginJar : add openamp
2026-04-06 13:54:02,834 [INFO] IPUIPlugin:80 - create IPUIPlugin
2026-04-06 13:54:02,835 [INFO] PluginManager:220 - loadIPPluginJar : add pdm2pcm
2026-04-06 13:54:02,844 [INFO] IPUIPlugin:80 - create IPUIPlugin
2026-04-06 13:54:02,848 [INFO] PluginManager:220 - loadIPPluginJar : add plateformsettings
2026-04-06 13:54:02,850 [INFO] IPUIPlugin:80 - create IPUIPlugin
2026-04-06 13:54:02,850 [INFO] PluginManager:220 - loadIPPluginJar : add quadspi
2026-04-06 13:54:02,854 [INFO] IPUIPlugin:80 - create IPUIPlugin
2026-04-06 13:54:02,855 [INFO] PluginManager:220 - loadIPPluginJar : add radio
2026-04-06 13:54:02,862 [INFO] IPUIPlugin:80 - create IPUIPlugin
2026-04-06 13:54:02,862 [INFO] PluginManager:220 - loadIPPluginJar : add resmgrutility
2026-04-06 13:54:02,867 [INFO] IPUIPlugin:80 - create IPUIPlugin
2026-04-06 13:54:02,867 [INFO] PluginManager:220 - loadIPPluginJar : add sai
2026-04-06 13:54:02,871 [INFO] IPUIPlugin:80 - create IPUIPlugin
2026-04-06 13:54:02,871 [INFO] PluginManager:220 - loadIPPluginJar : add spi
2026-04-06 13:54:02,881 [INFO] IPUIPlugin:80 - create IPUIPlugin
2026-04-06 13:54:02,882 [INFO] PluginManager:220 - loadIPPluginJar : add stm32_wpan
2026-04-06 13:54:02,885 [INFO] IPUIPlugin:80 - create IPUIPlugin
2026-04-06 13:54:02,885 [INFO] PluginManager:220 - loadIPPluginJar : add tim
2026-04-06 13:54:02,890 [INFO] IPUIPlugin:80 - create IPUIPlugin
2026-04-06 13:54:02,890 [INFO] PluginManager:220 - loadIPPluginJar : add touchsensing
2026-04-06 13:54:02,893 [INFO] IPUIPlugin:80 - create IPUIPlugin
2026-04-06 13:54:02,894 [INFO] PluginManager:220 - loadIPPluginJar : add tracer_emb
2026-04-06 13:54:02,899 [INFO] IPUIPlugin:80 - create IPUIPlugin
2026-04-06 13:54:02,900 [INFO] PluginManager:220 - loadIPPluginJar : add ts
2026-04-06 13:54:02,903 [INFO] IPUIPlugin:80 - create IPUIPlugin
2026-04-06 13:54:02,903 [INFO] PluginManager:220 - loadIPPluginJar : add tsc
2026-04-06 13:54:02,906 [INFO] IPUIPlugin:80 - create IPUIPlugin
2026-04-06 13:54:02,907 [INFO] PluginManager:220 - loadIPPluginJar : add ucpd
2026-04-06 13:54:02,911 [INFO] IPUIPlugin:80 - create IPUIPlugin
2026-04-06 13:54:02,911 [INFO] PluginManager:220 - loadIPPluginJar : add usart
2026-04-06 13:54:02,919 [INFO] IPUIPlugin:80 - create IPUIPlugin
2026-04-06 13:54:02,919 [INFO] PluginManager:220 - loadIPPluginJar : add usbx
2026-04-06 13:54:03,092 [FATAL] Updater:351 - Updater called before beeing initialized
2026-04-06 13:54:03,145 [INFO] RulesReader:64 - Compatibility file has been processed (317 Rules)
2026-04-06 13:54:03,166 [INFO] RulesReader:64 - Compatibility file has been processed (317 Rules)
2026-04-06 13:54:03,177 [INFO] CADModel:165 - CPN selected for project level
2026-04-06 13:54:03,177 [INFO] CADModel:114 - Register for checkConnection events
2026-04-06 13:54:03,177 [FATAL] Updater:351 - Updater called before beeing initialized
2026-04-06 13:54:03,177 [ERROR] CADModel:125 - Updater not yet initialized, retry later 
2026-04-06 13:54:03,409 [FATAL] Updater:351 - Updater called before beeing initialized
2026-04-06 13:54:03,412 [INFO] CADModel:165 - CPN selected for project level
2026-04-06 13:54:03,412 [INFO] CADModel:114 - Register for checkConnection events
2026-04-06 13:54:03,412 [FATAL] Updater:351 - Updater called before beeing initialized
2026-04-06 13:54:03,412 [ERROR] CADModel:125 - Updater not yet initialized, retry later 
2026-04-06 13:54:03,418 [FATAL] Updater:351 - Updater called before beeing initialized
2026-04-06 13:54:03,595 [FATAL] Updater:351 - Updater called before beeing initialized
2026-04-06 13:54:03,602 [INFO] DbMcusAds:53 - JSON generation date=Thu Mar 05 11:32:52 BRT 2026 (1772721172890)
2026-04-06 13:54:03,602 [FATAL] Updater:351 - Updater called before beeing initialized
2026-04-06 13:54:03,668 [WARN] DetailPanel:346 - Failed to get advertising image, set to default
2026-04-06 13:54:03,868 [FATAL] Updater:351 - Updater called before beeing initialized
2026-04-06 13:54:03,871 [FATAL] Updater:351 - Updater called before beeing initialized
2026-04-06 13:54:03,872 [FATAL] Updater:351 - Updater called before beeing initialized
2026-04-06 13:54:03,872 [WARN] DetailPanel:346 - Failed to get advertising image, set to default
2026-04-06 13:54:03,874 [FATAL] Updater:351 - Updater called before beeing initialized
2026-04-06 13:54:03,975 [ERROR] Updater:1198 - MainUpdater not yet initialized. External WinMGr cannot be set.
2026-04-06 13:54:03,980 [INFO] Updater:1134 - Updater Version found : 6.15.0
2026-04-06 13:54:04,035 [INFO] ApplicationProperties:184 - Using Application install path: C:\ST\STM32CubeIDE_1.19.0\STM32CubeIDE\plugins\com.st.stm32cube.common.mx_6.15.0.202507011659
2026-04-06 13:54:04,352 [INFO] ThirdPartyUpdaterWithRetryManager:70 - Updater plugin not ready yet. [2/15]
2026-04-06 13:54:04,535 [INFO] MainUpdater:2872 - connection check result : 10
2026-04-06 13:54:04,536 [INFO] MainUpdater:3604 - Updater definition file requires update
2026-04-06 13:54:04,537 [INFO] MainUpdater:289 - Updater Check For Update Now.
2026-04-06 13:54:04,537 [INFO] MicroXplorer:498 - Change Database Version : DB.6.0.150
2026-04-06 13:54:04,545 [INFO] McuFinderGlobals:63 - Set McuFinder mode to 2 (CubeIDE integrated)
2026-04-06 13:54:04,546 [INFO] UserAuth:487 - Internet connection configuration mode: 1
2026-04-06 13:54:04,560 [INFO] ServerAccessManage:452 - Complete download http(s) 200
2026-04-06 13:54:04,561 [INFO] ServerAccessManage:509 - Download File updaters.zip
2026-04-06 13:54:04,588 [INFO] JxBrowserEngine:152 - Initiate JxBrowser Engine with user profile folder
2026-04-06 13:54:04,668 [INFO] FileExtend:248 - Unzip File : updaters.zip
2026-04-06 13:54:04,668 [INFO] FileExtend:263 - Standard Zip Deflate
2026-04-06 13:54:05,236 [INFO] ServerAccessManage:452 - Complete download http(s) 200
2026-04-06 13:54:05,236 [INFO] ServerAccessManage:509 - Download File PacksControlFlags.xml
2026-04-06 13:54:05,334 [INFO] ServerAccessManage:452 - Complete download http(s) 200
2026-04-06 13:54:05,334 [INFO] ServerAccessManage:509 - Download File cubemx.pidx
2026-04-06 13:54:07,234 [INFO] ServerAccessManage:452 - Complete download http(s) 200
2026-04-06 13:54:07,234 [INFO] ServerAccessManage:509 - Download File STMicroelectronics.eDS-WB_DPC_VIENNA.pdsc
2026-04-06 13:54:07,354 [WARN] MainUpdater:1193 - Updater busy. Cannot search thirdparties
2026-04-06 13:54:07,354 [INFO] ThirdPartyUpdaterWithRetryManager:96 - Updater plugin is busy. [1/15]
2026-04-06 13:54:07,787 [ERROR] ServerAccessManage:1212 - Problem, file not found on Server
2026-04-06 13:54:08,118 [ERROR] ServerAccessManage:1212 - Problem, file not found on Server
2026-04-06 13:54:08,507 [ERROR] ServerAccessManage:1212 - Problem, file not found on Server
2026-04-06 13:54:08,824 [INFO] WebApp:169 - Instantiating new browser for Auth
2026-04-06 13:54:08,832 [ERROR] ServerAccessManage:1212 - Problem, file not found on Server
2026-04-06 13:54:09,207 [ERROR] ServerAccessManage:1212 - Problem, file not found on Server
2026-04-06 13:54:09,227 [INFO] ServerAccessManage:452 - Complete download http(s) 200
2026-04-06 13:54:09,227 [INFO] ServerAccessManage:509 - Download File STMicroelectronics.eDS-WB_DPC_TT-BIDIR.pdsc
2026-04-06 13:54:09,579 [ERROR] ServerAccessManage:1212 - Problem, file not found on Server
2026-04-06 13:54:09,910 [ERROR] ServerAccessManage:1212 - Problem, file not found on Server
2026-04-06 13:54:10,264 [ERROR] ServerAccessManage:1212 - Problem, file not found on Server
2026-04-06 13:54:10,355 [WARN] MainUpdater:1193 - Updater busy. Cannot search thirdparties
2026-04-06 13:54:10,355 [INFO] ThirdPartyUpdaterWithRetryManager:96 - Updater plugin is busy. [2/15]
2026-04-06 13:54:10,624 [ERROR] ServerAccessManage:1212 - Problem, file not found on Server
2026-04-06 13:54:10,650 [INFO] ServerAccessManage:452 - Complete download http(s) 200
2026-04-06 13:54:10,650 [INFO] ServerAccessManage:509 - Download File STMicroelectronics.eDS-WB_DPC_3PH2L-BIDIR.pdsc
2026-04-06 13:54:10,893 [ERROR] ServerAccessManage:1212 - Problem, file not found on Server
2026-04-06 13:54:11,281 [WARN] PackLoader:240 - Cannot read IP mode file for STMicroelectronics.eDS-WB_DPC_VIENNA.1.2.0
2026-04-06 13:54:11,287 [WARN] PackLoader:240 - Cannot read IP mode file for STMicroelectronics.eDS-WB_DPC_TT-BIDIR.2.1.1
2026-04-06 13:54:11,291 [WARN] PackLoader:240 - Cannot read IP mode file for STMicroelectronics.eDS-WB_DPC_3PH2L-BIDIR.1.1.1
2026-04-06 13:54:11,291 [INFO] PopulateThirdPartyThread:66 - Ending populate Thread
2026-04-06 13:54:11,293 [INFO] ThirdParty:1030 - CMSIS Pack Vendor :STMicroelectronics eDS-WB_DPC_TT-BIDIR 2.1.1
2026-04-06 13:54:11,293 [INFO] ThirdParty:1030 - CMSIS Pack Vendor :STMicroelectronics eDS-WB_DPC_VIENNA 1.2.0
2026-04-06 13:54:11,293 [INFO] ThirdParty:1030 - CMSIS Pack Vendor :STMicroelectronics eDS-WB_DPC_3PH2L-BIDIR 1.1.1
2026-04-06 13:54:11,293 [INFO] LoadServerUpdatesThread:375 - End of LoadServerUpdate Thread
2026-04-06 13:54:11,438 [INFO] CheckServerUpdateThread:120 - End of CheckServer Thread
2026-04-06 13:54:11,979 [INFO] WebApp:463 - Apply proxy settings
2026-04-06 13:54:11,980 [INFO] WebApp:548 - Chromium requires no authentication
2026-04-06 13:54:11,996 [INFO] WebApp:491 - Direct internet connection detected
2026-04-06 13:54:12,034 [INFO] WebApp:900 - Register for checkConnection events
2026-04-06 13:54:12,034 [INFO] WebApp:463 - Apply proxy settings
2026-04-06 13:54:12,034 [INFO] WebApp:548 - Chromium requires no authentication
2026-04-06 13:54:12,034 [INFO] WebApp:491 - Direct internet connection detected
2026-04-06 13:54:12,355 [INFO] WebApp:225 - Starting web application
2026-04-06 13:54:12,355 [INFO] WebApp:593 - Web application path used C:\ST\STM32CubeIDE_1.19.0\STM32CubeIDE\plugins\com.st.stm32cube.common.mx_6.15.0.202507011659\db\plugins\mcufinder\reactClient1\index.html
2026-04-06 13:54:12,692 [INFO] WebApp:191 - Connection restablished
2026-04-06 13:54:13,774 [WARN] PackLoader:240 - Cannot read IP mode file for STMicroelectronics.X-CUBE-AZRTOS-H7.3.5.0
2026-04-06 13:54:13,793 [WARN] PackLoader:240 - Cannot read IP mode file for STMicroelectronics.FP-ATR-ASTRA1.2.0.2
2026-04-06 13:54:13,811 [WARN] PackLoader:240 - Cannot read IP mode file for STMicroelectronics.X-CUBE-SMBUS.2.1.0
2026-04-06 13:54:13,866 [WARN] PackLoader:240 - Cannot read IP mode file for STMicroelectronics.X-CUBE-AZRTOS-F7.1.1.0
2026-04-06 13:54:13,885 [WARN] PackLoader:240 - Cannot read IP mode file for STMicroelectronics.FP-SNS-MOTENV1.5.1.0
2026-04-06 13:54:13,900 [WARN] PackLoader:240 - Cannot read IP mode file for WES.I-CUBE-Cesium.1.4.0
2026-04-06 13:54:13,909 [WARN] PackLoader:240 - Cannot read IP mode file for STMicroelectronics.X-CUBE-DISPLAY.3.0.0
2026-04-06 13:54:13,933 [WARN] PackLoader:240 - Cannot read IP mode file for STMicroelectronics.FP-SNS-MOTENVWB1.1.5.0
2026-04-06 13:54:13,954 [WARN] PackLoader:240 - Cannot read IP mode file for STMicroelectronics.X-CUBE-NFC10.1.0.0
2026-04-06 13:54:13,966 [WARN] PackLoader:240 - Cannot read IP mode file for STMicroelectronics.X-CUBE-ST60.1.1.0
2026-04-06 13:54:13,976 [WARN] PackLoader:240 - Cannot read IP mode file for emotas.I-CUBE-CANOPEN.1.3.0
2026-04-06 13:54:13,990 [WARN] PackLoader:240 - Cannot read IP mode file for STMicroelectronics.X-CUBE-GNSS1.7.1.0
2026-04-06 13:54:14,003 [WARN] PackLoader:240 - Cannot read IP mode file for STMicroelectronics.FP-SNS-STBOX1.2.1.0
2026-04-06 13:54:14,017 [WARN] PackLoader:240 - Cannot read IP mode file for STMicroelectronics.FP-SNS-SMARTAG2.1.2.0
2026-04-06 13:54:14,026 [WARN] PackLoader:240 - Cannot read IP mode file for STMicroelectronics.FP-SNS-FLIGHT1.5.1.0
2026-04-06 13:54:14,044 [INFO] LogOutputStream:77 - [STDOUT_REDIRECT] 1 : Invalid condition id : UX_CORESTACK_Condition cause : null
2026-04-06 13:54:14,045 [INFO] LogOutputStream:77 - [STDOUT_REDIRECT] 1 : Invalid condition id : UX_CORESTACK_Condition cause : null
2026-04-06 13:54:14,047 [INFO] LogOutputStream:77 - [STDOUT_REDIRECT] 1 : Invalid condition id : UX_CORESTACK_Condition cause : null
2026-04-06 13:54:14,048 [INFO] LogOutputStream:77 - [STDOUT_REDIRECT] 1 : Invalid condition id : UX_CORESTACK_Condition cause : null
2026-04-06 13:54:14,050 [INFO] LogOutputStream:77 - [STDOUT_REDIRECT] 1 : Invalid condition id : UX_CORESTACK_Condition cause : null
2026-04-06 13:54:14,067 [WARN] PackLoader:240 - Cannot read IP mode file for STMicroelectronics.X-CUBE-AZRTOS-WL.2.0.0
2026-04-06 13:54:14,112 [WARN] PackLoader:240 - Cannot read IP mode file for STMicroelectronics.X-CUBE-AZRTOS-H7RS.1.2.0
2026-04-06 13:54:14,138 [WARN] PackLoader:240 - Cannot read IP mode file for STMicroelectronics.X-CUBE-BLE2.3.3.0
2026-04-06 13:54:14,224 [WARN] PackLoader:240 - Cannot read IP mode file for Infineon.AIROC-Wi-Fi-Bluetooth-STM32.1.8.0
2026-04-06 13:54:14,253 [WARN] PackLoader:240 - Cannot read IP mode file for STMicroelectronics.X-CUBE-NFC9.1.0.0
2026-04-06 13:54:14,266 [WARN] PackLoader:240 - Cannot read IP mode file for STMicroelectronics.X-CUBE-BLE1.7.1.0
2026-04-06 13:54:14,273 [WARN] PackLoader:240 - Cannot read IP mode file for wolfSSL.I-CUBE-wolfMQTT.1.19.2
2026-04-06 13:54:14,290 [WARN] PackLoader:240 - Cannot read IP mode file for STMicroelectronics.X-CUBE-EEPRMA1.5.2.0
2026-04-06 13:54:14,324 [WARN] PackLoader:240 - Cannot read IP mode file for wolfSSL.I-CUBE-wolfSSL.5.8.4
2026-04-06 13:54:14,331 [WARN] PackLoader:240 - Cannot read IP mode file for Cesanta.I-CUBE-Mongoose.7.20.0
2026-04-06 13:54:14,429 [WARN] PackLoader:240 - Cannot read IP mode file for STMicroelectronics.X-CUBE-MEMS1.12.0.0
2026-04-06 13:54:14,663 [INFO] UserAuth:487 - Internet connection configuration mode: 1
2026-04-06 13:54:14,665 [WARN] PackLoader:240 - Cannot read IP mode file for STMicroelectronics.X-CUBE-AZRTOS-G0.1.1.0
2026-04-06 13:54:14,678 [WARN] PackLoader:240 - Cannot read IP mode file for STMicroelectronics.X-CUBE-NFC4.3.0.0
2026-04-06 13:54:14,693 [WARN] PackLoader:240 - Cannot read IP mode file for EmbeddedOffice.I-CUBE-FS-RTOS.1.0.1
2026-04-06 13:54:14,704 [WARN] PackLoader:240 - Cannot read IP mode file for STMicroelectronics.X-CUBE-WB05N.2.0.0
2026-04-06 13:54:14,711 [WARN] PackLoader:240 - Cannot read IP mode file for wolfSSL.I-CUBE-wolfTPM.3.8.0
2026-04-06 13:54:14,723 [WARN] PackLoader:240 - Cannot read IP mode file for STMicroelectronics.X-CUBE-TCPP.4.2.0
2026-04-06 13:54:14,742 [WARN] PackLoader:240 - Cannot read IP mode file for RealThread.X-CUBE-RT-Thread_Nano.4.1.1
2026-04-06 13:54:14,750 [WARN] PackLoader:240 - Cannot read IP mode file for STMicroelectronics.FP-ATR-SIGFOX1.3.2.0
2026-04-06 13:54:14,761 [WARN] PackLoader:240 - Cannot read IP mode file for STMicroelectronics.X-CUBE-FREERTOS.1.5.0
2026-04-06 13:54:14,771 [WARN] PackLoader:240 - Cannot read IP mode file for ITTIA_DB.I-CUBE-ITTIADB.8.9.0
2026-04-06 13:54:14,785 [WARN] PackLoader:240 - Cannot read IP mode file for STMicroelectronics.X-CUBE-NFC6.3.2.0
2026-04-06 13:54:14,801 [WARN] PackLoader:240 - Cannot read IP mode file for STMicroelectronics.X-CUBE-AI.10.2.0
2026-04-06 13:54:14,884 [WARN] PackLoader:240 - Cannot read IP mode file for SEGGER.I-CUBE-embOS.1.3.1
2026-04-06 13:54:15,105 [WARN] PackLoader:240 - Cannot read IP mode file for STMicroelectronics.X-CUBE-ALGOBUILD.1.4.0
2026-04-06 13:54:15,114 [WARN] PackLoader:240 - Cannot read IP mode file for STMicroelectronics.X-CUBE-PM33A1.1.0.0
2026-04-06 13:54:15,147 [WARN] PackLoader:240 - Cannot read IP mode file for STMicroelectronics.X-CUBE-AZRTOS-F4.1.1.0
2026-04-06 13:54:15,292 [WARN] PackLoader:240 - Cannot read IP mode file for STMicroelectronics.X-CUBE-ISPU.2.1.0
2026-04-06 13:54:15,316 [WARN] PackLoader:240 - Cannot read IP mode file for STMicroelectronics.X-CUBE-IPS.3.2.0
2026-04-06 13:54:15,335 [WARN] PackLoader:240 - Cannot read IP mode file for STMicroelectronics.eDS-WB_DPC_TT-BIDIR.2.1.1
2026-04-06 13:54:15,345 [WARN] PackLoader:240 - Cannot read IP mode file for STMicroelectronics.X-CUBE-NFC12.1.0.0
2026-04-06 13:54:15,378 [WARN] PackLoader:240 - Cannot read IP mode file for STMicroelectronics.X-CUBE-AZRTOS-L5.2.0.0
2026-04-06 13:54:15,393 [WARN] PackLoader:240 - Cannot read IP mode file for STMicroelectronics.eDS-WB_DPC_VIENNA.1.2.0
2026-04-06 13:54:15,401 [WARN] PackLoader:240 - Cannot read IP mode file for STMicroelectronics.eDS-WB_DPC_3PH2L-BIDIR.1.1.1
2026-04-06 13:54:15,408 [WARN] PackLoader:240 - Cannot read IP mode file for STMicroelectronics.X-CUBE-TOUCHGFX.4.26.1
2026-04-06 13:54:15,420 [WARN] PackLoader:240 - Cannot read IP mode file for STMicroelectronics.FP-SNS-STAIOTCFT.1.0.0
2026-04-06 13:54:15,428 [WARN] PackLoader:240 - Cannot read IP mode file for STMicroelectronics.X-CUBE-DPower.1.3.0
2026-04-06 13:54:15,461 [WARN] ConditionMgr:438 - getConditionDescription Invalid condition id : LAN8742 Phy interface Condition cause : null
2026-04-06 13:54:15,461 [WARN] PackLoader:240 - Cannot read IP mode file for STMicroelectronics.X-CUBE-AZRTOS-L4.2.0.0
2026-04-06 13:54:15,464 [WARN] ConditionMgr:1044 - genDependencies : Invalid condition id : LAN8742 Phy interface Condition cause : null
2026-04-06 13:54:15,465 [WARN] ConditionMgr:1044 - genDependencies : Invalid condition id : LAN8742 Phy interface Condition cause : null
2026-04-06 13:54:15,466 [WARN] ConditionMgr:1044 - genDependencies : Invalid condition id : LAN8742 Phy interface Condition cause : null
2026-04-06 13:54:15,485 [WARN] PackLoader:240 - Cannot read IP mode file for STMicroelectronics.X-CUBE-SFXS2LP1.4.0.0
2026-04-06 13:54:15,502 [WARN] PackLoader:240 - Cannot read IP mode file for STMicroelectronics.X-CUBE-ST67W61.1.2.0
2026-04-06 13:54:15,520 [WARN] PackLoader:240 - Cannot read IP mode file for STMicroelectronics.X-CUBE-BLEMGR.4.1.0
2026-04-06 13:54:15,548 [WARN] ConditionMgr:438 - getConditionDescription Invalid condition id : UX DEVICE CLASS RTOS Condition cause : null
2026-04-06 13:54:15,548 [WARN] ConditionMgr:438 - getConditionDescription Invalid condition id : UX DEVICE CLASS RTOS Condition cause : null
2026-04-06 13:54:15,553 [WARN] PackLoader:240 - Cannot read IP mode file for STMicroelectronics.X-CUBE-AZRTOS-WB.2.0.0
2026-04-06 13:54:15,554 [WARN] ConditionMgr:1044 - genDependencies : Invalid condition id : UX DEVICE CLASS RTOS Condition cause : null
2026-04-06 13:54:15,554 [WARN] ConditionMgr:1044 - genDependencies : Invalid condition id : UX DEVICE CLASS RTOS Condition cause : null
2026-04-06 13:54:15,555 [WARN] ConditionMgr:1044 - genDependencies : Invalid condition id : UX DEVICE CLASS RTOS Condition cause : null
2026-04-06 13:54:15,555 [WARN] ConditionMgr:1044 - genDependencies : Invalid condition id : UX DEVICE CLASS RTOS Condition cause : null
2026-04-06 13:54:15,556 [WARN] ConditionMgr:1044 - genDependencies : Invalid condition id : UX DEVICE CLASS RTOS Condition cause : null
2026-04-06 13:54:15,565 [WARN] ConditionMgr:438 - getConditionDescription Invalid condition id : Cortex-A Device cause : null
2026-04-06 13:54:15,584 [WARN] ConditionMgr:1044 - genDependencies : Invalid condition id : Cortex-A Device cause : null
2026-04-06 13:54:15,584 [WARN] ConditionMgr:1044 - genDependencies : Invalid condition id : Cortex-A Device cause : null
2026-04-06 13:54:15,584 [WARN] ConditionMgr:1044 - genDependencies : Invalid condition id : Cortex-A Device cause : null
2026-04-06 13:54:15,598 [WARN] PackLoader:240 - Cannot read IP mode file for STMicroelectronics.X-CUBE-STSE01.2.0.0
2026-04-06 13:54:15,625 [WARN] PackLoader:240 - Cannot read IP mode file for STMicroelectronics.X-CUBE-SUBG2.5.0.0
2026-04-06 13:54:15,666 [WARN] PackLoader:240 - Cannot read IP mode file for STMicroelectronics.X-CUBE-AZRTOS-G4.2.0.0
2026-04-06 13:54:15,675 [WARN] PackLoader:240 - Cannot read IP mode file for wolfSSL.I-CUBE-wolfSSH.1.4.20
2026-04-06 13:54:15,683 [WARN] PackLoader:240 - Cannot read IP mode file for STMicroelectronics.X-CUBE-NFC7.2.0.0
2026-04-06 13:54:15,690 [WARN] PackLoader:240 - Cannot read IP mode file for STMicroelectronics.X-CUBE-ALS.1.0.2
2026-04-06 13:54:15,708 [WARN] PackLoader:240 - Cannot read IP mode file for STMicroelectronics.X-CUBE-TOF1.3.4.3
2026-04-06 13:54:15,729 [INFO] ThirdParty:978 - Integrity check success = true
2026-04-06 13:54:15,729 [INFO] IntegrityCheckThread:100 - exiting critical section [integrity check]
2026-04-06 13:54:15,729 [INFO] IntegrityCheckThread:103 - End integrity checks thread
2026-04-06 18:28:43,137 [INFO] Activator:176 - 


2026-04-06 18:28:43,140 [INFO] Activator:177 - !SESSION log4j initialized
2026-04-06 18:28:52,173 [INFO] LogOutputStream:77 - [STDOUT_REDIRECT] 
2026-04-06 18:29:00,155 [INFO] ApplicationProperties:184 - Using Application install path: C:\ST\STM32CubeIDE_1.19.0\STM32CubeIDE\plugins\com.st.stm32cube.common.mx_6.15.0.202507011659
2026-04-06 18:29:00,192 [INFO] DbMcusXml:78 - Set database path to: C:\ST\STM32CubeIDE_1.19.0\STM32CubeIDE\plugins\com.st.stm32cube.common.mx_6.15.0.202507011659\\db\/mcu/
2026-04-06 18:29:00,192 [INFO] ApiDb:274 - Set plugin database path to: C:\ST\STM32CubeIDE_1.19.0\STM32CubeIDE\plugins\com.st.stm32cube.common.mx_6.15.0.202507011659\\db\/plugins/boardmanager/
2026-04-06 18:29:00,192 [WARN] ApiDb:259 - Overriding images path with different value:  => C:\ST\STM32CubeIDE_1.19.0\STM32CubeIDE\plugins\com.st.stm32cube.common.mx_6.15.0.202507011659\\db\/plugins/mcufinder/images/
2026-04-06 18:29:00,213 [INFO] ApiDb:250 - Set database path to: C:\Users\mvict\.stmcufinder\plugins\mcufinder//mcu/
2026-04-06 18:29:00,216 [INFO] DbMcusAds:125 - Set database path to: C:\Users\mvict\.stmcufinder\plugins\mcufinder//mcu/
2026-04-06 18:29:00,227 [INFO] CrossReferenceDbSqlite:203 - Set database path to: C:\Users\mvict\.stmcufinder\plugins\mcufinder//mcu/cs/
2026-04-06 18:29:00,503 [INFO] RulesReader:64 - Compatibility file has been processed (317 Rules)
2026-04-06 18:29:00,718 [INFO] DbMcusXml:78 - Set database path to: C:\ST\STM32CubeIDE_1.19.0\STM32CubeIDE\plugins\com.st.stm32cube.common.mx_6.15.0.202507011659\\db\/mcu/
2026-04-06 18:29:00,719 [INFO] ApiDb:274 - Set plugin database path to: C:\ST\STM32CubeIDE_1.19.0\STM32CubeIDE\plugins\com.st.stm32cube.common.mx_6.15.0.202507011659\\db\/plugins/boardmanager/
2026-04-06 18:29:00,719 [INFO] ApiDb:261 - Set plugin images path to: C:\ST\STM32CubeIDE_1.19.0\STM32CubeIDE\plugins\com.st.stm32cube.common.mx_6.15.0.202507011659\\db\/plugins/mcufinder/images/
2026-04-06 18:29:00,720 [WARN] DbFile:41 - Overriding database path with different value: C:\Users\mvict\.stmcufinder\plugins\mcufinder/ => C:\Users\mvict\.stmcufinder\plugins\mcufinder
2026-04-06 18:29:00,720 [INFO] ApiDb:250 - Set database path to: C:\Users\mvict\.stmcufinder\plugins\mcufinder//mcu/
2026-04-06 18:29:00,720 [WARN] DbFile:41 - Overriding database path with different value: C:\Users\mvict\.stmcufinder\plugins\mcufinder/ => C:\Users\mvict\.stmcufinder\plugins\mcufinder
2026-04-06 18:29:00,720 [INFO] DbMcusAds:125 - Set database path to: C:\Users\mvict\.stmcufinder\plugins\mcufinder//mcu/
2026-04-06 18:29:00,720 [WARN] DbFile:41 - Overriding database path with different value: C:\Users\mvict\.stmcufinder\plugins\mcufinder/ => C:\Users\mvict\.stmcufinder\plugins\mcufinder
2026-04-06 18:29:00,720 [WARN] DbFile:41 - Overriding database path with different value: C:\Users\mvict\.stmcufinder\plugins\mcufinder/ => C:\Users\mvict\.stmcufinder\plugins\mcufinder
2026-04-06 18:29:00,721 [INFO] CrossReferenceDbSqlite:203 - Set database path to: C:\Users\mvict\.stmcufinder\plugins\mcufinder//mcu/cs/
2026-04-06 18:29:00,896 [INFO] MainPanel:274 - HeapMemory: 268435456
2026-04-06 18:29:01,226 [INFO] DbMcusXml:78 - Set database path to: C:\ST\STM32CubeIDE_1.19.0\STM32CubeIDE\plugins\com.st.stm32cube.common.mx_6.15.0.202507011659\\db\/mcu/
2026-04-06 18:29:01,226 [INFO] ApiDb:274 - Set plugin database path to: C:\ST\STM32CubeIDE_1.19.0\STM32CubeIDE\plugins\com.st.stm32cube.common.mx_6.15.0.202507011659\\db\/plugins/boardmanager/
2026-04-06 18:29:01,226 [INFO] ApiDb:261 - Set plugin images path to: C:\ST\STM32CubeIDE_1.19.0\STM32CubeIDE\plugins\com.st.stm32cube.common.mx_6.15.0.202507011659\\db\/plugins/mcufinder/images/
2026-04-06 18:29:01,227 [WARN] DbFile:41 - Overriding database path with different value: C:\Users\mvict\.stmcufinder\plugins\mcufinder/ => C:\Users\mvict\.stmcufinder\plugins\mcufinder
2026-04-06 18:29:01,227 [INFO] ApiDb:250 - Set database path to: C:\Users\mvict\.stmcufinder\plugins\mcufinder//mcu/
2026-04-06 18:29:01,227 [WARN] DbFile:41 - Overriding database path with different value: C:\Users\mvict\.stmcufinder\plugins\mcufinder/ => C:\Users\mvict\.stmcufinder\plugins\mcufinder
2026-04-06 18:29:01,227 [INFO] DbMcusAds:125 - Set database path to: C:\Users\mvict\.stmcufinder\plugins\mcufinder//mcu/
2026-04-06 18:29:01,227 [WARN] DbFile:41 - Overriding database path with different value: C:\Users\mvict\.stmcufinder\plugins\mcufinder/ => C:\Users\mvict\.stmcufinder\plugins\mcufinder
2026-04-06 18:29:01,227 [WARN] DbFile:41 - Overriding database path with different value: C:\Users\mvict\.stmcufinder\plugins\mcufinder/ => C:\Users\mvict\.stmcufinder\plugins\mcufinder
2026-04-06 18:29:01,228 [INFO] CrossReferenceDbSqlite:203 - Set database path to: C:\Users\mvict\.stmcufinder\plugins\mcufinder//mcu/cs/
2026-04-06 18:29:01,262 [INFO] ApplicationProperties:184 - Using Application install path: C:\ST\STM32CubeIDE_1.19.0\STM32CubeIDE\plugins\com.st.stm32cube.common.mx_6.15.0.202507011659
2026-04-06 18:29:01,264 [INFO] PluginManage:196 - Search for loadable plugins [exclusion list=, ]
2026-04-06 18:29:01,270 [INFO] PluginManage:310 - Check plugin analytics
2026-04-06 18:29:01,862 [INFO] AnalyticsPlugin:253 - Accepted Software Licenses: 
2026-04-06 18:29:01,862 [INFO] AnalyticsPlugin:255 - Accepted CMSIS Pack Licenses: 
2026-04-06 18:29:01,863 [INFO] AnalyticsPlugin:257 - Accepted Firmware Licenses: 
2026-04-06 18:29:01,872 [INFO] PluginManage:359 - Loaded plugin analytics (category:tool,tabindex:-1)
2026-04-06 18:29:01,873 [INFO] PluginManage:310 - Check plugin cadmodel
2026-04-06 18:29:01,929 [INFO] CADModel:105 - Init CAD model plugin
2026-04-06 18:29:01,929 [INFO] PluginManage:359 - Loaded plugin cadmodel (category:power,tabindex:5)
2026-04-06 18:29:01,930 [INFO] PluginManage:310 - Check plugin clock
2026-04-06 18:29:01,963 [INFO] PluginManage:359 - Loaded plugin clock (category:base,tabindex:2)
2026-04-06 18:29:01,964 [INFO] PluginManage:310 - Check plugin ddr
2026-04-06 18:29:01,970 [INFO] PluginManage:359 - Loaded plugin ddr (category:tool,tabindex:6)
2026-04-06 18:29:01,970 [INFO] PluginManage:310 - Check plugin filemanager
2026-04-06 18:29:02,338 [INFO] PluginManage:359 - Loaded plugin filemanager (category:base,tabindex:10)
2026-04-06 18:29:02,338 [INFO] PluginManage:310 - Check plugin ipmanager
2026-04-06 18:29:02,356 [INFO] PluginManage:359 - Loaded plugin ipmanager (category:base,tabindex:5)
2026-04-06 18:29:02,356 [INFO] PluginManage:310 - Check plugin lpbam
2026-04-06 18:29:02,374 [INFO] PluginManage:359 - Loaded plugin lpbam (category:base,tabindex:0)
2026-04-06 18:29:02,375 [INFO] PluginManage:310 - Check plugin memorymap
2026-04-06 18:29:02,430 [INFO] PluginManage:359 - Loaded plugin memorymap (category:base,tabindex:4)
2026-04-06 18:29:02,430 [INFO] PluginManage:310 - Check plugin pinoutandconfiguration
2026-04-06 18:29:02,456 [INFO] PluginManage:359 - Loaded plugin pinoutandconfiguration (category:base,tabindex:1)
2026-04-06 18:29:02,456 [INFO] PluginManage:310 - Check plugin pinoutconfig
2026-04-06 18:29:02,669 [WARN] SupportedApi:132 - Cannot load RTOS API schema: s4s-elt-must-match.1: The content of 'definitions' must match (annotation?, (simpleType | complexType)?, (unique | key | keyref)*)). A problem was found starting at: attribute.
2026-04-06 18:29:03,473 [INFO] PluginManage:359 - Loaded plugin pinoutconfig (category:base,tabindex:0)
2026-04-06 18:29:03,474 [INFO] PluginManage:310 - Check plugin power
2026-04-06 18:29:03,507 [INFO] PluginManage:359 - Loaded plugin power (category:power,tabindex:4)
2026-04-06 18:29:03,508 [INFO] PluginManage:310 - Check plugin projectmanager
2026-04-06 18:29:03,546 [INFO] PluginManage:359 - Loaded plugin projectmanager (category:projectmanager,tabindex:4)
2026-04-06 18:29:03,546 [INFO] PluginManage:310 - Check plugin rif
2026-04-06 18:29:03,565 [INFO] PluginManage:359 - Loaded plugin rif (category:base,tabindex:3)
2026-04-06 18:29:03,566 [INFO] PluginManage:310 - Check plugin thirdparty
2026-04-06 18:29:03,906 [INFO] PluginManage:359 - Loaded plugin thirdparty (category:base,tabindex:-1)
2026-04-06 18:29:03,907 [INFO] PluginManage:310 - Check plugin tools
2026-04-06 18:29:03,911 [INFO] PluginManage:359 - Loaded plugin tools (category:base,tabindex:7)
2026-04-06 18:29:03,912 [INFO] PluginManage:310 - Check plugin tutovideos
2026-04-06 18:29:03,919 [WARN] IntegrityCheckThread:84 - waiting for thirdparty lock release [integrity check]
2026-04-06 18:29:03,922 [INFO] IntegrityCheckThread:86 - entering critical section [integrity check]
2026-04-06 18:29:03,933 [INFO] ThirdPartyUpdaterWithRetryManager:70 - Updater plugin not ready yet. [1/15]
2026-04-06 18:29:04,474 [INFO] PluginManage:359 - Loaded plugin tutovideos (category:base,tabindex:-1)
2026-04-06 18:29:04,474 [INFO] PluginManage:310 - Check plugin updater
2026-04-06 18:29:04,568 [INFO] PluginManage:359 - Loaded plugin updater (category:base,tabindex:12)
2026-04-06 18:29:04,568 [INFO] PluginManage:310 - Check plugin userauth
2026-04-06 18:29:04,578 [INFO] UserAuth:118 - Init User Auth plugin
2026-04-06 18:29:04,583 [INFO] PluginManage:359 - Loaded plugin userauth (category:base,tabindex:14)
2026-04-06 18:29:04,585 [INFO] PluginManage:283 - PluginManage : Loaded plugins [18]
2026-04-06 18:29:05,173 [INFO] PinOutPanel:1589 - setPackage(No Configuration,No Configuration)
2026-04-06 18:29:05,428 [INFO] CADModel:165 - CPN selected for project level
2026-04-06 18:29:05,428 [INFO] CADModel:114 - Register for checkConnection events
2026-04-06 18:29:05,469 [INFO] IPUIPlugin:80 - create IPUIPlugin
2026-04-06 18:29:05,470 [INFO] PluginManager:220 - loadIPPluginJar : add adc
2026-04-06 18:29:05,475 [INFO] IPUIPlugin:80 - create IPUIPlugin
2026-04-06 18:29:05,475 [INFO] PluginManager:220 - loadIPPluginJar : add aes
2026-04-06 18:29:05,484 [INFO] IPUIPlugin:80 - create IPUIPlugin
2026-04-06 18:29:05,484 [INFO] PluginManager:220 - loadIPPluginJar : add can
2026-04-06 18:29:05,487 [INFO] IPUIPlugin:80 - create IPUIPlugin
2026-04-06 18:29:05,487 [INFO] PluginManager:220 - loadIPPluginJar : add comp
2026-04-06 18:29:05,491 [INFO] IPUIPlugin:80 - create IPUIPlugin
2026-04-06 18:29:05,493 [INFO] PluginManager:220 - loadIPPluginJar : add cryp
2026-04-06 18:29:05,500 [INFO] IPUIPlugin:80 - create IPUIPlugin
2026-04-06 18:29:05,500 [INFO] PluginManager:220 - loadIPPluginJar : add ddr_ctrl_phy
2026-04-06 18:29:05,504 [INFO] IPUIPlugin:80 - create IPUIPlugin
2026-04-06 18:29:05,505 [INFO] PluginManager:220 - loadIPPluginJar : add dfsdm
2026-04-06 18:29:05,520 [INFO] IPUIPlugin:80 - create IPUIPlugin
2026-04-06 18:29:05,521 [INFO] PluginManager:220 - loadIPPluginJar : add dma
2026-04-06 18:29:05,534 [INFO] IPUIPlugin:80 - create IPUIPlugin
2026-04-06 18:29:05,535 [INFO] PluginManager:220 - loadIPPluginJar : add dma3
2026-04-06 18:29:05,540 [INFO] IPUIPlugin:80 - create IPUIPlugin
2026-04-06 18:29:05,540 [INFO] PluginManager:220 - loadIPPluginJar : add extmemmanager
2026-04-06 18:29:05,543 [INFO] IPUIPlugin:80 - create IPUIPlugin
2026-04-06 18:29:05,543 [INFO] PluginManager:220 - loadIPPluginJar : add fatfs
2026-04-06 18:29:05,553 [INFO] IPUIPlugin:80 - create IPUIPlugin
2026-04-06 18:29:05,554 [INFO] PluginManager:220 - loadIPPluginJar : add fmc
2026-04-06 18:29:05,569 [INFO] IPUIPlugin:80 - create IPUIPlugin
2026-04-06 18:29:05,571 [INFO] PluginManager:220 - loadIPPluginJar : add freertos
2026-04-06 18:29:05,575 [INFO] IPUIPlugin:80 - create IPUIPlugin
2026-04-06 18:29:05,575 [INFO] PluginManager:220 - loadIPPluginJar : add genericplugin
2026-04-06 18:29:05,579 [INFO] IPUIPlugin:80 - create IPUIPlugin
2026-04-06 18:29:05,580 [INFO] PluginManager:220 - loadIPPluginJar : add gfxmmu
2026-04-06 18:29:05,587 [INFO] IPUIPlugin:80 - create IPUIPlugin
2026-04-06 18:29:05,587 [INFO] PluginManager:220 - loadIPPluginJar : add gic
2026-04-06 18:29:05,593 [INFO] IPUIPlugin:80 - create IPUIPlugin
2026-04-06 18:29:05,593 [INFO] PluginManager:220 - loadIPPluginJar : add gpio
2026-04-06 18:29:05,600 [INFO] IPUIPlugin:80 - create IPUIPlugin
2026-04-06 18:29:05,601 [INFO] PluginManager:220 - loadIPPluginJar : add gtzc
2026-04-06 18:29:05,605 [INFO] IPUIPlugin:80 - create IPUIPlugin
2026-04-06 18:29:05,605 [INFO] PluginManager:220 - loadIPPluginJar : add hash
2026-04-06 18:29:05,609 [INFO] IPUIPlugin:80 - create IPUIPlugin
2026-04-06 18:29:05,610 [INFO] PluginManager:220 - loadIPPluginJar : add i2c
2026-04-06 18:29:05,616 [INFO] IPUIPlugin:80 - create IPUIPlugin
2026-04-06 18:29:05,617 [INFO] PluginManager:220 - loadIPPluginJar : add i2s
2026-04-06 18:29:05,621 [INFO] IPUIPlugin:80 - create IPUIPlugin
2026-04-06 18:29:05,622 [INFO] PluginManager:220 - loadIPPluginJar : add i3c
2026-04-06 18:29:05,627 [INFO] IPUIPlugin:80 - create IPUIPlugin
2026-04-06 18:29:05,629 [INFO] PluginManager:220 - loadIPPluginJar : add ipddr
2026-04-06 18:29:05,640 [INFO] IPUIPlugin:80 - create IPUIPlugin
2026-04-06 18:29:05,641 [INFO] PluginManager:220 - loadIPPluginJar : add linkedlist
2026-04-06 18:29:05,649 [INFO] IPUIPlugin:80 - create IPUIPlugin
2026-04-06 18:29:05,649 [INFO] PluginManager:220 - loadIPPluginJar : add lorawan
2026-04-06 18:29:05,652 [INFO] IPUIPlugin:80 - create IPUIPlugin
2026-04-06 18:29:05,652 [INFO] PluginManager:220 - loadIPPluginJar : add ltdc
2026-04-06 18:29:05,668 [INFO] IPUIPlugin:80 - create IPUIPlugin
2026-04-06 18:29:05,669 [INFO] PluginManager:220 - loadIPPluginJar : add mdma
2026-04-06 18:29:05,674 [INFO] IPUIPlugin:80 - create IPUIPlugin
2026-04-06 18:29:05,674 [INFO] PluginManager:220 - loadIPPluginJar : add nvic
2026-04-06 18:29:05,682 [INFO] IPUIPlugin:80 - create IPUIPlugin
2026-04-06 18:29:05,682 [INFO] PluginManager:220 - loadIPPluginJar : add opamp
2026-04-06 18:29:05,687 [INFO] IPUIPlugin:80 - create IPUIPlugin
2026-04-06 18:29:05,687 [INFO] PluginManager:220 - loadIPPluginJar : add openamp
2026-04-06 18:29:05,692 [INFO] IPUIPlugin:80 - create IPUIPlugin
2026-04-06 18:29:05,692 [INFO] PluginManager:220 - loadIPPluginJar : add pdm2pcm
2026-04-06 18:29:05,704 [INFO] IPUIPlugin:80 - create IPUIPlugin
2026-04-06 18:29:05,707 [INFO] PluginManager:220 - loadIPPluginJar : add plateformsettings
2026-04-06 18:29:05,710 [INFO] IPUIPlugin:80 - create IPUIPlugin
2026-04-06 18:29:05,710 [INFO] PluginManager:220 - loadIPPluginJar : add quadspi
2026-04-06 18:29:05,716 [INFO] IPUIPlugin:80 - create IPUIPlugin
2026-04-06 18:29:05,717 [INFO] PluginManager:220 - loadIPPluginJar : add radio
2026-04-06 18:29:05,724 [INFO] IPUIPlugin:80 - create IPUIPlugin
2026-04-06 18:29:05,724 [INFO] PluginManager:220 - loadIPPluginJar : add resmgrutility
2026-04-06 18:29:05,731 [INFO] IPUIPlugin:80 - create IPUIPlugin
2026-04-06 18:29:05,731 [INFO] PluginManager:220 - loadIPPluginJar : add sai
2026-04-06 18:29:05,735 [INFO] IPUIPlugin:80 - create IPUIPlugin
2026-04-06 18:29:05,735 [INFO] PluginManager:220 - loadIPPluginJar : add spi
2026-04-06 18:29:05,750 [INFO] IPUIPlugin:80 - create IPUIPlugin
2026-04-06 18:29:05,750 [INFO] PluginManager:220 - loadIPPluginJar : add stm32_wpan
2026-04-06 18:29:05,754 [INFO] IPUIPlugin:80 - create IPUIPlugin
2026-04-06 18:29:05,754 [INFO] PluginManager:220 - loadIPPluginJar : add tim
2026-04-06 18:29:05,765 [INFO] IPUIPlugin:80 - create IPUIPlugin
2026-04-06 18:29:05,765 [INFO] PluginManager:220 - loadIPPluginJar : add touchsensing
2026-04-06 18:29:05,776 [INFO] IPUIPlugin:80 - create IPUIPlugin
2026-04-06 18:29:05,776 [INFO] PluginManager:220 - loadIPPluginJar : add tracer_emb
2026-04-06 18:29:05,783 [INFO] IPUIPlugin:80 - create IPUIPlugin
2026-04-06 18:29:05,783 [INFO] PluginManager:220 - loadIPPluginJar : add ts
2026-04-06 18:29:05,786 [INFO] IPUIPlugin:80 - create IPUIPlugin
2026-04-06 18:29:05,787 [INFO] PluginManager:220 - loadIPPluginJar : add tsc
2026-04-06 18:29:05,792 [INFO] IPUIPlugin:80 - create IPUIPlugin
2026-04-06 18:29:05,792 [INFO] PluginManager:220 - loadIPPluginJar : add ucpd
2026-04-06 18:29:05,802 [INFO] IPUIPlugin:80 - create IPUIPlugin
2026-04-06 18:29:05,803 [INFO] PluginManager:220 - loadIPPluginJar : add usart
2026-04-06 18:29:05,809 [INFO] IPUIPlugin:80 - create IPUIPlugin
2026-04-06 18:29:05,809 [INFO] PluginManager:220 - loadIPPluginJar : add usbx
2026-04-06 18:29:06,023 [FATAL] Updater:351 - Updater called before beeing initialized
2026-04-06 18:29:06,082 [INFO] RulesReader:64 - Compatibility file has been processed (317 Rules)
2026-04-06 18:29:06,100 [INFO] RulesReader:64 - Compatibility file has been processed (317 Rules)
2026-04-06 18:29:06,112 [INFO] CADModel:165 - CPN selected for project level
2026-04-06 18:29:06,113 [INFO] CADModel:114 - Register for checkConnection events
2026-04-06 18:29:06,113 [FATAL] Updater:351 - Updater called before beeing initialized
2026-04-06 18:29:06,113 [ERROR] CADModel:125 - Updater not yet initialized, retry later 
2026-04-06 18:29:06,433 [FATAL] Updater:351 - Updater called before beeing initialized
2026-04-06 18:29:06,436 [INFO] CADModel:165 - CPN selected for project level
2026-04-06 18:29:06,436 [INFO] CADModel:114 - Register for checkConnection events
2026-04-06 18:29:06,436 [FATAL] Updater:351 - Updater called before beeing initialized
2026-04-06 18:29:06,437 [ERROR] CADModel:125 - Updater not yet initialized, retry later 
2026-04-06 18:29:06,441 [FATAL] Updater:351 - Updater called before beeing initialized
2026-04-06 18:29:06,766 [FATAL] Updater:351 - Updater called before beeing initialized
2026-04-06 18:29:06,774 [INFO] DbMcusAds:53 - JSON generation date=Thu Mar 05 11:32:52 BRT 2026 (1772721172890)
2026-04-06 18:29:06,775 [FATAL] Updater:351 - Updater called before beeing initialized
2026-04-06 18:29:06,869 [WARN] DetailPanel:346 - Failed to get advertising image, set to default
2026-04-06 18:29:06,939 [INFO] ThirdPartyUpdaterWithRetryManager:70 - Updater plugin not ready yet. [2/15]
2026-04-06 18:29:07,018 [FATAL] Updater:351 - Updater called before beeing initialized
2026-04-06 18:29:07,024 [FATAL] Updater:351 - Updater called before beeing initialized
2026-04-06 18:29:07,024 [FATAL] Updater:351 - Updater called before beeing initialized
2026-04-06 18:29:07,024 [WARN] DetailPanel:346 - Failed to get advertising image, set to default
2026-04-06 18:29:07,026 [FATAL] Updater:351 - Updater called before beeing initialized
2026-04-06 18:29:07,114 [ERROR] Updater:1198 - MainUpdater not yet initialized. External WinMGr cannot be set.
2026-04-06 18:29:07,118 [INFO] Updater:1134 - Updater Version found : 6.15.0
2026-04-06 18:29:07,147 [INFO] ApplicationProperties:184 - Using Application install path: C:\ST\STM32CubeIDE_1.19.0\STM32CubeIDE\plugins\com.st.stm32cube.common.mx_6.15.0.202507011659
2026-04-06 18:29:08,336 [INFO] MainUpdater:2872 - connection check result : 10
2026-04-06 18:29:08,337 [INFO] MainUpdater:289 - Updater Check For Update Now.
2026-04-06 18:29:08,337 [INFO] MicroXplorer:498 - Change Database Version : DB.6.0.150
2026-04-06 18:29:08,347 [INFO] McuFinderGlobals:63 - Set McuFinder mode to 2 (CubeIDE integrated)
2026-04-06 18:29:08,378 [INFO] UserAuth:487 - Internet connection configuration mode: 1
2026-04-06 18:29:08,699 [INFO] JxBrowserEngine:152 - Initiate JxBrowser Engine with user profile folder
2026-04-06 18:29:08,954 [INFO] CheckServerUpdateThread:120 - End of CheckServer Thread
2026-04-06 18:29:10,588 [WARN] PackLoader:240 - Cannot read IP mode file for STMicroelectronics.X-CUBE-AZRTOS-H7.3.5.0
2026-04-06 18:29:10,612 [WARN] PackLoader:240 - Cannot read IP mode file for STMicroelectronics.FP-ATR-ASTRA1.2.0.2
2026-04-06 18:29:10,621 [WARN] PackLoader:240 - Cannot read IP mode file for STMicroelectronics.X-CUBE-SMBUS.2.1.0
2026-04-06 18:29:10,661 [WARN] PackLoader:240 - Cannot read IP mode file for STMicroelectronics.X-CUBE-AZRTOS-F7.1.1.0
2026-04-06 18:29:10,682 [WARN] PackLoader:240 - Cannot read IP mode file for STMicroelectronics.FP-SNS-MOTENV1.5.1.0
2026-04-06 18:29:10,702 [WARN] PackLoader:240 - Cannot read IP mode file for WES.I-CUBE-Cesium.1.4.0
2026-04-06 18:29:10,726 [WARN] PackLoader:240 - Cannot read IP mode file for STMicroelectronics.X-CUBE-DISPLAY.3.0.0
2026-04-06 18:29:10,761 [WARN] PackLoader:240 - Cannot read IP mode file for STMicroelectronics.FP-SNS-MOTENVWB1.1.5.0
2026-04-06 18:29:10,801 [WARN] PackLoader:240 - Cannot read IP mode file for STMicroelectronics.X-CUBE-NFC10.1.0.0
2026-04-06 18:29:10,820 [WARN] PackLoader:240 - Cannot read IP mode file for STMicroelectronics.X-CUBE-ST60.1.1.0
2026-04-06 18:29:10,843 [WARN] PackLoader:240 - Cannot read IP mode file for emotas.I-CUBE-CANOPEN.1.3.0
2026-04-06 18:29:10,854 [WARN] PackLoader:240 - Cannot read IP mode file for STMicroelectronics.X-CUBE-GNSS1.7.1.0
2026-04-06 18:29:10,879 [WARN] PackLoader:240 - Cannot read IP mode file for STMicroelectronics.FP-SNS-STBOX1.2.1.0
2026-04-06 18:29:10,895 [WARN] PackLoader:240 - Cannot read IP mode file for STMicroelectronics.FP-SNS-SMARTAG2.1.2.0
2026-04-06 18:29:10,909 [WARN] PackLoader:240 - Cannot read IP mode file for STMicroelectronics.FP-SNS-FLIGHT1.5.1.0
2026-04-06 18:29:10,937 [INFO] LogOutputStream:77 - [STDOUT_REDIRECT] 1 : Invalid condition id : UX_CORESTACK_Condition cause : null
2026-04-06 18:29:10,939 [INFO] LogOutputStream:77 - [STDOUT_REDIRECT] 1 : Invalid condition id : UX_CORESTACK_Condition cause : null
2026-04-06 18:29:10,944 [INFO] LogOutputStream:77 - [STDOUT_REDIRECT] 1 : Invalid condition id : UX_CORESTACK_Condition cause : null
2026-04-06 18:29:10,947 [INFO] LogOutputStream:77 - [STDOUT_REDIRECT] 1 : Invalid condition id : UX_CORESTACK_Condition cause : null
2026-04-06 18:29:10,948 [INFO] LogOutputStream:77 - [STDOUT_REDIRECT] 1 : Invalid condition id : UX_CORESTACK_Condition cause : null
2026-04-06 18:29:10,953 [WARN] PackLoader:240 - Cannot read IP mode file for STMicroelectronics.X-CUBE-AZRTOS-WL.2.0.0
2026-04-06 18:29:11,003 [WARN] PackLoader:240 - Cannot read IP mode file for STMicroelectronics.X-CUBE-AZRTOS-H7RS.1.2.0
2026-04-06 18:29:11,016 [WARN] PackLoader:240 - Cannot read IP mode file for STMicroelectronics.X-CUBE-BLE2.3.3.0
2026-04-06 18:29:11,075 [WARN] PackLoader:240 - Cannot read IP mode file for Infineon.AIROC-Wi-Fi-Bluetooth-STM32.1.8.0
2026-04-06 18:29:11,093 [WARN] PackLoader:240 - Cannot read IP mode file for STMicroelectronics.X-CUBE-NFC9.1.0.0
2026-04-06 18:29:11,101 [WARN] PackLoader:240 - Cannot read IP mode file for STMicroelectronics.X-CUBE-BLE1.7.1.0
2026-04-06 18:29:11,113 [WARN] PackLoader:240 - Cannot read IP mode file for wolfSSL.I-CUBE-wolfMQTT.1.19.2
2026-04-06 18:29:11,122 [WARN] PackLoader:240 - Cannot read IP mode file for STMicroelectronics.X-CUBE-EEPRMA1.5.2.0
2026-04-06 18:29:11,133 [WARN] PackLoader:240 - Cannot read IP mode file for wolfSSL.I-CUBE-wolfSSL.5.8.4
2026-04-06 18:29:11,142 [WARN] PackLoader:240 - Cannot read IP mode file for Cesanta.I-CUBE-Mongoose.7.20.0
2026-04-06 18:29:11,377 [WARN] PackLoader:240 - Cannot read IP mode file for STMicroelectronics.X-CUBE-MEMS1.12.0.0
2026-04-06 18:29:11,693 [WARN] PackLoader:240 - Cannot read IP mode file for STMicroelectronics.X-CUBE-AZRTOS-G0.1.1.0
2026-04-06 18:29:11,705 [WARN] PackLoader:240 - Cannot read IP mode file for STMicroelectronics.X-CUBE-NFC4.3.0.0
2026-04-06 18:29:11,722 [WARN] PackLoader:240 - Cannot read IP mode file for EmbeddedOffice.I-CUBE-FS-RTOS.1.0.1
2026-04-06 18:29:11,736 [WARN] PackLoader:240 - Cannot read IP mode file for STMicroelectronics.X-CUBE-WB05N.2.0.0
2026-04-06 18:29:11,745 [WARN] PackLoader:240 - Cannot read IP mode file for wolfSSL.I-CUBE-wolfTPM.3.8.0
2026-04-06 18:29:11,755 [WARN] PackLoader:240 - Cannot read IP mode file for STMicroelectronics.X-CUBE-TCPP.4.2.0
2026-04-06 18:29:11,768 [WARN] PackLoader:240 - Cannot read IP mode file for RealThread.X-CUBE-RT-Thread_Nano.4.1.1
2026-04-06 18:29:11,776 [WARN] PackLoader:240 - Cannot read IP mode file for STMicroelectronics.FP-ATR-SIGFOX1.3.2.0
2026-04-06 18:29:11,784 [WARN] PackLoader:240 - Cannot read IP mode file for STMicroelectronics.X-CUBE-FREERTOS.1.5.0
2026-04-06 18:29:11,796 [WARN] PackLoader:240 - Cannot read IP mode file for ITTIA_DB.I-CUBE-ITTIADB.8.9.0
2026-04-06 18:29:11,820 [WARN] PackLoader:240 - Cannot read IP mode file for STMicroelectronics.X-CUBE-NFC6.3.2.0
2026-04-06 18:29:11,834 [WARN] PackLoader:240 - Cannot read IP mode file for STMicroelectronics.X-CUBE-AI.10.2.0
2026-04-06 18:29:11,909 [WARN] PackLoader:240 - Cannot read IP mode file for SEGGER.I-CUBE-embOS.1.3.1
2026-04-06 18:29:11,964 [WARN] PackLoader:240 - Cannot read IP mode file for STMicroelectronics.X-CUBE-ALGOBUILD.1.4.0
2026-04-06 18:29:11,971 [WARN] PackLoader:240 - Cannot read IP mode file for STMicroelectronics.X-CUBE-PM33A1.1.0.0
2026-04-06 18:29:11,993 [WARN] PackLoader:240 - Cannot read IP mode file for STMicroelectronics.X-CUBE-AZRTOS-F4.1.1.0
2026-04-06 18:29:12,231 [WARN] PackLoader:240 - Cannot read IP mode file for STMicroelectronics.X-CUBE-ISPU.2.1.0
2026-04-06 18:29:12,253 [WARN] PackLoader:240 - Cannot read IP mode file for STMicroelectronics.X-CUBE-IPS.3.2.0
2026-04-06 18:29:12,271 [WARN] PackLoader:240 - Cannot read IP mode file for STMicroelectronics.eDS-WB_DPC_TT-BIDIR.2.1.1
2026-04-06 18:29:12,283 [WARN] PackLoader:240 - Cannot read IP mode file for STMicroelectronics.X-CUBE-NFC12.1.0.0
2026-04-06 18:29:12,308 [WARN] PackLoader:240 - Cannot read IP mode file for STMicroelectronics.X-CUBE-AZRTOS-L5.2.0.0
2026-04-06 18:29:12,318 [WARN] PackLoader:240 - Cannot read IP mode file for STMicroelectronics.eDS-WB_DPC_VIENNA.1.2.0
2026-04-06 18:29:12,326 [WARN] PackLoader:240 - Cannot read IP mode file for STMicroelectronics.eDS-WB_DPC_3PH2L-BIDIR.1.1.1
2026-04-06 18:29:12,334 [WARN] PackLoader:240 - Cannot read IP mode file for STMicroelectronics.X-CUBE-TOUCHGFX.4.26.1
2026-04-06 18:29:12,349 [WARN] PackLoader:240 - Cannot read IP mode file for STMicroelectronics.FP-SNS-STAIOTCFT.1.0.0
2026-04-06 18:29:12,361 [WARN] PackLoader:240 - Cannot read IP mode file for STMicroelectronics.X-CUBE-DPower.1.3.0
2026-04-06 18:29:12,387 [WARN] ConditionMgr:438 - getConditionDescription Invalid condition id : LAN8742 Phy interface Condition cause : null
2026-04-06 18:29:12,388 [WARN] PackLoader:240 - Cannot read IP mode file for STMicroelectronics.X-CUBE-AZRTOS-L4.2.0.0
2026-04-06 18:29:12,392 [WARN] ConditionMgr:1044 - genDependencies : Invalid condition id : LAN8742 Phy interface Condition cause : null
2026-04-06 18:29:12,392 [WARN] ConditionMgr:1044 - genDependencies : Invalid condition id : LAN8742 Phy interface Condition cause : null
2026-04-06 18:29:12,392 [WARN] ConditionMgr:1044 - genDependencies : Invalid condition id : LAN8742 Phy interface Condition cause : null
2026-04-06 18:29:12,412 [WARN] PackLoader:240 - Cannot read IP mode file for STMicroelectronics.X-CUBE-SFXS2LP1.4.0.0
2026-04-06 18:29:12,426 [WARN] PackLoader:240 - Cannot read IP mode file for STMicroelectronics.X-CUBE-ST67W61.1.2.0
2026-04-06 18:29:12,441 [WARN] PackLoader:240 - Cannot read IP mode file for STMicroelectronics.X-CUBE-BLEMGR.4.1.0
2026-04-06 18:29:12,467 [WARN] ConditionMgr:438 - getConditionDescription Invalid condition id : UX DEVICE CLASS RTOS Condition cause : null
2026-04-06 18:29:12,467 [WARN] ConditionMgr:438 - getConditionDescription Invalid condition id : UX DEVICE CLASS RTOS Condition cause : null
2026-04-06 18:29:12,470 [WARN] PackLoader:240 - Cannot read IP mode file for STMicroelectronics.X-CUBE-AZRTOS-WB.2.0.0
2026-04-06 18:29:12,470 [WARN] ConditionMgr:1044 - genDependencies : Invalid condition id : UX DEVICE CLASS RTOS Condition cause : null
2026-04-06 18:29:12,471 [WARN] ConditionMgr:1044 - genDependencies : Invalid condition id : UX DEVICE CLASS RTOS Condition cause : null
2026-04-06 18:29:12,471 [WARN] ConditionMgr:1044 - genDependencies : Invalid condition id : UX DEVICE CLASS RTOS Condition cause : null
2026-04-06 18:29:12,474 [WARN] ConditionMgr:1044 - genDependencies : Invalid condition id : UX DEVICE CLASS RTOS Condition cause : null
2026-04-06 18:29:12,474 [WARN] ConditionMgr:1044 - genDependencies : Invalid condition id : UX DEVICE CLASS RTOS Condition cause : null
2026-04-06 18:29:12,495 [WARN] ConditionMgr:438 - getConditionDescription Invalid condition id : Cortex-A Device cause : null
2026-04-06 18:29:12,520 [WARN] ConditionMgr:1044 - genDependencies : Invalid condition id : Cortex-A Device cause : null
2026-04-06 18:29:12,521 [WARN] ConditionMgr:1044 - genDependencies : Invalid condition id : Cortex-A Device cause : null
2026-04-06 18:29:12,521 [WARN] ConditionMgr:1044 - genDependencies : Invalid condition id : Cortex-A Device cause : null
2026-04-06 18:29:12,543 [WARN] PackLoader:240 - Cannot read IP mode file for STMicroelectronics.X-CUBE-STSE01.2.0.0
2026-04-06 18:29:12,561 [WARN] PackLoader:240 - Cannot read IP mode file for STMicroelectronics.X-CUBE-SUBG2.5.0.0
2026-04-06 18:29:12,592 [WARN] PackLoader:240 - Cannot read IP mode file for STMicroelectronics.X-CUBE-AZRTOS-G4.2.0.0
2026-04-06 18:29:12,760 [WARN] PackLoader:240 - Cannot read IP mode file for wolfSSL.I-CUBE-wolfSSH.1.4.20
2026-04-06 18:29:12,766 [WARN] PackLoader:240 - Cannot read IP mode file for STMicroelectronics.X-CUBE-NFC7.2.0.0
2026-04-06 18:29:12,774 [WARN] PackLoader:240 - Cannot read IP mode file for STMicroelectronics.X-CUBE-ALS.1.0.2
2026-04-06 18:29:12,786 [WARN] PackLoader:240 - Cannot read IP mode file for STMicroelectronics.X-CUBE-TOF1.3.4.3
2026-04-06 18:29:12,796 [INFO] ThirdParty:978 - Integrity check success = true
2026-04-06 18:29:12,796 [INFO] IntegrityCheckThread:100 - exiting critical section [integrity check]
2026-04-06 18:29:12,796 [INFO] IntegrityCheckThread:103 - End integrity checks thread
2026-04-06 18:29:13,154 [INFO] WebApp:169 - Instantiating new browser for Auth
2026-04-06 18:29:15,439 [INFO] WebApp:463 - Apply proxy settings
2026-04-06 18:29:15,440 [INFO] WebApp:548 - Chromium requires no authentication
2026-04-06 18:29:15,464 [INFO] WebApp:491 - Direct internet connection detected
2026-04-06 18:29:15,523 [INFO] WebApp:900 - Register for checkConnection events
2026-04-06 18:29:15,523 [INFO] WebApp:463 - Apply proxy settings
2026-04-06 18:29:15,523 [INFO] WebApp:548 - Chromium requires no authentication
2026-04-06 18:29:15,524 [INFO] WebApp:491 - Direct internet connection detected
2026-04-06 18:29:15,840 [INFO] WebApp:225 - Starting web application
2026-04-06 18:29:15,840 [INFO] WebApp:593 - Web application path used C:\ST\STM32CubeIDE_1.19.0\STM32CubeIDE\plugins\com.st.stm32cube.common.mx_6.15.0.202507011659\db\plugins\mcufinder\reactClient1\index.html
2026-04-06 18:29:16,702 [INFO] UserAuth:487 - Internet connection configuration mode: 1
2026-04-06 18:29:18,005 [INFO] WebApp:191 - Connection restablished
2026-04-06 18:37:44,875 [ERROR] LogOutputStream:75 - [STDERR_REDIRECT] 
